elf_F_EHDR=e_ident,e_type,e_machine,e_version,e_entry,e_phoff,e_shoff,e_flags,e_ehsize,e_phentsize,e_phnum,e_shentsize,e_shnum,e_shstrndx
elf_F_SHDR=sh_name,sh_type,sh_flags,sh_addr,sh_offset,sh_size,sh_link,sh_info,sh_addralign,sh_entsize
elf_F_SYM64=st_name,st_info,st_other,st_shndx,st_value,st_size
elf_F_SYM32=st_name,st_value,st_size,st_info,st_other,st_shndx
elf_F_RELA=r_offset,r_info,r_addend
elf_F_REL=r_offset,r_info
elf_c_ELFMAG=2135247942
elf_c_EI_CLASS=4
elf_c_ELFCLASS32=1
elf_c_ELFCLASS64=2
elf_c_SHT_NULL=0
elf_c_SHT_PROGBITS=1
elf_c_SHT_SYMTAB=2
elf_c_SHT_STRTAB=3
elf_c_SHT_RELA=4
elf_c_SHT_NOBITS=8
elf_c_SHT_REL=9
elf_c_SHF_WRITE=1
elf_c_SHF_ALLOC=2
elf_c_SHF_EXECINSTR=4
elf_blk_hexlen=4240
elf_blk_bytes=2120
elf_blk_u8_0=127
elf_blk_u8_1=69
elf_blk_u8_3=70
elf_blk_u8_4=2
elf_blk_le16_16=1
elf_blk_le16_18=62
elf_blk_le32_20=1
elf_blk_le32_40=1160
elf_blk_le32_44=0
elf_blk_le32_56=4194304
elf_blk_le32_60=65551
elf_blk_magic_hex=7f454c46
elf_blk_slice_0_4=7f454c46
elf_blk_slice_4_4=02010100
elf_blk_slice_896_16=08000000000000000100000005000000
elf_hexval_0=0
elf_hexval_9=9
elf_hexval_a=10
elf_hexval_f=15
elf_hexval_A=10
elf_hexval_F=15
elf_hexval_z=15
elf_hexval_g=15
elf_hexval_slash=15
elf_hexdig=0123456789abcdef
elf_hexof_deadbeef=deadbeef
elf_hexof_0=00000000
elf_hexof_ffffffff=ffffffff
elf_hexpair_1234=3412
elf_hexu8_ff=ff
elf_hexu8_00=00
elf_magic_e64=1
elf_ei_class_e64=2
elf_ecls_e64=Elf64
elf_is64_e64=1
elf_magic_ea64=1
elf_ei_class_ea64=2
elf_ecls_ea64=Elf64
elf_is64_ea64=1
elf_magic_e32=1
elf_ei_class_e32=1
elf_ecls_e32=Elf32
elf_is64_e32=0
elf_magic_n64=1
elf_ei_class_n64=2
elf_ecls_n64=Elf64
elf_is64_n64=1
elf_magic_na64=1
elf_ei_class_na64=2
elf_ecls_na64=Elf64
elf_is64_na64=1
elf_magic_n32=1
elf_ei_class_n32=1
elf_ecls_n32=Elf32
elf_is64_n32=0
elf_magic_ja64=1
elf_ei_class_ja64=2
elf_ecls_ja64=Elf64
elf_is64_ja64=1
elf_magic_r64so=1
elf_ei_class_r64so=2
elf_ecls_r64so=Elf64
elf_is64_r64so=1
elf_magic_rx64exe=1
elf_ei_class_rx64exe=2
elf_ecls_rx64exe=Elf64
elf_is64_rx64exe=1
elf_ehdr_size64=64
elf_ehdr_size32=52
elf_shdr_size64=64
elf_shdr_size32=40
elf_sym_size64=24
elf_sym_size32=16
elf_eident_size=16
elf_hdr_e64_ehsize=64
elf_hdr_e64_shoff=0:1160
elf_hdr_e64_phoff=0:0
elf_hdr_e64_entry=0:0
elf_hdr_e64_shnum=15
elf_hdr_e64_shstrndx=1
elf_hdr_e64_shentsize_declared=64
elf_hdr_e64_shdr_stride=64
elf_hdr_e64_shdr_nfields=6
elf_hdr_e64_magic=7f454c46
elf_hdr_e64_bytes=2120
elf_hdr_e64_is64=True
elf_hdr_e64_hdr=e_type@16:1,e_machine@18:62,e_version@20:1,e_entry@24:0:0,e_phoff@32:0:0,e_shoff@40:0:1160,e_flags@48:0,e_ehsize@52:64,e_phentsize@54:0,e_phnum@56:0,e_shentsize@58:64,e_shnum@60:15,e_shstrndx@62:1
elf_sec_e64_nsec=15
elf_sec_e64_hdrtxt=sh_name@0:0,sh_type@4:0,sh_flags@8:0:0,sh_addr@16:0:0,sh_offset@24:0:0,sh_size@32:0:0,sh_link@40:0,sh_info@44:0,sh_addralign@48:0:0,sh_entsize@56:0:0;sh_name@0:98,sh_type@4:3,sh_flags@8:0:0,sh_addr@16:0:0,sh_offset@24:0:968,sh_size@32:0:191,sh_link@40:0,sh_info@44:0,sh_addralign@48:0:1,sh_entsize@56:0:0;sh_name@0:6,sh_type@4:1,sh_flags@8:0:6,sh_addr@16:0:0,sh_offset@24:0:64,sh_size@32:0:179,sh_link@40:0,sh_info@44:0,sh_addralign@48:0:16,sh_entsize@56:0:0;sh_name@0:1,sh_type@4:4,sh_flags@8:0:64,sh_addr@16:0:0,sh_offset@24:0:752,sh_size@32:0:144,sh_link@40:14,sh_info@44:2,sh_addralign@48:0:8,sh_entsize@56:0:24;sh_name@0:140,sh_type@4:1,sh_flags@8:0:18,sh_addr@16:0:0,sh_offset@24:0:248,sh_size@32:0:8,sh_link@40:0,sh_info@44:0,sh_addralign@48:0:8,sh_entsize@56:0:8;sh_name@0:134,sh_type@4:1,sh_flags@8:0:3,sh_addr@16:0:0,sh_offset@24:0:256,sh_size@32:0:16,sh_link@40:0,sh_info@44:0,sh_addralign@48:0:8,sh_entsize@56:0:0;sh_name@0:129,sh_type@4:4,sh_flags@8:0:64,sh_addr@16:0:0,sh_offset@24:0:896,sh_size@32:0:24,sh_link@40:14,sh_info@44:5,sh_addralign@48:0:8,sh_entsize@56:0:24;sh_name@0:153,sh_type@4:1,sh_flags@8:0:18,sh_addr@16:0:0,sh_offset@24:0:272,sh_size@32:0:32,sh_link@40:0,sh_info@44:0,sh_addralign@48:0:16,sh_entsize@56:0:32;sh_name@0:167,sh_type@4:1,sh_flags@8:0:50,sh_addr@16:0:0,sh_offset@24:0:304,sh_size@32:0:10,sh_link@40:0,sh_info@44:0,sh_addralign@48:0:1,sh_entsize@56:0:1;sh_name@0:12,sh_type@4:1,sh_flags@8:0:48,sh_addr@16:0:0,sh_offset@24:0:314,sh_size@32:0:49,sh_link@40:0,sh_info@44:0,sh_addralign@48:0:1,sh_entsize@56:0:1;sh_name@0:44,sh_type@4:1,sh_flags@8:0:0,sh_addr@16:0:0,sh_offset@24:0:363,sh_size@32:0:0,sh_link@40:0,sh_info@44:0,sh_addralign@48:0:1,sh_entsize@56:0:0;sh_name@0:83,sh_type@4:1879048193,sh_flags@8:0:2,sh_addr@16:0:0,sh_offset@24:0:368,sh_size@32:0:96,sh_link@40:0,sh_info@44:0,sh_addralign@48:0:8,sh_entsize@56:0:0;sh_name@0:78,sh_type@4:4,sh_flags@8:0:64,sh_addr@16:0:0,sh_offset@24:0:920,sh_size@32:0:48,sh_link@40:14,sh_info@44:11,sh_addralign@48:0:8,sh_entsize@56:0:24;sh_name@0:64,sh_type@4:1879002115,sh_flags@8:0:2147483648,sh_addr@16:0:0,sh_offset@24:0:968,sh_size@32:0:0,sh_link@40:14,sh_info@44:0,sh_addralign@48:0:1,sh_entsize@56:0:0;sh_name@0:106,sh_type@4:2,sh_flags@8:0:0,sh_addr@16:0:0,sh_offset@24:0:464,sh_size@32:0:288,sh_link@40:1,sh_info@44:6,sh_addralign@48:0:8,sh_entsize@56:0:24
elf_sec_e64_names=,.strtab,.text,.rela.text,.rodata.cst8,.data,.rela.data,.rodata.cst32,.rodata.str1.1,.comment,.note.GNU-stack,.eh_frame,.rela.eh_frame,.llvm_addrsig,.symtab
elf_sec_e64_sh_name=0,98,6,1,140,134,129,153,167,12,44,83,78,64,106
elf_sec_e64_sh_type=0,3,1,4,1,1,4,1,1,1,1,1879048193,4,1879002115,2
elf_sec_e64_sh_link=0,0,0,14,0,0,14,0,0,0,0,0,14,14,1
elf_sec_e64_sh_info=0,0,0,2,0,0,5,0,0,0,0,0,11,0,6
elf_sec_e64_sh_flags=0:0,0:0,0:6,0:64,0:18,0:3,0:64,0:18,0:50,0:48,0:0,0:2,0:64,0:2147483648,0:0
elf_sec_e64_sh_addr=0:0,0:0,0:0,0:0,0:0,0:0,0:0,0:0,0:0,0:0,0:0,0:0,0:0,0:0,0:0
elf_sec_e64_sh_offset=0:0,0:968,0:64,0:752,0:248,0:256,0:896,0:272,0:304,0:314,0:363,0:368,0:920,0:968,0:464
elf_sec_e64_sh_size=0:0,0:191,0:179,0:144,0:8,0:16,0:24,0:32,0:10,0:49,0:0,0:96,0:48,0:0,0:288
elf_sec_e64_sh_entsize=0:0,0:0,0:0,0:24,0:8,0:0,0:24,0:32,0:1,0:1,0:0,0:0,0:24,0:0,0:24
elf_sec_e64_content_lens=0,191,179,144,8,16,24,32,10,49,0,96,48,0,288
elf_sec_e64_content0=
elf_sec_e64_content1=002e72656c612e74
elf_sec_e64_shstrtab_bytes=191
elf_str_e64_shstrtab_bytes=191
elf_str_e64_shstrtab_head=002e72656c612e74657874002e636f6d
elf_str_e64_names=,.strtab,.text,.rela.text,.rodata.cst8,.data,.rela.data,.rodata.cst32,.rodata.str1.1,.comment,.note.GNU-stack,.eh_frame,.rela.eh_frame,.llvm_addrsig,.symtab
elf_built_e64_prealloc=0
elf_built_e64_nprogbits=7
elf_built_e64_nprogbits_fixed=0
elf_built_e64_nprogbits_reloc=7
elf_built_e64_align_max=16
elf_built_e64_ok=1
elf_built_e64_len=299
elf_built_e64_digest=68253345
elf_built_e64_head=554156534883ec2085ff7e7089fb31ed660f57db4c8d3500000000660f57d2f2
elf_built_e64_tail=696f6e2032312e302e302028636c616e672d323130302e312e312e3130312900
elf_built_e64_zeros=86
elf_built_e64_addrs=0:0,0:0,0:0,0:0,0:184,0:192,0:0,0:208,0:240,0:250,0:299,0:0,0:0,0:0,0:0
elf_built_e64_content_lens=0,191,179,144,8,16,24,32,10,49,0,96,48,0,288
elf_built_e64_content0=
elf_built_e64_content1=002e72656c612e74657874002e636f6d6d656e740068656c7065720062756d70006578745f666e0074626c002e6e6f74652e474e552d737461636b006d7367002e6c6c766d5f61646472736967002e72656c612e65685f6672616d650065322e63002e737472746162002e73796d746162006764617461006578745f64617461002e72656c612e64617461002e726f646174612e63737438002e726f646174612e6373743332002e726f646174612e737472312e31002e4c435049305f3000
elf_built_e64_nrelocs=7
elf_built_e64_relocs=0:23:0:208:2:-4,0:86:1:53331104:4:-4,0:112:0:184:2:-4,0:131:1:53362688:42:-4,0:163:0:192:42:-4,0:170:1:53362688:42:-4,0:200:0:240:1:0
elf_built_e64_reloc_addrs=0:23,0:86,0:112,0:131,0:163,0:170,0:200
elf_built_e64_reloc_tgts=0:208,1:53331104,0:184,1:53362688,0:192,1:53362688,0:240
elf_built_e64_reloc_types=2,4,2,42,42,42,1
elf_built_e64_reloc_addends=-4,-4,-4,-4,-4,-4,0
elf_jit_e64_ok=0
elf_jit_e64_err=NotImplementedError
elf_sym_e64_idx=14
elf_sym_e64_n=12
elf_sym_e64_entsize=24
elf_sym_e64_order=st_name,st_info,st_other,st_shndx,st_value,st_size
elf_sym_e64_nameoff=0,93,0,182,40,0,21,33,120,28,114,60
elf_sym_e64_value=0,0,0,0,0,0,0,0,0,160,0,8
elf_sym_e64_info=0,4,3,0,1,3,18,16,16,18,17,17
elf_sym_e64_other=0,0,0,0,0,0,0,0,0,0,0,0
elf_sym_e64_shndx=0,65521,2,4,7,8,2,0,0,2,5,5
elf_sym_e64_size=0,0,0,0,32,0,155,0,0,19,4,8
elf_sym_e64_first=st_name@0:0,st_info@4:0,st_other@5:0,st_shndx@6:0,st_value@8:0,st_size@16:0
elf_sym_e64_last=st_name@0:60,st_info@4:17,st_other@5:0,st_shndx@6:5,st_value@8:8,st_size@16:8
elf_al_e64_a1_nreloc_pbits=7
elf_al_e64_a1_align_used=16,8,8,16,1,1,1
elf_al_e64_a1_model_len=299
elf_al_e64_a1_model_addrs=0,184,192,208,240,250,299
elf_al_e64_a1_ok=1
elf_al_e64_a1_len=299
elf_al_e64_a1_addrs=0:0,0:0,0:0,0:0,0:184,0:192,0:0,0:208,0:240,0:250,0:299,0:0,0:0,0:0,0:0
elf_al_e64_a4_nreloc_pbits=7
elf_al_e64_a4_align_used=16,8,8,16,4,4,4
elf_al_e64_a4_model_len=304
elf_al_e64_a4_model_addrs=0,184,192,208,240,252,304
elf_al_e64_a4_ok=1
elf_al_e64_a4_len=304
elf_al_e64_a4_addrs=0:0,0:0,0:0,0:0,0:184,0:192,0:0,0:208,0:240,0:252,0:304,0:0,0:0,0:0,0:0
elf_al_e64_a16_nreloc_pbits=7
elf_al_e64_a16_align_used=16,16,16,16,16,16,16
elf_al_e64_a16_model_len=336
elf_al_e64_a16_model_addrs=0,192,208,224,256,272,336
elf_al_e64_a16_ok=1
elf_al_e64_a16_len=336
elf_al_e64_a16_addrs=0:0,0:0,0:0,0:0,0:192,0:208,0:0,0:224,0:256,0:272,0:336,0:0,0:0,0:0,0:0
elf_al_e64_a256_nreloc_pbits=7
elf_al_e64_a256_align_used=256,256,256,256,256,256,256
elf_al_e64_a256_model_len=1536
elf_al_e64_a256_model_addrs=0,256,512,768,1024,1280,1536
elf_al_e64_a256_ok=1
elf_al_e64_a256_len=1536
elf_al_e64_a256_addrs=0:0,0:0,0:0,0:0,0:256,0:512,0:0,0:768,0:1024,0:1280,0:1536,0:0,0:0,0:0,0:0
elf_hdr_ea64_ehsize=64
elf_hdr_ea64_shoff=0:1376
elf_hdr_ea64_phoff=0:0
elf_hdr_ea64_entry=0:0
elf_hdr_ea64_shnum=14
elf_hdr_ea64_shstrndx=1
elf_hdr_ea64_shentsize_declared=64
elf_hdr_ea64_shdr_stride=64
elf_hdr_ea64_shdr_nfields=6
elf_hdr_ea64_magic=7f454c46
elf_hdr_ea64_bytes=2272
elf_hdr_ea64_is64=True
elf_hdr_ea64_hdr=e_type@16:1,e_machine@18:183,e_version@20:1,e_entry@24:0:0,e_phoff@32:0:0,e_shoff@40:0:1376,e_flags@48:0,e_ehsize@52:64,e_phentsize@54:0,e_phnum@56:0,e_shentsize@58:64,e_shnum@60:14,e_shstrndx@62:1
elf_sec_ea64_nsec=14
elf_sec_ea64_hdrtxt=sh_name@0:0,sh_type@4:0,sh_flags@8:0:0,sh_addr@16:0:0,sh_offset@24:0:0,sh_size@32:0:0,sh_link@40:0,sh_info@44:0,sh_addralign@48:0:0,sh_entsize@56:0:0;sh_name@0:104,sh_type@4:3,sh_flags@8:0:0,sh_addr@16:0:0,sh_offset@24:0:1200,sh_size@32:0:175,sh_link@40:0,sh_info@44:0,sh_addralign@48:0:1,sh_entsize@56:0:0;sh_name@0:9,sh_type@4:1,sh_flags@8:0:6,sh_addr@16:0:0,sh_offset@24:0:64,sh_size@32:0:188,sh_link@40:0,sh_info@44:0,sh_addralign@48:0:4,sh_entsize@56:0:0;sh_name@0:4,sh_type@4:4,sh_flags@8:0:64,sh_addr@16:0:0,sh_offset@24:0:912,sh_size@32:0:216,sh_link@40:13,sh_info@44:2,sh_addralign@48:0:8,sh_entsize@56:0:24;sh_name@0:140,sh_type@4:1,sh_flags@8:0:3,sh_addr@16:0:0,sh_offset@24:0:256,sh_size@32:0:16,sh_link@40:0,sh_info@44:0,sh_addralign@48:0:8,sh_entsize@56:0:0;sh_name@0:135,sh_type@4:4,sh_flags@8:0:64,sh_addr@16:0:0,sh_offset@24:0:1128,sh_size@32:0:24,sh_link@40:13,sh_info@44:4,sh_addralign@48:0:8,sh_entsize@56:0:24;sh_name@0:146,sh_type@4:1,sh_flags@8:0:18,sh_addr@16:0:0,sh_offset@24:0:272,sh_size@32:0:32,sh_link@40:0,sh_info@44:0,sh_addralign@48:0:8,sh_entsize@56:0:32;sh_name@0:160,sh_type@4:1,sh_flags@8:0:50,sh_addr@16:0:0,sh_offset@24:0:304,sh_size@32:0:10,sh_link@40:0,sh_info@44:0,sh_addralign@48:0:1,sh_entsize@56:0:1;sh_name@0:15,sh_type@4:1,sh_flags@8:0:48,sh_addr@16:0:0,sh_offset@24:0:314,sh_size@32:0:49,sh_link@40:0,sh_info@44:0,sh_addralign@48:0:1,sh_entsize@56:0:1;sh_name@0:47,sh_type@4:1,sh_flags@8:0:0,sh_addr@16:0:0,sh_offset@24:0:363,sh_size@32:0:0,sh_link@40:0,sh_info@44:0,sh_addralign@48:0:1,sh_entsize@56:0:0;sh_name@0:86,sh_type@4:1,sh_flags@8:0:2,sh_addr@16:0:0,sh_offset@24:0:368,sh_size@32:0:112,sh_link@40:0,sh_info@44:0,sh_addralign@48:0:8,sh_entsize@56:0:0;sh_name@0:81,sh_type@4:4,sh_flags@8:0:64,sh_addr@16:0:0,sh_offset@24:0:1152,sh_size@32:0:48,sh_link@40:13,sh_info@44:10,sh_addralign@48:0:8,sh_entsize@56:0:24;sh_name@0:67,sh_type@4:1879002115,sh_flags@8:0:2147483648,sh_addr@16:0:0,sh_offset@24:0:1200,sh_size@32:0:0,sh_link@40:13,sh_info@44:0,sh_addralign@48:0:1,sh_entsize@56:0:0;sh_name@0:112,sh_type@4:2,sh_flags@8:0:0,sh_addr@16:0:0,sh_offset@24:0:480,sh_size@32:0:432,sh_link@40:1,sh_info@44:12,sh_addralign@48:0:8,sh_entsize@56:0:24
elf_sec_ea64_names=,.strtab,.text,.rela.text,.data,.rela.data,.rodata.cst32,.rodata.str1.1,.comment,.note.GNU-stack,.eh_frame,.rela.eh_frame,.llvm_addrsig,.symtab
elf_sec_ea64_sh_name=0,104,9,4,140,135,146,160,15,47,86,81,67,112
elf_sec_ea64_sh_type=0,3,1,4,1,4,1,1,1,1,1,4,1879002115,2
elf_sec_ea64_sh_link=0,0,0,13,0,13,0,0,0,0,0,13,13,1
elf_sec_ea64_sh_info=0,0,0,2,0,4,0,0,0,0,0,10,0,12
elf_sec_ea64_sh_flags=0:0,0:0,0:6,0:64,0:3,0:64,0:18,0:50,0:48,0:0,0:2,0:64,0:2147483648,0:0
elf_sec_ea64_sh_addr=0:0,0:0,0:0,0:0,0:0,0:0,0:0,0:0,0:0,0:0,0:0,0:0,0:0,0:0
elf_sec_ea64_sh_offset=0:0,0:1200,0:64,0:912,0:256,0:1128,0:272,0:304,0:314,0:363,0:368,0:1152,0:1200,0:480
elf_sec_ea64_sh_size=0:0,0:175,0:188,0:216,0:16,0:24,0:32,0:10,0:49,0:0,0:112,0:48,0:0,0:432
elf_sec_ea64_sh_entsize=0:0,0:0,0:0,0:24,0:0,0:24,0:32,0:1,0:1,0:0,0:0,0:24,0:0,0:24
elf_sec_ea64_content_lens=0,175,188,216,16,24,32,10,49,0,112,48,0,432
elf_sec_ea64_content0=
elf_sec_ea64_content1=002478002e72656c
elf_sec_ea64_shstrtab_bytes=175
elf_str_ea64_shstrtab_bytes=175
elf_str_ea64_shstrtab_head=002478002e72656c612e74657874002e
elf_str_ea64_names=,.strtab,.text,.rela.text,.data,.rela.data,.rodata.cst32,.rodata.str1.1,.comment,.note.GNU-stack,.eh_frame,.rela.eh_frame,.llvm_addrsig,.symtab
elf_built_ea64_prealloc=0
elf_built_ea64_nprogbits=7
elf_built_ea64_nprogbits_fixed=0
elf_built_ea64_nprogbits_reloc=7
elf_built_ea64_align_max=8
elf_built_ea64_ok=1
elf_built_ea64_len=416
elf_built_ea64_digest=1930183452
elf_built_ea64_head=eb2bbb6de923016dfd7b02a9f51b00f9f44f04a9fd8300911f0400718b020054
elf_built_ea64_tail=480649064a064b00140000005c00000000000000200000000000000000000000
elf_built_ea64_zeros=123
elf_built_ea64_addrs=0:0,0:0,0:0,0:0,0:192,0:0,0:208,0:240,0:250,0:299,0:304,0:0,0:0,0:0
elf_built_ea64_content_lens=0,175,188,216,16,24,32,10,49,0,112,48,0,432
elf_built_ea64_content0=
elf_built_ea64_content1=002478002e72656c612e74657874002e636f6d6d656e740068656c7065720062756d70006578745f666e0074626c002e6e6f74652e474e552d737461636b006d7367002e6c6c766d5f61646472736967002e72656c612e65685f6672616d650024640065322e63002e737472746162002e73796d746162006764617461006578745f64617461002e72656c612e64617461002e726f646174612e6373743332002e726f646174612e737472312e3100
elf_built_ea64_nrelocs=10
elf_built_ea64_relocs=0:56:0:208:275:0,0:60:0:208:277:0,0:84:1:53331104:283:0,0:112:1:53362688:311:0,0:116:1:53362688:312:0,0:156:0:192:311:0,0:160:1:53362688:311:0,0:164:0:192:312:0,0:168:1:53362688:312:0,0:200:0:240:257:0
elf_built_ea64_reloc_addrs=0:56,0:60,0:84,0:112,0:116,0:156,0:160,0:164,0:168,0:200
elf_built_ea64_reloc_tgts=0:208,0:208,1:53331104,1:53362688,1:53362688,0:192,1:53362688,0:192,1:53362688,0:240
elf_built_ea64_reloc_types=275,277,283,311,312,311,311,312,312,257
elf_built_ea64_reloc_addends=0,0,0,0,0,0,0,0,0,0
elf_jit_ea64_ok=0
elf_jit_ea64_err=NotImplementedError
elf_sym_ea64_idx=13
elf_sym_ea64_n=18
elf_sym_ea64_entsize=24
elf_sym_ea64_order=st_name,st_info,st_other,st_shndx,st_value,st_size
elf_sym_ea64_nameoff=0,99,0,1,43,96,0,96,0,96,96,96,24,36,126,31,120,63
elf_sym_ea64_value=0,0,0,0,0,0,0,0,0,0,0,0,0,0,0,156,0,8
elf_sym_ea64_info=0,4,3,0,1,0,3,0,3,0,0,0,18,16,16,18,17,17
elf_sym_ea64_other=0,0,0,0,0,0,0,0,0,0,0,0,0,0,0,0,0,0
elf_sym_ea64_shndx=0,65521,2,2,6,4,6,6,7,7,8,10,2,0,0,2,4,4
elf_sym_ea64_size=0,0,0,0,32,0,0,0,0,0,0,0,156,0,0,32,4,8
elf_sym_ea64_first=st_name@0:0,st_info@4:0,st_other@5:0,st_shndx@6:0,st_value@8:0,st_size@16:0
elf_sym_ea64_last=st_name@0:63,st_info@4:17,st_other@5:0,st_shndx@6:4,st_value@8:8,st_size@16:8
elf_al_ea64_a1_nreloc_pbits=7
elf_al_ea64_a1_align_used=4,8,8,1,1,1,8
elf_al_ea64_a1_model_len=416
elf_al_ea64_a1_model_addrs=0,192,208,240,250,299,304
elf_al_ea64_a1_ok=1
elf_al_ea64_a1_len=416
elf_al_ea64_a1_addrs=0:0,0:0,0:0,0:0,0:192,0:0,0:208,0:240,0:250,0:299,0:304,0:0,0:0,0:0
elf_al_ea64_a4_nreloc_pbits=7
elf_al_ea64_a4_align_used=4,8,8,4,4,4,8
elf_al_ea64_a4_model_len=416
elf_al_ea64_a4_model_addrs=0,192,208,240,252,304,304
elf_al_ea64_a4_ok=1
elf_al_ea64_a4_len=416
elf_al_ea64_a4_addrs=0:0,0:0,0:0,0:0,0:192,0:0,0:208,0:240,0:252,0:304,0:304,0:0,0:0,0:0
elf_al_ea64_a16_nreloc_pbits=7
elf_al_ea64_a16_align_used=16,16,16,16,16,16,16
elf_al_ea64_a16_model_len=432
elf_al_ea64_a16_model_addrs=0,192,208,240,256,320,320
elf_al_ea64_a16_ok=1
elf_al_ea64_a16_len=432
elf_al_ea64_a16_addrs=0:0,0:0,0:0,0:0,0:192,0:0,0:208,0:240,0:256,0:320,0:320,0:0,0:0,0:0
elf_al_ea64_a256_nreloc_pbits=7
elf_al_ea64_a256_align_used=256,256,256,256,256,256,256
elf_al_ea64_a256_model_len=1392
elf_al_ea64_a256_model_addrs=0,256,512,768,1024,1280,1280
elf_al_ea64_a256_ok=1
elf_al_ea64_a256_len=1392
elf_al_ea64_a256_addrs=0:0,0:0,0:0,0:0,0:256,0:0,0:512,0:768,0:1024,0:1280,0:1280,0:0,0:0,0:0
elf_hdr_e32_ehsize=52
elf_hdr_e32_shoff=0:992
elf_hdr_e32_phoff=0:0
elf_hdr_e32_entry=0:0
elf_hdr_e32_shnum=15
elf_hdr_e32_shstrndx=1
elf_hdr_e32_shentsize_declared=40
elf_hdr_e32_shdr_stride=40
elf_hdr_e32_shdr_nfields=4
elf_hdr_e32_magic=7f454c46
elf_hdr_e32_bytes=1592
elf_hdr_e32_is64=False
elf_hdr_e32_hdr=e_type@16:1,e_machine@18:3,e_version@20:1,e_entry@24:0:0,e_phoff@32:0:0,e_shoff@40:0:992,e_flags@48:0,e_ehsize@52:52,e_phentsize@54:0,e_phnum@56:0,e_shentsize@58:40,e_shnum@60:15,e_shstrndx@62:1
elf_sec_e32_nsec=15
elf_sec_e32_hdrtxt=sh_name@0:0,sh_type@4:0,sh_flags@8:0,sh_addr@12:0,sh_offset@16:0,sh_size@20:0,sh_link@24:0,sh_info@28:0,sh_addralign@32:0,sh_entsize@36:0;sh_name@0:96,sh_type@4:3,sh_flags@8:0,sh_addr@12:0,sh_offset@16:780,sh_size@20:210,sh_link@24:0,sh_info@28:0,sh_addralign@32:1,sh_entsize@36:0;sh_name@0:5,sh_type@4:1,sh_flags@8:6,sh_addr@12:0,sh_offset@16:64,sh_size@20:205,sh_link@24:0,sh_info@28:0,sh_addralign@32:16,sh_entsize@36:0;sh_name@0:1,sh_type@4:9,sh_flags@8:64,sh_addr@12:0,sh_offset@16:692,sh_size@20:64,sh_link@24:14,sh_info@28:2,sh_addralign@32:4,sh_entsize@36:8;sh_name@0:159,sh_type@4:1,sh_flags@8:18,sh_addr@12:0,sh_offset@16:272,sh_size@20:8,sh_link@24:0,sh_info@28:0,sh_addralign@32:8,sh_entsize@36:8;sh_name@0:131,sh_type@4:1,sh_flags@8:3,sh_addr@12:0,sh_offset@16:280,sh_size@20:8,sh_link@24:0,sh_info@28:0,sh_addralign@32:4,sh_entsize@36:0;sh_name@0:127,sh_type@4:9,sh_flags@8:64,sh_addr@12:0,sh_offset@16:756,sh_size@20:8,sh_link@24:14,sh_info@28:5,sh_addralign@32:4,sh_entsize@36:8;sh_name@0:172,sh_type@4:1,sh_flags@8:18,sh_addr@12:0,sh_offset@16:288,sh_size@20:32,sh_link@24:0,sh_info@28:0,sh_addralign@32:8,sh_entsize@36:32;sh_name@0:186,sh_type@4:1,sh_flags@8:50,sh_addr@12:0,sh_offset@16:320,sh_size@20:10,sh_link@24:0,sh_info@28:0,sh_addralign@32:1,sh_entsize@36:1;sh_name@0:11,sh_type@4:1,sh_flags@8:48,sh_addr@12:0,sh_offset@16:330,sh_size@20:49,sh_link@24:0,sh_info@28:0,sh_addralign@32:1,sh_entsize@36:1;sh_name@0:43,sh_type@4:1,sh_flags@8:0,sh_addr@12:0,sh_offset@16:379,sh_size@20:0,sh_link@24:0,sh_info@28:0,sh_addralign@32:1,sh_entsize@36:0;sh_name@0:81,sh_type@4:1,sh_flags@8:2,sh_addr@12:0,sh_offset@16:380,sh_size@20:104,sh_link@24:0,sh_info@28:0,sh_addralign@32:4,sh_entsize@36:0;sh_name@0:77,sh_type@4:9,sh_flags@8:64,sh_addr@12:0,sh_offset@16:764,sh_size@20:16,sh_link@24:14,sh_info@28:11,sh_addralign@32:4,sh_entsize@36:8;sh_name@0:63,sh_type@4:1879002115,sh_flags@8:2147483648,sh_addr@12:0,sh_offset@16:780,sh_size@20:0,sh_link@24:14,sh_info@28:0,sh_addralign@32:1,sh_entsize@36:0;sh_name@0:104,sh_type@4:2,sh_flags@8:0,sh_addr@12:0,sh_offset@16:484,sh_size@20:208,sh_link@24:1,sh_info@28:6,sh_addralign@32:4,sh_entsize@36:16
elf_sec_e32_names=,.strtab,.text,.rel.text,.rodata.cst8,.data,.rel.data,.rodata.cst32,.rodata.str1.1,.comment,.note.GNU-stack,.eh_frame,.rel.eh_frame,.llvm_addrsig,.symtab
elf_sec_e32_sh_name=0,96,5,1,159,131,127,172,186,11,43,81,77,63,104
elf_sec_e32_sh_type=0,3,1,9,1,1,9,1,1,1,1,1,9,1879002115,2
elf_sec_e32_sh_link=0,0,0,14,0,0,14,0,0,0,0,0,14,14,1
elf_sec_e32_sh_info=0,0,0,2,0,0,5,0,0,0,0,0,11,0,6
elf_sec_e32_sh_flags=0:0,0:0,0:6,0:64,0:18,0:3,0:64,0:18,0:50,0:48,0:0,0:2,0:64,0:2147483648,0:0
elf_sec_e32_sh_addr=0:0,0:0,0:0,0:0,0:0,0:0,0:0,0:0,0:0,0:0,0:0,0:0,0:0,0:0,0:0
elf_sec_e32_sh_offset=0:0,0:780,0:64,0:692,0:272,0:280,0:756,0:288,0:320,0:330,0:379,0:380,0:764,0:780,0:484
elf_sec_e32_sh_size=0:0,0:210,0:205,0:64,0:8,0:8,0:8,0:32,0:10,0:49,0:0,0:104,0:16,0:0,0:208
elf_sec_e32_sh_entsize=0:0,0:0,0:0,0:8,0:8,0:0,0:8,0:32,0:1,0:1,0:0,0:0,0:8,0:0,0:16
elf_sec_e32_content_lens=0,210,205,64,8,8,8,32,10,49,0,104,16,0,208
elf_sec_e32_content0=
elf_sec_e32_content1=002e72656c2e7465
elf_sec_e32_shstrtab_bytes=210
elf_str_e32_shstrtab_bytes=210
elf_str_e32_shstrtab_head=002e72656c2e74657874002e636f6d6d
elf_str_e32_names=,.strtab,.text,.rel.text,.rodata.cst8,.data,.rel.data,.rodata.cst32,.rodata.str1.1,.comment,.note.GNU-stack,.eh_frame,.rel.eh_frame,.llvm_addrsig,.symtab
elf_built_e32_prealloc=0
elf_built_e32_nprogbits=8
elf_built_e32_nprogbits_fixed=0
elf_built_e32_nprogbits_reloc=8
elf_built_e32_align_max=16
elf_built_e32_ok=1
elf_built_e32_len=420
elf_built_e32_digest=409482592
elf_built_e32_head=53575683ec30e8000000005b81c3030000008b74244885f67e6f31ff660f57d2
elf_built_e32_tail=410e08410e0400001400000054000000b00000001d00000000450e08410e0400
elf_built_e32_zeros=125
elf_built_e32_addrs=0:0,0:0,0:0,0:0,0:208,0:216,0:0,0:224,0:256,0:266,0:315,0:316,0:0,0:0,0:0
elf_built_e32_content_lens=0,210,205,64,8,8,8,32,10,49,0,104,16,0,208
elf_built_e32_content0=
elf_built_e32_content1=002e72656c2e74657874002e636f6d6d656e740068656c7065720062756d70006578745f666e0074626c002e6e6f74652e474e552d737461636b006d7367002e6c6c766d5f61646472736967002e72656c2e65685f6672616d650065322e63002e737472746162002e73796d746162006764617461006578745f64617461002e72656c2e64617461005f474c4f42414c5f4f46465345545f5441424c455f002e726f646174612e63737438002e726f646174612e6373743332002e726f646174612e737472312e31002e4c435049305f3000
elf_built_e32_nrelocs=9
elf_built_e32_relocs=0:14:1:53362696:10:0,0:36:0:208:9:0,0:80:0:224:9:0,0:108:1:53331104:4:0,0:143:1:53362688:43:0,0:184:1:53362696:10:0,0:190:0:216:43:0,0:196:1:53362688:43:0,0:220:0:256:1:0
elf_built_e32_reloc_addrs=0:14,0:36,0:80,0:108,0:143,0:184,0:190,0:196,0:220
elf_built_e32_reloc_tgts=1:53362696,0:208,0:224,1:53331104,1:53362688,1:53362696,0:216,1:53362688,0:256
elf_built_e32_reloc_types=10,9,9,4,43,10,43,43,1
elf_built_e32_reloc_addends=0,0,0,0,0,0,0,0,0
elf_jit_e32_ok=0
elf_jit_e32_err=NotImplementedError
elf_sym_e32_idx=14
elf_sym_e32_n=13
elf_sym_e32_entsize=16
elf_sym_e32_order=st_name,st_value,st_size,st_info,st_other,st_shndx
elf_sym_e32_nameoff=0,91,0,201,39,0,20,137,32,118,27,112,59
elf_sym_e32_value=0,0,0,0,0,0,0,0,0,0,176,0,4
elf_sym_e32_info=0,4,3,0,1,3,18,16,16,16,18,17,17
elf_sym_e32_other=0,0,0,0,0,0,0,0,0,0,0,0,0
elf_sym_e32_shndx=0,65521,2,4,7,8,2,0,0,0,2,5,5
elf_sym_e32_size=0,0,0,0,32,0,175,0,0,0,29,4,4
elf_sym_e32_first=st_name@0:0,st_value@4:0,st_size@8:0,st_info@12:0,st_other@13:0,st_shndx@14:0
elf_sym_e32_last=st_name@0:59,st_value@4:4,st_size@8:4,st_info@12:17,st_other@13:0,st_shndx@14:5
elf_al_e32_a1_nreloc_pbits=8
elf_al_e32_a1_align_used=16,8,4,8,1,1,1,4
elf_al_e32_a1_model_len=420
elf_al_e32_a1_model_addrs=0,208,216,224,256,266,315,316
elf_al_e32_a1_ok=1
elf_al_e32_a1_len=420
elf_al_e32_a1_addrs=0:0,0:0,0:0,0:0,0:208,0:216,0:0,0:224,0:256,0:266,0:315,0:316,0:0,0:0,0:0
elf_al_e32_a4_nreloc_pbits=8
elf_al_e32_a4_align_used=16,8,4,8,4,4,4,4
elf_al_e32_a4_model_len=424
elf_al_e32_a4_model_addrs=0,208,216,224,256,268,320,320
elf_al_e32_a4_ok=1
elf_al_e32_a4_len=424
elf_al_e32_a4_addrs=0:0,0:0,0:0,0:0,0:208,0:216,0:0,0:224,0:256,0:268,0:320,0:320,0:0,0:0,0:0
elf_al_e32_a16_nreloc_pbits=8
elf_al_e32_a16_align_used=16,16,16,16,16,16,16,16
elf_al_e32_a16_model_len=456
elf_al_e32_a16_model_addrs=0,208,224,240,272,288,352,352
elf_al_e32_a16_ok=1
elf_al_e32_a16_len=456
elf_al_e32_a16_addrs=0:0,0:0,0:0,0:0,0:208,0:224,0:0,0:240,0:272,0:288,0:352,0:352,0:0,0:0,0:0
elf_al_e32_a256_nreloc_pbits=8
elf_al_e32_a256_align_used=256,256,256,256,256,256,256,256
elf_al_e32_a256_model_len=1640
elf_al_e32_a256_model_addrs=0,256,512,768,1024,1280,1536,1536
elf_al_e32_a256_ok=1
elf_al_e32_a256_len=1640
elf_al_e32_a256_addrs=0:0,0:0,0:0,0:0,0:256,0:512,0:0,0:768,0:1024,0:1280,0:1536,0:1536,0:0,0:0,0:0
elf_hdr_n64_ehsize=64
elf_hdr_n64_shoff=0:1160
elf_hdr_n64_phoff=0:0
elf_hdr_n64_entry=0:0
elf_hdr_n64_shnum=15
elf_hdr_n64_shstrndx=1
elf_hdr_n64_shentsize_declared=64
elf_hdr_n64_shdr_stride=64
elf_hdr_n64_shdr_nfields=6
elf_hdr_n64_magic=7f454c46
elf_hdr_n64_bytes=2120
elf_hdr_n64_is64=True
elf_hdr_n64_hdr=e_type@16:1,e_machine@18:62,e_version@20:1,e_entry@24:0:0,e_phoff@32:0:0,e_shoff@40:0:1160,e_flags@48:0,e_ehsize@52:64,e_phentsize@54:0,e_phnum@56:0,e_shentsize@58:64,e_shnum@60:15,e_shstrndx@62:1
elf_sec_n64_nsec=15
elf_sec_n64_hdrtxt=sh_name@0:0,sh_type@4:0,sh_flags@8:0:0,sh_addr@16:0:0,sh_offset@24:0:0,sh_size@32:0:0,sh_link@40:0,sh_info@44:0,sh_addralign@48:0:0,sh_entsize@56:0:0;sh_name@0:98,sh_type@4:3,sh_flags@8:0:0,sh_addr@16:0:0,sh_offset@24:0:968,sh_size@32:0:191,sh_link@40:0,sh_info@44:0,sh_addralign@48:0:1,sh_entsize@56:0:0;sh_name@0:6,sh_type@4:1,sh_flags@8:0:6,sh_addr@16:0:0,sh_offset@24:0:64,sh_size@32:0:176,sh_link@40:0,sh_info@44:0,sh_addralign@48:0:16,sh_entsize@56:0:0;sh_name@0:1,sh_type@4:4,sh_flags@8:0:64,sh_addr@16:0:0,sh_offset@24:0:752,sh_size@32:0:144,sh_link@40:14,sh_info@44:2,sh_addralign@48:0:8,sh_entsize@56:0:24;sh_name@0:140,sh_type@4:1,sh_flags@8:0:18,sh_addr@16:0:0,sh_offset@24:0:240,sh_size@32:0:8,sh_link@40:0,sh_info@44:0,sh_addralign@48:0:8,sh_entsize@56:0:8;sh_name@0:134,sh_type@4:1,sh_flags@8:0:3,sh_addr@16:0:0,sh_offset@24:0:248,sh_size@32:0:16,sh_link@40:0,sh_info@44:0,sh_addralign@48:0:8,sh_entsize@56:0:0;sh_name@0:129,sh_type@4:4,sh_flags@8:0:64,sh_addr@16:0:0,sh_offset@24:0:896,sh_size@32:0:24,sh_link@40:14,sh_info@44:5,sh_addralign@48:0:8,sh_entsize@56:0:24;sh_name@0:153,sh_type@4:1,sh_flags@8:0:18,sh_addr@16:0:0,sh_offset@24:0:272,sh_size@32:0:32,sh_link@40:0,sh_info@44:0,sh_addralign@48:0:16,sh_entsize@56:0:32;sh_name@0:167,sh_type@4:1,sh_flags@8:0:50,sh_addr@16:0:0,sh_offset@24:0:304,sh_size@32:0:10,sh_link@40:0,sh_info@44:0,sh_addralign@48:0:1,sh_entsize@56:0:1;sh_name@0:12,sh_type@4:1,sh_flags@8:0:48,sh_addr@16:0:0,sh_offset@24:0:314,sh_size@32:0:49,sh_link@40:0,sh_info@44:0,sh_addralign@48:0:1,sh_entsize@56:0:1;sh_name@0:44,sh_type@4:1,sh_flags@8:0:0,sh_addr@16:0:0,sh_offset@24:0:363,sh_size@32:0:0,sh_link@40:0,sh_info@44:0,sh_addralign@48:0:1,sh_entsize@56:0:0;sh_name@0:83,sh_type@4:1879048193,sh_flags@8:0:2,sh_addr@16:0:0,sh_offset@24:0:368,sh_size@32:0:96,sh_link@40:0,sh_info@44:0,sh_addralign@48:0:8,sh_entsize@56:0:0;sh_name@0:78,sh_type@4:4,sh_flags@8:0:64,sh_addr@16:0:0,sh_offset@24:0:920,sh_size@32:0:48,sh_link@40:14,sh_info@44:11,sh_addralign@48:0:8,sh_entsize@56:0:24;sh_name@0:64,sh_type@4:1879002115,sh_flags@8:0:2147483648,sh_addr@16:0:0,sh_offset@24:0:968,sh_size@32:0:0,sh_link@40:14,sh_info@44:0,sh_addralign@48:0:1,sh_entsize@56:0:0;sh_name@0:106,sh_type@4:2,sh_flags@8:0:0,sh_addr@16:0:0,sh_offset@24:0:464,sh_size@32:0:288,sh_link@40:1,sh_info@44:6,sh_addralign@48:0:8,sh_entsize@56:0:24
elf_sec_n64_names=,.strtab,.text,.rela.text,.rodata.cst8,.data,.rela.data,.rodata.cst32,.rodata.str1.1,.comment,.note.GNU-stack,.eh_frame,.rela.eh_frame,.llvm_addrsig,.symtab
elf_sec_n64_sh_name=0,98,6,1,140,134,129,153,167,12,44,83,78,64,106
elf_sec_n64_sh_type=0,3,1,4,1,1,4,1,1,1,1,1879048193,4,1879002115,2
elf_sec_n64_sh_link=0,0,0,14,0,0,14,0,0,0,0,0,14,14,1
elf_sec_n64_sh_info=0,0,0,2,0,0,5,0,0,0,0,0,11,0,6
elf_sec_n64_sh_flags=0:0,0:0,0:6,0:64,0:18,0:3,0:64,0:18,0:50,0:48,0:0,0:2,0:64,0:2147483648,0:0
elf_sec_n64_sh_addr=0:0,0:0,0:0,0:0,0:0,0:0,0:0,0:0,0:0,0:0,0:0,0:0,0:0,0:0,0:0
elf_sec_n64_sh_offset=0:0,0:968,0:64,0:752,0:240,0:248,0:896,0:272,0:304,0:314,0:363,0:368,0:920,0:968,0:464
elf_sec_n64_sh_size=0:0,0:191,0:176,0:144,0:8,0:16,0:24,0:32,0:10,0:49,0:0,0:96,0:48,0:0,0:288
elf_sec_n64_sh_entsize=0:0,0:0,0:0,0:24,0:8,0:0,0:24,0:32,0:1,0:1,0:0,0:0,0:24,0:0,0:24
elf_sec_n64_content_lens=0,191,176,144,8,16,24,32,10,49,0,96,48,0,288
elf_sec_n64_content0=
elf_sec_n64_content1=002e72656c612e74
elf_sec_n64_shstrtab_bytes=191
elf_str_n64_shstrtab_bytes=191
elf_str_n64_shstrtab_head=002e72656c612e74657874002e636f6d
elf_str_n64_names=,.strtab,.text,.rela.text,.rodata.cst8,.data,.rela.data,.rodata.cst32,.rodata.str1.1,.comment,.note.GNU-stack,.eh_frame,.rela.eh_frame,.llvm_addrsig,.symtab
elf_built_n64_prealloc=0
elf_built_n64_nprogbits=7
elf_built_n64_nprogbits_fixed=0
elf_built_n64_nprogbits_reloc=7
elf_built_n64_align_max=16
elf_built_n64_ok=1
elf_built_n64_len=299
elf_built_n64_digest=3796440369
elf_built_n64_head=554156534883ec2085ff7e7089fb31ed660f57db4c8d3500000000660f57d2f2
elf_built_n64_tail=696f6e2032312e302e302028636c616e672d323130302e312e312e3130312900
elf_built_n64_zeros=89
elf_built_n64_addrs=0:0,0:0,0:0,0:0,0:176,0:184,0:0,0:208,0:240,0:250,0:299,0:0,0:0,0:0,0:0
elf_built_n64_content_lens=0,191,176,144,8,16,24,32,10,49,0,96,48,0,288
elf_built_n64_content0=
elf_built_n64_content1=002e72656c612e74657874002e636f6d6d656e740068656c7065720062756d70006578745f666e0074626c002e6e6f74652e474e552d737461636b006d7367002e6c6c766d5f61646472736967002e72656c612e65685f6672616d650065322e63002e737472746162002e73796d746162006764617461006578745f64617461002e72656c612e64617461002e726f646174612e63737438002e726f646174612e6373743332002e726f646174612e737472312e31002e4c435049305f3000
elf_built_n64_nrelocs=7
elf_built_n64_relocs=0:23:0:208:2:-4,0:86:1:53331104:4:-4,0:112:0:176:2:-4,0:131:1:53362688:42:-4,0:163:1:53362688:42:-4,0:171:0:184:2:-4,0:192:0:240:1:0
elf_built_n64_reloc_addrs=0:23,0:86,0:112,0:131,0:163,0:171,0:192
elf_built_n64_reloc_tgts=0:208,1:53331104,0:176,1:53362688,1:53362688,0:184,0:240
elf_built_n64_reloc_types=2,4,2,42,42,2,1
elf_built_n64_reloc_addends=-4,-4,-4,-4,-4,-4,0
elf_jit_n64_ok=0
elf_jit_n64_err=NotImplementedError
elf_sym_n64_idx=14
elf_sym_n64_n=12
elf_sym_n64_entsize=24
elf_sym_n64_order=st_name,st_info,st_other,st_shndx,st_value,st_size
elf_sym_n64_nameoff=0,93,0,182,40,0,21,33,120,28,114,60
elf_sym_n64_value=0,0,0,0,0,0,0,0,0,160,0,8
elf_sym_n64_info=0,4,3,0,1,3,18,16,16,18,17,17
elf_sym_n64_other=0,0,0,0,0,0,0,0,0,0,0,0
elf_sym_n64_shndx=0,65521,2,4,7,8,2,0,0,2,5,5
elf_sym_n64_size=0,0,0,0,32,0,155,0,0,16,4,8
elf_sym_n64_first=st_name@0:0,st_info@4:0,st_other@5:0,st_shndx@6:0,st_value@8:0,st_size@16:0
elf_sym_n64_last=st_name@0:60,st_info@4:17,st_other@5:0,st_shndx@6:5,st_value@8:8,st_size@16:8
elf_al_n64_a1_nreloc_pbits=7
elf_al_n64_a1_align_used=16,8,8,16,1,1,1
elf_al_n64_a1_model_len=299
elf_al_n64_a1_model_addrs=0,176,184,208,240,250,299
elf_al_n64_a1_ok=1
elf_al_n64_a1_len=299
elf_al_n64_a1_addrs=0:0,0:0,0:0,0:0,0:176,0:184,0:0,0:208,0:240,0:250,0:299,0:0,0:0,0:0,0:0
elf_al_n64_a4_nreloc_pbits=7
elf_al_n64_a4_align_used=16,8,8,16,4,4,4
elf_al_n64_a4_model_len=304
elf_al_n64_a4_model_addrs=0,176,184,208,240,252,304
elf_al_n64_a4_ok=1
elf_al_n64_a4_len=304
elf_al_n64_a4_addrs=0:0,0:0,0:0,0:0,0:176,0:184,0:0,0:208,0:240,0:252,0:304,0:0,0:0,0:0,0:0
elf_al_n64_a16_nreloc_pbits=7
elf_al_n64_a16_align_used=16,16,16,16,16,16,16
elf_al_n64_a16_model_len=320
elf_al_n64_a16_model_addrs=0,176,192,208,240,256,320
elf_al_n64_a16_ok=1
elf_al_n64_a16_len=320
elf_al_n64_a16_addrs=0:0,0:0,0:0,0:0,0:176,0:192,0:0,0:208,0:240,0:256,0:320,0:0,0:0,0:0,0:0
elf_al_n64_a256_nreloc_pbits=7
elf_al_n64_a256_align_used=256,256,256,256,256,256,256
elf_al_n64_a256_model_len=1536
elf_al_n64_a256_model_addrs=0,256,512,768,1024,1280,1536
elf_al_n64_a256_ok=1
elf_al_n64_a256_len=1536
elf_al_n64_a256_addrs=0:0,0:0,0:0,0:0,0:256,0:512,0:0,0:768,0:1024,0:1280,0:1536,0:0,0:0,0:0,0:0
elf_hdr_na64_ehsize=64
elf_hdr_na64_shoff=0:1368
elf_hdr_na64_phoff=0:0
elf_hdr_na64_entry=0:0
elf_hdr_na64_shnum=14
elf_hdr_na64_shstrndx=1
elf_hdr_na64_shentsize_declared=64
elf_hdr_na64_shdr_stride=64
elf_hdr_na64_shdr_nfields=6
elf_hdr_na64_magic=7f454c46
elf_hdr_na64_bytes=2264
elf_hdr_na64_is64=True
elf_hdr_na64_hdr=e_type@16:1,e_machine@18:183,e_version@20:1,e_entry@24:0:0,e_phoff@32:0:0,e_shoff@40:0:1368,e_flags@48:0,e_ehsize@52:64,e_phentsize@54:0,e_phnum@56:0,e_shentsize@58:64,e_shnum@60:14,e_shstrndx@62:1
elf_sec_na64_nsec=14
elf_sec_na64_hdrtxt=sh_name@0:0,sh_type@4:0,sh_flags@8:0:0,sh_addr@16:0:0,sh_offset@24:0:0,sh_size@32:0:0,sh_link@40:0,sh_info@44:0,sh_addralign@48:0:0,sh_entsize@56:0:0;sh_name@0:104,sh_type@4:3,sh_flags@8:0:0,sh_addr@16:0:0,sh_offset@24:0:1192,sh_size@32:0:175,sh_link@40:0,sh_info@44:0,sh_addralign@48:0:1,sh_entsize@56:0:0;sh_name@0:9,sh_type@4:1,sh_flags@8:0:6,sh_addr@16:0:0,sh_offset@24:0:64,sh_size@32:0:184,sh_link@40:0,sh_info@44:0,sh_addralign@48:0:4,sh_entsize@56:0:0;sh_name@0:4,sh_type@4:4,sh_flags@8:0:64,sh_addr@16:0:0,sh_offset@24:0:904,sh_size@32:0:216,sh_link@40:13,sh_info@44:2,sh_addralign@48:0:8,sh_entsize@56:0:24;sh_name@0:140,sh_type@4:1,sh_flags@8:0:3,sh_addr@16:0:0,sh_offset@24:0:248,sh_size@32:0:16,sh_link@40:0,sh_info@44:0,sh_addralign@48:0:8,sh_entsize@56:0:0;sh_name@0:135,sh_type@4:4,sh_flags@8:0:64,sh_addr@16:0:0,sh_offset@24:0:1120,sh_size@32:0:24,sh_link@40:13,sh_info@44:4,sh_addralign@48:0:8,sh_entsize@56:0:24;sh_name@0:146,sh_type@4:1,sh_flags@8:0:18,sh_addr@16:0:0,sh_offset@24:0:264,sh_size@32:0:32,sh_link@40:0,sh_info@44:0,sh_addralign@48:0:8,sh_entsize@56:0:32;sh_name@0:160,sh_type@4:1,sh_flags@8:0:50,sh_addr@16:0:0,sh_offset@24:0:296,sh_size@32:0:10,sh_link@40:0,sh_info@44:0,sh_addralign@48:0:1,sh_entsize@56:0:1;sh_name@0:15,sh_type@4:1,sh_flags@8:0:48,sh_addr@16:0:0,sh_offset@24:0:306,sh_size@32:0:49,sh_link@40:0,sh_info@44:0,sh_addralign@48:0:1,sh_entsize@56:0:1;sh_name@0:47,sh_type@4:1,sh_flags@8:0:0,sh_addr@16:0:0,sh_offset@24:0:355,sh_size@32:0:0,sh_link@40:0,sh_info@44:0,sh_addralign@48:0:1,sh_entsize@56:0:0;sh_name@0:86,sh_type@4:1,sh_flags@8:0:2,sh_addr@16:0:0,sh_offset@24:0:360,sh_size@32:0:112,sh_link@40:0,sh_info@44:0,sh_addralign@48:0:8,sh_entsize@56:0:0;sh_name@0:81,sh_type@4:4,sh_flags@8:0:64,sh_addr@16:0:0,sh_offset@24:0:1144,sh_size@32:0:48,sh_link@40:13,sh_info@44:10,sh_addralign@48:0:8,sh_entsize@56:0:24;sh_name@0:67,sh_type@4:1879002115,sh_flags@8:0:2147483648,sh_addr@16:0:0,sh_offset@24:0:1192,sh_size@32:0:0,sh_link@40:13,sh_info@44:0,sh_addralign@48:0:1,sh_entsize@56:0:0;sh_name@0:112,sh_type@4:2,sh_flags@8:0:0,sh_addr@16:0:0,sh_offset@24:0:472,sh_size@32:0:432,sh_link@40:1,sh_info@44:12,sh_addralign@48:0:8,sh_entsize@56:0:24
elf_sec_na64_names=,.strtab,.text,.rela.text,.data,.rela.data,.rodata.cst32,.rodata.str1.1,.comment,.note.GNU-stack,.eh_frame,.rela.eh_frame,.llvm_addrsig,.symtab
elf_sec_na64_sh_name=0,104,9,4,140,135,146,160,15,47,86,81,67,112
elf_sec_na64_sh_type=0,3,1,4,1,4,1,1,1,1,1,4,1879002115,2
elf_sec_na64_sh_link=0,0,0,13,0,13,0,0,0,0,0,13,13,1
elf_sec_na64_sh_info=0,0,0,2,0,4,0,0,0,0,0,10,0,12
elf_sec_na64_sh_flags=0:0,0:0,0:6,0:64,0:3,0:64,0:18,0:50,0:48,0:0,0:2,0:64,0:2147483648,0:0
elf_sec_na64_sh_addr=0:0,0:0,0:0,0:0,0:0,0:0,0:0,0:0,0:0,0:0,0:0,0:0,0:0,0:0
elf_sec_na64_sh_offset=0:0,0:1192,0:64,0:904,0:248,0:1120,0:264,0:296,0:306,0:355,0:360,0:1144,0:1192,0:472
elf_sec_na64_sh_size=0:0,0:175,0:184,0:216,0:16,0:24,0:32,0:10,0:49,0:0,0:112,0:48,0:0,0:432
elf_sec_na64_sh_entsize=0:0,0:0,0:0,0:24,0:0,0:24,0:32,0:1,0:1,0:0,0:0,0:24,0:0,0:24
elf_sec_na64_content_lens=0,175,184,216,16,24,32,10,49,0,112,48,0,432
elf_sec_na64_content0=
elf_sec_na64_content1=002478002e72656c
elf_sec_na64_shstrtab_bytes=175
elf_str_na64_shstrtab_bytes=175
elf_str_na64_shstrtab_head=002478002e72656c612e74657874002e
elf_str_na64_names=,.strtab,.text,.rela.text,.data,.rela.data,.rodata.cst32,.rodata.str1.1,.comment,.note.GNU-stack,.eh_frame,.rela.eh_frame,.llvm_addrsig,.symtab
elf_built_na64_prealloc=0
elf_built_na64_nprogbits=7
elf_built_na64_nprogbits_fixed=0
elf_built_na64_nprogbits_reloc=7
elf_built_na64_align_max=8
elf_built_na64_ok=1
elf_built_na64_len=408
elf_built_na64_digest=3154161444
elf_built_na64_head=eb2bbb6de923016dfd7b02a9f51b00f9f44f04a9fd8300911f0400718b020054
elf_built_na64_tail=480649064a064b00140000005c000000000000001c0000000000000000000000
elf_built_na64_zeros=120
elf_built_na64_addrs=0:0,0:0,0:0,0:0,0:184,0:0,0:200,0:232,0:242,0:291,0:296,0:0,0:0,0:0
elf_built_na64_content_lens=0,175,184,216,16,24,32,10,49,0,112,48,0,432
elf_built_na64_content0=
elf_built_na64_content1=002478002e72656c612e74657874002e636f6d6d656e740068656c7065720062756d70006578745f666e0074626c002e6e6f74652e474e552d737461636b006d7367002e6c6c766d5f61646472736967002e72656c612e65685f6672616d650024640065322e63002e737472746162002e73796d746162006764617461006578745f64617461002e72656c612e64617461002e726f646174612e6373743332002e726f646174612e737472312e3100
elf_built_na64_nrelocs=10
elf_built_na64_relocs=0:56:0:200:275:0,0:60:0:200:277:0,0:84:1:53331104:283:0,0:112:1:53362688:311:0,0:116:1:53362688:312:0,0:156:1:53362688:311:0,0:160:0:184:275:0,0:164:1:53362688:312:0,0:168:0:184:285:0,0:192:0:232:257:0
elf_built_na64_reloc_addrs=0:56,0:60,0:84,0:112,0:116,0:156,0:160,0:164,0:168,0:192
elf_built_na64_reloc_tgts=0:200,0:200,1:53331104,1:53362688,1:53362688,1:53362688,0:184,1:53362688,0:184,0:232
elf_built_na64_reloc_types=275,277,283,311,312,311,275,312,285,257
elf_built_na64_reloc_addends=0,0,0,0,0,0,0,0,0,0
elf_jit_na64_ok=0
elf_jit_na64_err=NotImplementedError
elf_sym_na64_idx=13
elf_sym_na64_n=18
elf_sym_na64_entsize=24
elf_sym_na64_order=st_name,st_info,st_other,st_shndx,st_value,st_size
elf_sym_na64_nameoff=0,99,0,1,43,96,0,96,0,96,96,96,24,36,126,31,120,63
elf_sym_na64_value=0,0,0,0,0,0,0,0,0,0,0,0,0,0,0,156,0,8
elf_sym_na64_info=0,4,3,0,1,0,3,0,3,0,0,0,18,16,16,18,17,17
elf_sym_na64_other=0,0,0,0,0,0,0,0,0,0,0,0,0,0,0,0,0,0
elf_sym_na64_shndx=0,65521,2,2,6,4,6,6,7,7,8,10,2,0,0,2,4,4
elf_sym_na64_size=0,0,0,0,32,0,0,0,0,0,0,0,156,0,0,28,4,8
elf_sym_na64_first=st_name@0:0,st_info@4:0,st_other@5:0,st_shndx@6:0,st_value@8:0,st_size@16:0
elf_sym_na64_last=st_name@0:63,st_info@4:17,st_other@5:0,st_shndx@6:4,st_value@8:8,st_size@16:8
elf_al_na64_a1_nreloc_pbits=7
elf_al_na64_a1_align_used=4,8,8,1,1,1,8
elf_al_na64_a1_model_len=408
elf_al_na64_a1_model_addrs=0,184,200,232,242,291,296
elf_al_na64_a1_ok=1
elf_al_na64_a1_len=408
elf_al_na64_a1_addrs=0:0,0:0,0:0,0:0,0:184,0:0,0:200,0:232,0:242,0:291,0:296,0:0,0:0,0:0
elf_al_na64_a4_nreloc_pbits=7
elf_al_na64_a4_align_used=4,8,8,4,4,4,8
elf_al_na64_a4_model_len=408
elf_al_na64_a4_model_addrs=0,184,200,232,244,296,296
elf_al_na64_a4_ok=1
elf_al_na64_a4_len=408
elf_al_na64_a4_addrs=0:0,0:0,0:0,0:0,0:184,0:0,0:200,0:232,0:244,0:296,0:296,0:0,0:0,0:0
elf_al_na64_a16_nreloc_pbits=7
elf_al_na64_a16_align_used=16,16,16,16,16,16,16
elf_al_na64_a16_model_len=432
elf_al_na64_a16_model_addrs=0,192,208,240,256,320,320
elf_al_na64_a16_ok=1
elf_al_na64_a16_len=432
elf_al_na64_a16_addrs=0:0,0:0,0:0,0:0,0:192,0:0,0:208,0:240,0:256,0:320,0:320,0:0,0:0,0:0
elf_al_na64_a256_nreloc_pbits=7
elf_al_na64_a256_align_used=256,256,256,256,256,256,256
elf_al_na64_a256_model_len=1392
elf_al_na64_a256_model_addrs=0,256,512,768,1024,1280,1280
elf_al_na64_a256_ok=1
elf_al_na64_a256_len=1392
elf_al_na64_a256_addrs=0:0,0:0,0:0,0:0,0:256,0:0,0:512,0:768,0:1024,0:1280,0:1280,0:0,0:0,0:0
elf_hdr_n32_ehsize=52
elf_hdr_n32_shoff=0:992
elf_hdr_n32_phoff=0:0
elf_hdr_n32_entry=0:0
elf_hdr_n32_shnum=15
elf_hdr_n32_shstrndx=1
elf_hdr_n32_shentsize_declared=40
elf_hdr_n32_shdr_stride=40
elf_hdr_n32_shdr_nfields=4
elf_hdr_n32_magic=7f454c46
elf_hdr_n32_bytes=1592
elf_hdr_n32_is64=False
elf_hdr_n32_hdr=e_type@16:1,e_machine@18:3,e_version@20:1,e_entry@24:0:0,e_phoff@32:0:0,e_shoff@40:0:992,e_flags@48:0,e_ehsize@52:52,e_phentsize@54:0,e_phnum@56:0,e_shentsize@58:40,e_shnum@60:15,e_shstrndx@62:1
elf_sec_n32_nsec=15
elf_sec_n32_hdrtxt=sh_name@0:0,sh_type@4:0,sh_flags@8:0,sh_addr@12:0,sh_offset@16:0,sh_size@20:0,sh_link@24:0,sh_info@28:0,sh_addralign@32:0,sh_entsize@36:0;sh_name@0:96,sh_type@4:3,sh_flags@8:0,sh_addr@12:0,sh_offset@16:780,sh_size@20:210,sh_link@24:0,sh_info@28:0,sh_addralign@32:1,sh_entsize@36:0;sh_name@0:5,sh_type@4:1,sh_flags@8:6,sh_addr@12:0,sh_offset@16:64,sh_size@20:203,sh_link@24:0,sh_info@28:0,sh_addralign@32:16,sh_entsize@36:0;sh_name@0:1,sh_type@4:9,sh_flags@8:64,sh_addr@12:0,sh_offset@16:692,sh_size@20:64,sh_link@24:14,sh_info@28:2,sh_addralign@32:4,sh_entsize@36:8;sh_name@0:159,sh_type@4:1,sh_flags@8:18,sh_addr@12:0,sh_offset@16:272,sh_size@20:8,sh_link@24:0,sh_info@28:0,sh_addralign@32:8,sh_entsize@36:8;sh_name@0:131,sh_type@4:1,sh_flags@8:3,sh_addr@12:0,sh_offset@16:280,sh_size@20:8,sh_link@24:0,sh_info@28:0,sh_addralign@32:4,sh_entsize@36:0;sh_name@0:127,sh_type@4:9,sh_flags@8:64,sh_addr@12:0,sh_offset@16:756,sh_size@20:8,sh_link@24:14,sh_info@28:5,sh_addralign@32:4,sh_entsize@36:8;sh_name@0:172,sh_type@4:1,sh_flags@8:18,sh_addr@12:0,sh_offset@16:288,sh_size@20:32,sh_link@24:0,sh_info@28:0,sh_addralign@32:8,sh_entsize@36:32;sh_name@0:186,sh_type@4:1,sh_flags@8:50,sh_addr@12:0,sh_offset@16:320,sh_size@20:10,sh_link@24:0,sh_info@28:0,sh_addralign@32:1,sh_entsize@36:1;sh_name@0:11,sh_type@4:1,sh_flags@8:48,sh_addr@12:0,sh_offset@16:330,sh_size@20:49,sh_link@24:0,sh_info@28:0,sh_addralign@32:1,sh_entsize@36:1;sh_name@0:43,sh_type@4:1,sh_flags@8:0,sh_addr@12:0,sh_offset@16:379,sh_size@20:0,sh_link@24:0,sh_info@28:0,sh_addralign@32:1,sh_entsize@36:0;sh_name@0:81,sh_type@4:1,sh_flags@8:2,sh_addr@12:0,sh_offset@16:380,sh_size@20:104,sh_link@24:0,sh_info@28:0,sh_addralign@32:4,sh_entsize@36:0;sh_name@0:77,sh_type@4:9,sh_flags@8:64,sh_addr@12:0,sh_offset@16:764,sh_size@20:16,sh_link@24:14,sh_info@28:11,sh_addralign@32:4,sh_entsize@36:8;sh_name@0:63,sh_type@4:1879002115,sh_flags@8:2147483648,sh_addr@12:0,sh_offset@16:780,sh_size@20:0,sh_link@24:14,sh_info@28:0,sh_addralign@32:1,sh_entsize@36:0;sh_name@0:104,sh_type@4:2,sh_flags@8:0,sh_addr@12:0,sh_offset@16:484,sh_size@20:208,sh_link@24:1,sh_info@28:6,sh_addralign@32:4,sh_entsize@36:16
elf_sec_n32_names=,.strtab,.text,.rel.text,.rodata.cst8,.data,.rel.data,.rodata.cst32,.rodata.str1.1,.comment,.note.GNU-stack,.eh_frame,.rel.eh_frame,.llvm_addrsig,.symtab
elf_sec_n32_sh_name=0,96,5,1,159,131,127,172,186,11,43,81,77,63,104
elf_sec_n32_sh_type=0,3,1,9,1,1,9,1,1,1,1,1,9,1879002115,2
elf_sec_n32_sh_link=0,0,0,14,0,0,14,0,0,0,0,0,14,14,1
elf_sec_n32_sh_info=0,0,0,2,0,0,5,0,0,0,0,0,11,0,6
elf_sec_n32_sh_flags=0:0,0:0,0:6,0:64,0:18,0:3,0:64,0:18,0:50,0:48,0:0,0:2,0:64,0:2147483648,0:0
elf_sec_n32_sh_addr=0:0,0:0,0:0,0:0,0:0,0:0,0:0,0:0,0:0,0:0,0:0,0:0,0:0,0:0,0:0
elf_sec_n32_sh_offset=0:0,0:780,0:64,0:692,0:272,0:280,0:756,0:288,0:320,0:330,0:379,0:380,0:764,0:780,0:484
elf_sec_n32_sh_size=0:0,0:210,0:203,0:64,0:8,0:8,0:8,0:32,0:10,0:49,0:0,0:104,0:16,0:0,0:208
elf_sec_n32_sh_entsize=0:0,0:0,0:0,0:8,0:8,0:0,0:8,0:32,0:1,0:1,0:0,0:0,0:8,0:0,0:16
elf_sec_n32_content_lens=0,210,203,64,8,8,8,32,10,49,0,104,16,0,208
elf_sec_n32_content0=
elf_sec_n32_content1=002e72656c2e7465
elf_sec_n32_shstrtab_bytes=210
elf_str_n32_shstrtab_bytes=210
elf_str_n32_shstrtab_head=002e72656c2e74657874002e636f6d6d
elf_str_n32_names=,.strtab,.text,.rel.text,.rodata.cst8,.data,.rel.data,.rodata.cst32,.rodata.str1.1,.comment,.note.GNU-stack,.eh_frame,.rel.eh_frame,.llvm_addrsig,.symtab
elf_built_n32_prealloc=0
elf_built_n32_nprogbits=8
elf_built_n32_nprogbits_fixed=0
elf_built_n32_nprogbits_reloc=8
elf_built_n32_align_max=16
elf_built_n32_ok=1
elf_built_n32_len=420
elf_built_n32_digest=752807402
elf_built_n32_head=53575683ec30e8000000005b81c3030000008b74244885f67e6f31ff660f57d2
elf_built_n32_tail=410e08410e0400001400000054000000b00000001b00000000450e08410e0400
elf_built_n32_zeros=127
elf_built_n32_addrs=0:0,0:0,0:0,0:0,0:208,0:216,0:0,0:224,0:256,0:266,0:315,0:316,0:0,0:0,0:0
elf_built_n32_content_lens=0,210,203,64,8,8,8,32,10,49,0,104,16,0,208
elf_built_n32_content0=
elf_built_n32_content1=002e72656c2e74657874002e636f6d6d656e740068656c7065720062756d70006578745f666e0074626c002e6e6f74652e474e552d737461636b006d7367002e6c6c766d5f61646472736967002e72656c2e65685f6672616d650065322e63002e737472746162002e73796d746162006764617461006578745f64617461002e72656c2e64617461005f474c4f42414c5f4f46465345545f5441424c455f002e726f646174612e63737438002e726f646174612e6373743332002e726f646174612e737472312e31002e4c435049305f3000
elf_built_n32_nrelocs=9
elf_built_n32_relocs=0:14:1:53362696:10:0,0:36:0:208:9:0,0:80:0:224:9:0,0:108:1:53331104:4:0,0:143:1:53362688:43:0,0:184:1:53362696:10:0,0:190:1:53362688:43:0,0:198:0:216:9:0,0:220:0:256:1:0
elf_built_n32_reloc_addrs=0:14,0:36,0:80,0:108,0:143,0:184,0:190,0:198,0:220
elf_built_n32_reloc_tgts=1:53362696,0:208,0:224,1:53331104,1:53362688,1:53362696,1:53362688,0:216,0:256
elf_built_n32_reloc_types=10,9,9,4,43,10,43,9,1
elf_built_n32_reloc_addends=0,0,0,0,0,0,0,0,0
elf_jit_n32_ok=0
elf_jit_n32_err=NotImplementedError
elf_sym_n32_idx=14
elf_sym_n32_n=13
elf_sym_n32_entsize=16
elf_sym_n32_order=st_name,st_value,st_size,st_info,st_other,st_shndx
elf_sym_n32_nameoff=0,91,0,201,39,0,20,137,32,118,27,112,59
elf_sym_n32_value=0,0,0,0,0,0,0,0,0,0,176,0,4
elf_sym_n32_info=0,4,3,0,1,3,18,16,16,16,18,17,17
elf_sym_n32_other=0,0,0,0,0,0,0,0,0,0,0,0,0
elf_sym_n32_shndx=0,65521,2,4,7,8,2,0,0,0,2,5,5
elf_sym_n32_size=0,0,0,0,32,0,175,0,0,0,27,4,4
elf_sym_n32_first=st_name@0:0,st_value@4:0,st_size@8:0,st_info@12:0,st_other@13:0,st_shndx@14:0
elf_sym_n32_last=st_name@0:59,st_value@4:4,st_size@8:4,st_info@12:17,st_other@13:0,st_shndx@14:5
elf_al_n32_a1_nreloc_pbits=8
elf_al_n32_a1_align_used=16,8,4,8,1,1,1,4
elf_al_n32_a1_model_len=420
elf_al_n32_a1_model_addrs=0,208,216,224,256,266,315,316
elf_al_n32_a1_ok=1
elf_al_n32_a1_len=420
elf_al_n32_a1_addrs=0:0,0:0,0:0,0:0,0:208,0:216,0:0,0:224,0:256,0:266,0:315,0:316,0:0,0:0,0:0
elf_al_n32_a4_nreloc_pbits=8
elf_al_n32_a4_align_used=16,8,4,8,4,4,4,4
elf_al_n32_a4_model_len=424
elf_al_n32_a4_model_addrs=0,208,216,224,256,268,320,320
elf_al_n32_a4_ok=1
elf_al_n32_a4_len=424
elf_al_n32_a4_addrs=0:0,0:0,0:0,0:0,0:208,0:216,0:0,0:224,0:256,0:268,0:320,0:320,0:0,0:0,0:0
elf_al_n32_a16_nreloc_pbits=8
elf_al_n32_a16_align_used=16,16,16,16,16,16,16,16
elf_al_n32_a16_model_len=456
elf_al_n32_a16_model_addrs=0,208,224,240,272,288,352,352
elf_al_n32_a16_ok=1
elf_al_n32_a16_len=456
elf_al_n32_a16_addrs=0:0,0:0,0:0,0:0,0:208,0:224,0:0,0:240,0:272,0:288,0:352,0:352,0:0,0:0,0:0
elf_al_n32_a256_nreloc_pbits=8
elf_al_n32_a256_align_used=256,256,256,256,256,256,256,256
elf_al_n32_a256_model_len=1640
elf_al_n32_a256_model_addrs=0,256,512,768,1024,1280,1536,1536
elf_al_n32_a256_ok=1
elf_al_n32_a256_len=1640
elf_al_n32_a256_addrs=0:0,0:0,0:0,0:0,0:256,0:512,0:0,0:768,0:1024,0:1280,0:1536,0:1536,0:0,0:0,0:0
elf_hdr_ja64_ehsize=64
elf_hdr_ja64_shoff=0:768
elf_hdr_ja64_phoff=0:0
elf_hdr_ja64_entry=0:0
elf_hdr_ja64_shnum=11
elf_hdr_ja64_shstrndx=1
elf_hdr_ja64_shentsize_declared=64
elf_hdr_ja64_shdr_stride=64
elf_hdr_ja64_shdr_nfields=6
elf_hdr_ja64_magic=7f454c46
elf_hdr_ja64_bytes=1472
elf_hdr_ja64_is64=True
elf_hdr_ja64_hdr=e_type@16:1,e_machine@18:183,e_version@20:1,e_entry@24:0:0,e_phoff@32:0:0,e_shoff@40:0:768,e_flags@48:0,e_ehsize@52:64,e_phentsize@54:0,e_phnum@56:0,e_shentsize@58:64,e_shnum@60:11,e_shstrndx@62:1
elf_sec_ja64_nsec=11
elf_sec_ja64_hdrtxt=sh_name@0:0,sh_type@4:0,sh_flags@8:0:0,sh_addr@16:0:0,sh_offset@24:0:0,sh_size@32:0:0,sh_link@40:0,sh_info@44:0,sh_addralign@48:0:0,sh_entsize@56:0:0;sh_name@0:78,sh_type@4:3,sh_flags@8:0:0,sh_addr@16:0:0,sh_offset@24:0:648,sh_size@32:0:115,sh_link@40:0,sh_info@44:0,sh_addralign@48:0:1,sh_entsize@56:0:0;sh_name@0:9,sh_type@4:1,sh_flags@8:0:6,sh_addr@16:0:0,sh_offset@24:0:64,sh_size@32:0:52,sh_link@40:0,sh_info@44:0,sh_addralign@48:0:4,sh_entsize@56:0:0;sh_name@0:4,sh_type@4:4,sh_flags@8:0:64,sh_addr@16:0:0,sh_offset@24:0:504,sh_size@32:0:96,sh_link@40:10,sh_info@44:2,sh_addralign@48:0:8,sh_entsize@56:0:24;sh_name@0:109,sh_type@4:1,sh_flags@8:0:3,sh_addr@16:0:0,sh_offset@24:0:116,sh_size@32:0:4,sh_link@40:0,sh_info@44:0,sh_addralign@48:0:4,sh_entsize@56:0:0;sh_name@0:15,sh_type@4:1,sh_flags@8:0:48,sh_addr@16:0:0,sh_offset@24:0:120,sh_size@32:0:49,sh_link@40:0,sh_info@44:0,sh_addralign@48:0:1,sh_entsize@56:0:1;sh_name@0:24,sh_type@4:1,sh_flags@8:0:0,sh_addr@16:0:0,sh_offset@24:0:169,sh_size@32:0:0,sh_link@40:0,sh_info@44:0,sh_addralign@48:0:1,sh_entsize@56:0:0;sh_name@0:61,sh_type@4:1,sh_flags@8:0:2,sh_addr@16:0:0,sh_offset@24:0:176,sh_size@32:0:64,sh_link@40:0,sh_info@44:0,sh_addralign@48:0:8,sh_entsize@56:0:0;sh_name@0:56,sh_type@4:4,sh_flags@8:0:64,sh_addr@16:0:0,sh_offset@24:0:600,sh_size@32:0:48,sh_link@40:10,sh_info@44:7,sh_addralign@48:0:8,sh_entsize@56:0:24;sh_name@0:40,sh_type@4:1879002115,sh_flags@8:0:2147483648,sh_addr@16:0:0,sh_offset@24:0:648,sh_size@32:0:0,sh_link@40:10,sh_info@44:0,sh_addralign@48:0:1,sh_entsize@56:0:0;sh_name@0:86,sh_type@4:2,sh_flags@8:0:0,sh_addr@16:0:0,sh_offset@24:0:240,sh_size@32:0:264,sh_link@40:1,sh_info@44:7,sh_addralign@48:0:8,sh_entsize@56:0:24
elf_sec_ja64_names=,.strtab,.text,.rela.text,.data,.comment,.note.GNU-stack,.eh_frame,.rela.eh_frame,.llvm_addrsig,.symtab
elf_sec_ja64_sh_name=0,78,9,4,109,15,24,61,56,40,86
elf_sec_ja64_sh_type=0,3,1,4,1,1,1,1,4,1879002115,2
elf_sec_ja64_sh_link=0,0,0,10,0,0,0,0,10,10,1
elf_sec_ja64_sh_info=0,0,0,2,0,0,0,0,7,0,7
elf_sec_ja64_sh_flags=0:0,0:0,0:6,0:64,0:3,0:48,0:0,0:2,0:64,0:2147483648,0:0
elf_sec_ja64_sh_addr=0:0,0:0,0:0,0:0,0:0,0:0,0:0,0:0,0:0,0:0,0:0
elf_sec_ja64_sh_offset=0:0,0:648,0:64,0:504,0:116,0:120,0:169,0:176,0:600,0:648,0:240
elf_sec_ja64_sh_size=0:0,0:115,0:52,0:96,0:4,0:49,0:0,0:64,0:48,0:0,0:264
elf_sec_ja64_sh_entsize=0:0,0:0,0:0,0:24,0:0,0:1,0:0,0:0,0:24,0:0,0:24
elf_sec_ja64_content_lens=0,115,52,96,4,49,0,64,48,0,264
elf_sec_ja64_content0=
elf_sec_ja64_content1=002478002e72656c
elf_sec_ja64_shstrtab_bytes=115
elf_str_ja64_shstrtab_bytes=115
elf_str_ja64_shstrtab_head=002478002e72656c612e74657874002e
elf_str_ja64_names=,.strtab,.text,.rela.text,.data,.comment,.note.GNU-stack,.eh_frame,.rela.eh_frame,.llvm_addrsig,.symtab
elf_built_ja64_prealloc=0
elf_built_ja64_nprogbits=5
elf_built_ja64_nprogbits_fixed=0
elf_built_ja64_nprogbits_reloc=5
elf_built_ja64_align_max=8
elf_built_ja64_ok=1
elf_built_ja64_len=176
elf_built_ja64_digest=3274666149
elf_built_ja64_head=0804000b00050011c0035fd609000090080000900a04000b290140f9080140b9
elf_built_ja64_tail=0c00000000000000140000002c00000000000000280000000000000000000000
elf_built_ja64_zeros=69
elf_built_ja64_addrs=0:0,0:0,0:0,0:0,0:52,0:56,0:105,0:112,0:0,0:0,0:0
elf_built_ja64_content_lens=0,115,52,96,4,49,0,64,48,0,264
elf_built_ja64_content0=
elf_built_ja64_content1=002478002e72656c612e74657874002e636f6d6d656e74002e6e6f74652e474e552d737461636b002e6c6c766d5f616464727369670066002e72656c612e65685f6672616d65002464006a2e63002e737472746162002e73796d746162006764617461006578745f64617461002e6461746100
elf_built_ja64_nrelocs=4
elf_built_ja64_relocs=0:12:1:53362688:311:0,0:16:0:52:275:0,0:24:1:53362688:312:0,0:28:0:52:285:0
elf_built_ja64_reloc_addrs=0:12,0:16,0:24,0:28
elf_built_ja64_reloc_tgts=1:53362688,0:52,1:53362688,0:52
elf_built_ja64_reloc_types=311,275,312,285
elf_built_ja64_reloc_addends=0,0,0,0
elf_jit_ja64_ok=0
elf_jit_ja64_err=NotImplementedError
elf_sym_ja64_idx=10
elf_sym_ja64_n=11
elf_sym_ja64_entsize=24
elf_sym_ja64_order=st_name,st_info,st_other,st_shndx,st_value,st_size
elf_sym_ja64_nameoff=0,74,0,1,71,71,71,54,52,100,94
elf_sym_ja64_value=0,0,0,0,0,0,0,0,12,0,0
elf_sym_ja64_info=0,4,3,0,0,0,0,18,18,16,17
elf_sym_ja64_other=0,0,0,0,0,0,0,0,0,0,0
elf_sym_ja64_shndx=0,65521,2,2,4,5,7,2,2,0,4
elf_sym_ja64_size=0,0,0,0,0,0,0,12,40,0,4
elf_sym_ja64_first=st_name@0:0,st_info@4:0,st_other@5:0,st_shndx@6:0,st_value@8:0,st_size@16:0
elf_sym_ja64_last=st_name@0:94,st_info@4:17,st_other@5:0,st_shndx@6:4,st_value@8:0,st_size@16:4
elf_al_ja64_a1_nreloc_pbits=5
elf_al_ja64_a1_align_used=4,4,1,1,8
elf_al_ja64_a1_model_len=176
elf_al_ja64_a1_model_addrs=0,52,56,105,112
elf_al_ja64_a1_ok=1
elf_al_ja64_a1_len=176
elf_al_ja64_a1_addrs=0:0,0:0,0:0,0:0,0:52,0:56,0:105,0:112,0:0,0:0,0:0
elf_al_ja64_a4_nreloc_pbits=5
elf_al_ja64_a4_align_used=4,4,4,4,8
elf_al_ja64_a4_model_len=176
elf_al_ja64_a4_model_addrs=0,52,56,108,112
elf_al_ja64_a4_ok=1
elf_al_ja64_a4_len=176
elf_al_ja64_a4_addrs=0:0,0:0,0:0,0:0,0:52,0:56,0:108,0:112,0:0,0:0,0:0
elf_al_ja64_a16_nreloc_pbits=5
elf_al_ja64_a16_align_used=16,16,16,16,16
elf_al_ja64_a16_model_len=208
elf_al_ja64_a16_model_addrs=0,64,80,144,144
elf_al_ja64_a16_ok=1
elf_al_ja64_a16_len=208
elf_al_ja64_a16_addrs=0:0,0:0,0:0,0:0,0:64,0:80,0:144,0:144,0:0,0:0,0:0
elf_al_ja64_a256_nreloc_pbits=5
elf_al_ja64_a256_align_used=256,256,256,256,256
elf_al_ja64_a256_model_len=832
elf_al_ja64_a256_model_addrs=0,256,512,768,768
elf_al_ja64_a256_ok=1
elf_al_ja64_a256_len=832
elf_al_ja64_a256_addrs=0:0,0:0,0:0,0:0,0:256,0:512,0:768,0:768,0:0,0:0,0:0
elf_hdr_r64so_ehsize=64
elf_hdr_r64so_shoff=0:2152
elf_hdr_r64so_phoff=0:64
elf_hdr_r64so_entry=0:0
elf_hdr_r64so_shnum=20
elf_hdr_r64so_shstrndx=18
elf_hdr_r64so_shentsize_declared=64
elf_hdr_r64so_shdr_stride=64
elf_hdr_r64so_shdr_nfields=6
elf_hdr_r64so_magic=7f454c46
elf_hdr_r64so_bytes=3432
elf_hdr_r64so_is64=True
elf_hdr_r64so_hdr=e_type@16:3,e_machine@18:62,e_version@20:1,e_entry@24:0:0,e_phoff@32:0:64,e_shoff@40:0:2152,e_flags@48:0,e_ehsize@52:64,e_phentsize@54:56,e_phnum@56:9,e_shentsize@58:64,e_shnum@60:20,e_shstrndx@62:18
elf_str_r64so_shstrtab_bytes=169
elf_str_r64so_shstrtab_head=002e64796e73796d002e676e752e6861
elf_str_r64so_names=,.dynsym,.gnu.hash,.dynstr,.rela.dyn,.rela.plt,.rodata,.eh_frame_hdr,.eh_frame,.text,.plt,.dynamic,.got,.relro_padding,.data,.got.plt,.comment,.symtab,.shstrtab,.strtab
elf_built_r64so_prealloc=13888
elf_built_r64so_nprogbits=9
elf_built_r64so_nprogbits_fixed=8
elf_built_r64so_nprogbits_reloc=1
elf_built_r64so_align_max=16
elf_built_r64so_ok=0
elf_built_r64so_err=StopIteration
elf_jit_r64so_ok=0
elf_jit_r64so_err=StopIteration
elf_sym_r64so_idx=17
elf_sym_r64so_n=10
elf_sym_r64so_entsize=24
elf_sym_r64so_order=st_name,st_info,st_other,st_shndx,st_value,st_size
elf_sym_r64so_nameoff=0,1,6,48,10,17,24,33,38,44
elf_sym_r64so_value=0,0,928,9504,5200,0,0,5344,13840,13848
elf_sym_r64so_info=0,4,1,0,18,16,16,18,17,17
elf_sym_r64so_other=0,0,0,2,0,0,0,0,0,0
elf_sym_r64so_shndx=0,65521,6,11,9,0,0,9,14,14
elf_sym_r64so_size=0,0,32,0,133,0,0,24,4,8
elf_sym_r64so_first=st_name@0:0,st_info@4:0,st_other@5:0,st_shndx@6:0,st_value@8:0,st_size@16:0
elf_sym_r64so_last=st_name@0:44,st_info@4:17,st_other@5:0,st_shndx@6:14,st_value@8:13848,st_size@16:8
elf_al_r64so_a1_nreloc_pbits=1
elf_al_r64so_a1_align_used=1
elf_al_r64so_a1_model_len=77
elf_al_r64so_a1_model_addrs=0
elf_al_r64so_a1_ok=0
elf_al_r64so_a1_err=StopIteration
elf_al_r64so_a4_nreloc_pbits=1
elf_al_r64so_a4_align_used=4
elf_al_r64so_a4_model_len=77
elf_al_r64so_a4_model_addrs=0
elf_al_r64so_a4_ok=0
elf_al_r64so_a4_err=StopIteration
elf_al_r64so_a16_nreloc_pbits=1
elf_al_r64so_a16_align_used=16
elf_al_r64so_a16_model_len=77
elf_al_r64so_a16_model_addrs=0
elf_al_r64so_a16_ok=0
elf_al_r64so_a16_err=StopIteration
elf_al_r64so_a256_nreloc_pbits=1
elf_al_r64so_a256_align_used=256
elf_al_r64so_a256_model_len=77
elf_al_r64so_a256_model_addrs=0
elf_al_r64so_a256_ok=0
elf_al_r64so_a256_err=StopIteration
elf_hdr_rx64exe_ehsize=64
elf_hdr_rx64exe_shoff=0:5528
elf_hdr_rx64exe_phoff=0:64
elf_hdr_rx64exe_entry=0:0
elf_hdr_rx64exe_shnum=16
elf_hdr_rx64exe_shstrndx=14
elf_hdr_rx64exe_shentsize_declared=64
elf_hdr_rx64exe_shdr_stride=64
elf_hdr_rx64exe_shdr_nfields=6
elf_hdr_rx64exe_magic=7f454c46
elf_hdr_rx64exe_bytes=6552
elf_hdr_rx64exe_is64=True
elf_hdr_rx64exe_hdr=e_type@16:2,e_machine@18:62,e_version@20:1,e_entry@24:0:0,e_phoff@32:0:64,e_shoff@40:0:5528,e_flags@48:0,e_ehsize@52:64,e_phentsize@54:56,e_phnum@56:10,e_shentsize@58:64,e_shnum@60:16,e_shstrndx@62:14
elf_str_rx64exe_shstrtab_bytes=145
elf_str_rx64exe_shstrtab_head=002e74657874002e696e74657270002e
elf_str_rx64exe_names=,.text,.interp,.rodata,.eh_frame,.eh_frame_hdr,.got,.relro_padding,.data,.rela.text,.rela.data,.comment,.rela.eh_frame,.symtab,.shstrtab,.strtab
elf_built_rx64exe_prealloc=4207080
elf_built_rx64exe_nprogbits=8
elf_built_rx64exe_nprogbits_fixed=7
elf_built_rx64exe_nprogbits_reloc=1
elf_built_rx64exe_align_max=16
elf_built_rx64exe_ok=0
elf_built_rx64exe_err=RuntimeError
elf_jit_rx64exe_ok=0
elf_jit_rx64exe_err=RuntimeError
elf_sym_rx64exe_idx=13
elf_sym_rx64exe_n=16
elf_sym_rx64exe_entsize=24
elf_sym_rx64exe_order=st_name,st_info,st_other,st_shndx,st_value,st_size
elf_sym_rx64exe_nameoff=0,1,5,9,0,0,0,0,0,18,25,32,41,46,52,61
elf_sym_rx64exe_value=0,0,4198656,4198640,4194304,4207064,4198640,0,4198604,4194304,0,0,4194448,4207064,4194480,4207072
elf_sym_rx64exe_info=0,4,1,0,3,3,3,3,3,18,16,16,18,17,18,17
elf_sym_rx64exe_other=0,0,0,0,0,0,0,0,0,0,0,0,0,0,0,0
elf_sym_rx64exe_shndx=0,65521,3,3,1,8,3,11,2,1,0,0,1,8,1,8
elf_sym_rx64exe_size=0,0,32,0,0,0,0,0,0,133,0,0,21,4,28,8
elf_sym_rx64exe_first=st_name@0:0,st_info@4:0,st_other@5:0,st_shndx@6:0,st_value@8:0,st_size@16:0
elf_sym_rx64exe_last=st_name@0:61,st_info@4:17,st_other@5:0,st_shndx@6:8,st_value@8:4207072,st_size@16:8
elf_al_rx64exe_a1_nreloc_pbits=1
elf_al_rx64exe_a1_align_used=1
elf_al_rx64exe_a1_model_len=77
elf_al_rx64exe_a1_model_addrs=0
elf_al_rx64exe_a1_ok=0
elf_al_rx64exe_a1_err=RuntimeError
elf_al_rx64exe_a4_nreloc_pbits=1
elf_al_rx64exe_a4_align_used=4
elf_al_rx64exe_a4_model_len=77
elf_al_rx64exe_a4_model_addrs=0
elf_al_rx64exe_a4_ok=0
elf_al_rx64exe_a4_err=RuntimeError
elf_al_rx64exe_a16_nreloc_pbits=1
elf_al_rx64exe_a16_align_used=16
elf_al_rx64exe_a16_model_len=77
elf_al_rx64exe_a16_model_addrs=0
elf_al_rx64exe_a16_ok=0
elf_al_rx64exe_a16_err=RuntimeError
elf_al_rx64exe_a256_nreloc_pbits=1
elf_al_rx64exe_a256_align_used=256
elf_al_rx64exe_a256_model_len=77
elf_al_rx64exe_a256_model_addrs=0
elf_al_rx64exe_a256_ok=0
elf_al_rx64exe_a256_err=RuntimeError
elf_ls_order=libm,rt,objc,stub
elf_ls_sel_registerName=0,0,1,0
elf_ls_objc_msgSend=0,0,1,0
elf_ls_sin=1,1,1,1
elf_ls_cos=1,1,1,1
elf_ls_sqrt=1,1,1,1
elf_ls_malloc=1,1,1,1
elf_ls_memcpy=1,1,1,1
elf_ls_ext_fn=0,0,0,1
elf_ls_ext_data=0,0,0,1
elf_ls_definitely_not_a_symbol=0,0,0,0
elf_ls_pick_sel_registerName=3
elf_ls_pick_objc_msgSend=3
elf_ls_pick_sin=1
elf_ls_pick_cos=1
elf_ls_pick_sqrt=1
elf_ls_pick_malloc=1
elf_ls_pick_memcpy=1
elf_ls_pick_ext_fn=4
elf_ls_pick_ext_data=4
elf_ls_pick_definitely_not_a_symbol=0
elf_ls_cpu_pair=libm,rt
elf_ls_cpu_trio=libm,rt,objc
elf_ls_pair_sel_registerName=0
elf_ls_trio_sel_registerName=3
elf_ls_pair_objc_msgSend=0
elf_ls_trio_objc_msgSend=3
elf_ls_pair_sin=1
elf_ls_trio_sin=1
elf_ls_pair_ext_fn=0
elf_ls_trio_ext_fn=0
elf_ls_miss_ok=0
elf_ls_miss_msg=Attempting to relocate against an undefined symbol definitely_not_a_symbol
elf_rc_x86_pc32=2
elf_rc_x86_plt32=4
elf_rc_a64_adr=275
elf_rc_a64_add_lo12=277
elf_rc_a64_ldst16=284
elf_rc_a64_ldst32=285
elf_rc_a64_ldst64=286
elf_rc_a64_ldst128=299
elf_rc_a64_call26=283
elf_rc_ten_arms=10
elf_tr_x86_t16=ff25000000000000000000000000
elf_tr_arm_t16=5100005820021fd60000000000000000
elf_tr_x86_t32=ff25000000004433221100000000
elf_tr_arm_t32=5100005820021fd64433221100000000
elf_tr_x86_t64=ff25000000008877665544332211
elf_tr_arm_t64=5100005820021fd68877665544332211
elf_tr_x86_len=14
elf_tr_arm_len=16
elf_tr_x86_ret_16_0_0=2
elf_tr_x86_ret_16_0_4=6
elf_tr_arm_ret_16_0=0
elf_tr_x86_ret_16_8_0=4294967290
elf_tr_x86_ret_16_8_4=4294967294
elf_tr_arm_ret_16_8=4294967288
elf_tr_x86_ret_64_0_0=50
elf_tr_x86_ret_64_0_4=54
elf_tr_arm_ret_64_0=48
elf_tr_x86_ret_64_8_0=42
elf_tr_x86_ret_64_8_4=46
elf_tr_arm_ret_64_8=40
elf_tr_x86_ret_4096_0_0=4082
elf_tr_x86_ret_4096_0_4=4086
elf_tr_arm_ret_4096_0=4080
elf_tr_x86_ret_4096_8_0=4074
elf_tr_x86_ret_4096_8_4=4078
elf_tr_arm_ret_4096_8=4072
elf_ld_pack_00000000=00000000
elf_ld_pack_00000001=01000000
elf_ld_pack_7fffffff=ffffff7f
elf_ld_pack_80000000=00000080
elf_ld_pack_ffffffff=ffffffff
elf_ld_pack_11223344=44332211
elf_ld_pack_deadbeef=efbeadde
elf_ld_unpack=287454020
elf_gb_00001234_12_13=1
elf_gb_00001234_14_32=0
elf_gb_0000abcd_0_11=3021
elf_gb_0000abcd_1_11=1510
elf_gb_0000abcd_2_11=755
elf_gb_0000abcd_3_11=377
elf_gb_0000abcd_4_11=188
elf_gb_0000abcd_2_27=10995
elf_gb_deadbeef_0_31=3735928559
elf_gb_deadbeef_0_0=1
elf_gb_ffffffff_12_13=3
elf_gb_00000000_12_13=0
elf_gb_ffffffff_14_32=262143
elf_gb_00001000_12_13=1
elf_i2u32_0=0
elf_i2u32_1=1
elf_i2u32_-1=4294967295
elf_i2u32_-1000=4294966296
elf_i2u32_2147483647=2147483647
elf_i2u32_-2147483648=2147483648
elf_i2u32_2147483392=2147483392
elf_i2u32_-2=4294967294
elf_rel32_in_0=1
elf_rel32_in_2147483647=1
elf_rel32_in_2147483648=0
elf_rel32_in_-2147483648=1
elf_rel32_in_-2147483649=0
elf_rel32_in_4294967295=0
elf_call26_in_0=1
elf_call26_in_33554431=1
elf_call26_in_33554432=1
elf_call26_in_134217724=1
elf_call26_in_134217727=0
elf_call26_in_134217728=0
elf_call26_in_-1=1
elf_call26_in_-33554432=1
elf_call26_in_-33554433=0
elf_pgmask_00000000=0
elf_pgmask_00000fff=0
elf_pgmask_00001000=4096
elf_pgmask_00001fff=4096
elf_pgmask_00123456=1191936
elf_pgmask_ffffffff=4294963200
elf_adr_hi21_00000000=0
elf_adr_lo19_00000000=0
elf_adr_hi21_00001234=536870912
elf_adr_lo19_00001234=0
elf_adr_hi21_00012340=1073741824
elf_adr_lo19_00012340=128
elf_adr_hi21_fffff000=1610612736
elf_adr_lo19_fffff000=8388576
elf_lo12_00000000_0=0
elf_lo12_00000000_1=0
elf_lo12_00000000_2=0
elf_lo12_00000000_3=0
elf_lo12_00000000_4=0
elf_lo12_000007ff_0=2096128
elf_lo12_000007ff_1=1047552
elf_lo12_000007ff_2=523264
elf_lo12_000007ff_3=261120
elf_lo12_000007ff_4=130048
elf_lo12_00000800_0=2097152
elf_lo12_00000800_1=1048576
elf_lo12_00000800_2=524288
elf_lo12_00000800_3=262144
elf_lo12_00000800_4=131072
elf_lo12_0000ffff_0=4193280
elf_lo12_0000ffff_1=2096128
elf_lo12_0000ffff_2=1047552
elf_lo12_0000ffff_3=523264
elf_lo12_0000ffff_4=261120
elf_lo12_ffffffff_0=4193280
elf_lo12_ffffffff_1=2096128
elf_lo12_ffffffff_2=1047552
elf_lo12_ffffffff_3=523264
elf_lo12_ffffffff_4=261120
elf_call26_gb_00000000=0
elf_call26_gb_00000003=0
elf_call26_gb_0fffffff=67108863
elf_call26_gb_ffffffff=67108863
elf_call26_gb_7ffffffc=67108863
elf-done=1
