tbl_RDNA3_n=24
tbl_RDNA3_fwd_1=VALUINST
tbl_RDNA3_fwd_2=VMEMEXEC
tbl_RDNA3_fwd_3=ALUEXEC
tbl_RDNA3_fwd_4=IMMEDIATE
tbl_RDNA3_fwd_5=IMMEDIATE_MASK
tbl_RDNA3_fwd_6=WAVERDY
tbl_RDNA3_fwd_7=TS_DELTA_S8_W3
tbl_RDNA3_fwd_8=WAVEEND
tbl_RDNA3_fwd_9=WAVESTART
tbl_RDNA3_fwd_10=TS_DELTA_S5_W2
tbl_RDNA3_fwd_11=WAVEALLOC
tbl_RDNA3_fwd_12=TS_DELTA_S5_W3
tbl_RDNA3_fwd_13=PERF
tbl_RDNA3_fwd_14=UTILCTR
tbl_RDNA3_fwd_15=TS_DELTA_SHORT
tbl_RDNA3_fwd_16=NOP
tbl_RDNA3_fwd_17=TS_WAVE_STATE
tbl_RDNA3_fwd_18=EVENT
tbl_RDNA3_fwd_19=EVENT_BIG
tbl_RDNA3_fwd_20=REG
tbl_RDNA3_fwd_21=SNAPSHOT
tbl_RDNA3_fwd_22=TS_DELTA_OR_MARK
tbl_RDNA3_fwd_23=LAYOUT_HEADER
tbl_RDNA3_fwd_24=INST
tbl_RDNA3_rev_VALUINST=1
tbl_RDNA3_rev_VMEMEXEC=2
tbl_RDNA3_rev_ALUEXEC=3
tbl_RDNA3_rev_IMMEDIATE=4
tbl_RDNA3_rev_IMMEDIATE_MASK=5
tbl_RDNA3_rev_WAVERDY=6
tbl_RDNA3_rev_TS_DELTA_S8_W3=7
tbl_RDNA3_rev_WAVEEND=8
tbl_RDNA3_rev_WAVESTART=9
tbl_RDNA3_rev_TS_DELTA_S5_W2=10
tbl_RDNA3_rev_WAVEALLOC=11
tbl_RDNA3_rev_TS_DELTA_S5_W3=12
tbl_RDNA3_rev_PERF=13
tbl_RDNA3_rev_UTILCTR=14
tbl_RDNA3_rev_TS_DELTA_SHORT=15
tbl_RDNA3_rev_NOP=16
tbl_RDNA3_rev_TS_WAVE_STATE=17
tbl_RDNA3_rev_EVENT=18
tbl_RDNA3_rev_EVENT_BIG=19
tbl_RDNA3_rev_REG=20
tbl_RDNA3_rev_SNAPSHOT=21
tbl_RDNA3_rev_TS_DELTA_OR_MARK=22
tbl_RDNA3_rev_LAYOUT_HEADER=23
tbl_RDNA3_rev_INST=24
tbl_RDNA3_order=18,19,7,14,17,21,22,23,5,6,8,9,10,11,12,13,2,3,4,15,20,16,1,24
tbl_RDNA3_spec_order=8,8,7,7,7,7,7,7,5,5,5,5,5,5,5,5,4,4,4,4,4,4,3,3
tbl_RDNA4_n=24
tbl_RDNA4_fwd_1=VALUINST
tbl_RDNA4_fwd_2=VMEMEXEC
tbl_RDNA4_fwd_3=ALUEXEC
tbl_RDNA4_fwd_4=IMMEDIATE
tbl_RDNA4_fwd_5=IMMEDIATE_MASK
tbl_RDNA4_fwd_6=WAVERDY
tbl_RDNA4_fwd_7=TS_DELTA_S8_W3
tbl_RDNA4_fwd_8=WAVEEND_RDNA4
tbl_RDNA4_fwd_9=WAVESTART_RDNA4
tbl_RDNA4_fwd_10=TS_DELTA_S5_W2_RDNA4
tbl_RDNA4_fwd_11=WAVEALLOC_RDNA4
tbl_RDNA4_fwd_12=TS_DELTA_S5_W3_RDNA4
tbl_RDNA4_fwd_13=PERF_RDNA4
tbl_RDNA4_fwd_14=UTILCTR
tbl_RDNA4_fwd_15=TS_DELTA_SHORT
tbl_RDNA4_fwd_16=NOP
tbl_RDNA4_fwd_17=TS_WAVE_STATE
tbl_RDNA4_fwd_18=EVENT
tbl_RDNA4_fwd_19=EVENT_BIG
tbl_RDNA4_fwd_20=REG
tbl_RDNA4_fwd_21=SNAPSHOT
tbl_RDNA4_fwd_22=TS_DELTA_OR_MARK_RDNA4
tbl_RDNA4_fwd_23=LAYOUT_HEADER
tbl_RDNA4_fwd_24=INST_RDNA4
tbl_RDNA4_rev_VALUINST=1
tbl_RDNA4_rev_VMEMEXEC=2
tbl_RDNA4_rev_ALUEXEC=3
tbl_RDNA4_rev_IMMEDIATE=4
tbl_RDNA4_rev_IMMEDIATE_MASK=5
tbl_RDNA4_rev_WAVERDY=6
tbl_RDNA4_rev_TS_DELTA_S8_W3=7
tbl_RDNA4_rev_WAVEEND_RDNA4=8
tbl_RDNA4_rev_WAVESTART_RDNA4=9
tbl_RDNA4_rev_TS_DELTA_S5_W2_RDNA4=10
tbl_RDNA4_rev_WAVEALLOC_RDNA4=11
tbl_RDNA4_rev_TS_DELTA_S5_W3_RDNA4=12
tbl_RDNA4_rev_PERF_RDNA4=13
tbl_RDNA4_rev_UTILCTR=14
tbl_RDNA4_rev_TS_DELTA_SHORT=15
tbl_RDNA4_rev_NOP=16
tbl_RDNA4_rev_TS_WAVE_STATE=17
tbl_RDNA4_rev_EVENT=18
tbl_RDNA4_rev_EVENT_BIG=19
tbl_RDNA4_rev_REG=20
tbl_RDNA4_rev_SNAPSHOT=21
tbl_RDNA4_rev_TS_DELTA_OR_MARK_RDNA4=22
tbl_RDNA4_rev_LAYOUT_HEADER=23
tbl_RDNA4_rev_INST_RDNA4=24
tbl_RDNA4_order=18,19,7,14,17,21,22,23,5,6,8,9,10,11,12,13,2,3,4,15,20,16,1,24
tbl_RDNA4_spec_order=8,8,7,7,7,7,7,7,5,5,5,5,5,5,5,5,4,4,4,4,4,4,3,3
tbl_CDNA_n=17
tbl_CDNA_fwd_0=CDNA_MISC
tbl_CDNA_fwd_1=CDNA_TIMESTAMP
tbl_CDNA_fwd_2=CDNA_REG
tbl_CDNA_fwd_3=CDNA_WAVESTART
tbl_CDNA_fwd_4=CDNA_WAVEALLOC
tbl_CDNA_fwd_5=CDNA_REG_CS
tbl_CDNA_fwd_6=CDNA_WAVEEND
tbl_CDNA_fwd_7=CDNA_EVENT
tbl_CDNA_fwd_8=CDNA_EVENT_CS
tbl_CDNA_fwd_9=CDNA_EVENT_GFX1
tbl_CDNA_fwd_10=CDNA_INST
tbl_CDNA_fwd_11=CDNA_INST_PC
tbl_CDNA_fwd_12=CDNA_USERDATA
tbl_CDNA_fwd_13=CDNA_ISSUE
tbl_CDNA_fwd_14=CDNA_PERF
tbl_CDNA_fwd_15=CDNA_REG_CS_PRIV
tbl_CDNA_fwd_16=LAYOUT_HEADER
tbl_CDNA_rev_CDNA_MISC=0
tbl_CDNA_rev_CDNA_TIMESTAMP=1
tbl_CDNA_rev_CDNA_REG=2
tbl_CDNA_rev_CDNA_WAVESTART=3
tbl_CDNA_rev_CDNA_WAVEALLOC=4
tbl_CDNA_rev_CDNA_REG_CS=5
tbl_CDNA_rev_CDNA_WAVEEND=6
tbl_CDNA_rev_CDNA_EVENT=7
tbl_CDNA_rev_CDNA_EVENT_CS=8
tbl_CDNA_rev_CDNA_EVENT_GFX1=9
tbl_CDNA_rev_CDNA_INST=10
tbl_CDNA_rev_CDNA_INST_PC=11
tbl_CDNA_rev_CDNA_USERDATA=12
tbl_CDNA_rev_CDNA_ISSUE=13
tbl_CDNA_rev_CDNA_PERF=14
tbl_CDNA_rev_CDNA_REG_CS_PRIV=15
tbl_CDNA_rev_LAYOUT_HEADER=16
tbl_CDNA_order=16,0,1,2,3,4,5,6,7,8,9,10,11,12,13,14,15
tbl_CDNA_spec_order=7,4,4,4,4,4,4,4,4,4,4,4,4,4,4,4,4
rdna4_same_1=True
rdna4_same_2=True
rdna4_same_3=True
rdna4_same_4=True
rdna4_same_5=True
rdna4_same_6=True
rdna4_same_7=True
rdna4_same_8=False
rdna4_same_9=False
rdna4_same_10=False
rdna4_same_11=False
rdna4_same_12=False
rdna4_same_13=False
rdna4_same_14=True
rdna4_same_15=True
rdna4_same_16=True
rdna4_same_17=True
rdna4_same_18=True
rdna4_same_19=True
rdna4_same_20=True
rdna4_same_21=True
rdna4_same_22=False
rdna4_same_23=True
rdna4_same_24=False
rdna4_diff_8=WAVEEND->WAVEEND_RDNA4
rdna4_diff_9=WAVESTART->WAVESTART_RDNA4
rdna4_diff_10=TS_DELTA_S5_W2->TS_DELTA_S5_W2_RDNA4
rdna4_diff_11=WAVEALLOC->WAVEALLOC_RDNA4
rdna4_diff_12=TS_DELTA_S5_W3->TS_DELTA_S5_W3_RDNA4
rdna4_diff_13=PERF->PERF_RDNA4
rdna4_diff_22=TS_DELTA_OR_MARK->TS_DELTA_OR_MARK_RDNA4
rdna4_diff_24=INST->INST_RDNA4
cls_VALUINST=encoding,delta,flag,wave
clsfields_VALUINST=encoding:2:0;delta:5:3;flag:6:6;wave:11:7
clsnib_VALUINST=3
clsmask_VALUINST=7
clsdef_VALUINST=3
clshimax_VALUINST=11
clsdelta_VALUINST=yes
cls_VMEMEXEC=encoding,delta,src
clsfields_VMEMEXEC=encoding:3:0;delta:5:4;src:7:6
clsnib_VMEMEXEC=2
clsmask_VMEMEXEC=15
clsdef_VMEMEXEC=15
clshimax_VMEMEXEC=7
clsdelta_VMEMEXEC=yes
cls_ALUEXEC=encoding,delta,src
clsfields_ALUEXEC=encoding:3:0;delta:5:4;src:7:6
clsnib_ALUEXEC=2
clsmask_ALUEXEC=15
clsdef_ALUEXEC=14
clshimax_ALUEXEC=7
clsdelta_ALUEXEC=yes
cls_IMMEDIATE=encoding,delta,wave
clsfields_IMMEDIATE=encoding:3:0;delta:6:4;wave:11:7
clsnib_IMMEDIATE=3
clsmask_IMMEDIATE=15
clsdef_IMMEDIATE=13
clshimax_IMMEDIATE=11
clsdelta_IMMEDIATE=yes
cls_IMMEDIATE_MASK=encoding,delta,mask
clsfields_IMMEDIATE_MASK=encoding:4:0;delta:7:5;mask:23:8
clsnib_IMMEDIATE_MASK=6
clsmask_IMMEDIATE_MASK=31
clsdef_IMMEDIATE_MASK=4
clshimax_IMMEDIATE_MASK=23
clsdelta_IMMEDIATE_MASK=yes
cls_WAVERDY=encoding,delta,mask
clsfields_WAVERDY=encoding:4:0;delta:7:5;mask:23:8
clsnib_WAVERDY=6
clsmask_WAVERDY=31
clsdef_WAVERDY=20
clshimax_WAVERDY=23
clsdelta_WAVERDY=yes
cls_TS_DELTA_S8_W3=encoding,delta,_padding
clsfields_TS_DELTA_S8_W3=encoding:6:0;delta:10:8;_padding:71:11
clsnib_TS_DELTA_S8_W3=18
clsmask_TS_DELTA_S8_W3=127
clsdef_TS_DELTA_S8_W3=33
clshimax_TS_DELTA_S8_W3=71
clsdelta_TS_DELTA_S8_W3=yes
cls_WAVEEND=encoding,delta,sa,simd,wgp,wave
clsfields_WAVEEND=encoding:4:0;delta:7:5;sa:8:8;simd:10:9;wgp:13:11;wave:19:15
clsnib_WAVEEND=5
clsmask_WAVEEND=31
clsdef_WAVEEND=21
clshimax_WAVEEND=19
clsdelta_WAVEEND=yes
cls_WAVESTART=encoding,delta,sa,simd,wgp,wave,id7
clsfields_WAVESTART=encoding:4:0;delta:6:5;sa:7:7;simd:9:8;wgp:12:10;wave:17:13;id7:31:18
clsnib_WAVESTART=8
clsmask_WAVESTART=31
clsdef_WAVESTART=12
clshimax_WAVESTART=31
clsdelta_WAVESTART=yes
cls_TS_DELTA_S5_W2=encoding,delta,_padding
clsfields_TS_DELTA_S5_W2=encoding:4:0;delta:6:5;_padding:47:7
clsnib_TS_DELTA_S5_W2=12
clsmask_TS_DELTA_S5_W2=31
clsdef_TS_DELTA_S5_W2=28
clshimax_TS_DELTA_S5_W2=47
clsdelta_TS_DELTA_S5_W2=yes
cls_WAVEALLOC=encoding,delta,_padding
clsfields_WAVEALLOC=encoding:4:0;delta:7:5;_padding:19:8
clsnib_WAVEALLOC=5
clsmask_WAVEALLOC=31
clsdef_WAVEALLOC=5
clshimax_WAVEALLOC=19
clsdelta_WAVEALLOC=yes
cls_TS_DELTA_S5_W3=encoding,delta,_padding
clsfields_TS_DELTA_S5_W3=encoding:4:0;delta:7:5;_padding:51:8
clsnib_TS_DELTA_S5_W3=13
clsmask_TS_DELTA_S5_W3=31
clsdef_TS_DELTA_S5_W3=6
clshimax_TS_DELTA_S5_W3=51
clsdelta_TS_DELTA_S5_W3=yes
cls_PERF=encoding,delta,arg
clsfields_PERF=encoding:4:0;delta:7:5;arg:27:8
clsnib_PERF=7
clsmask_PERF=31
clsdef_PERF=22
clshimax_PERF=27
clsdelta_PERF=yes
cls_UTILCTR=encoding,delta,ctr
clsfields_UTILCTR=encoding:6:0;delta:8:7;ctr:47:9
clsnib_UTILCTR=12
clsmask_UTILCTR=127
clsdef_UTILCTR=49
clshimax_UTILCTR=47
clsdelta_UTILCTR=yes
cls_TS_DELTA_SHORT=encoding,delta
clsfields_TS_DELTA_SHORT=encoding:3:0;delta:7:4
clsnib_TS_DELTA_SHORT=2
clsmask_TS_DELTA_SHORT=15
clsdef_TS_DELTA_SHORT=8
clshimax_TS_DELTA_SHORT=7
clsdelta_TS_DELTA_SHORT=yes
cls_NOP=encoding,_padding
clsfields_NOP=encoding:3:0;_padding:3:0
clsnib_NOP=1
clsmask_NOP=15
clsdef_NOP=0
clshimax_NOP=3
clsdelta_NOP=no
cls_TS_WAVE_STATE=encoding,delta,coarse
clsfields_TS_WAVE_STATE=encoding:6:0;delta:15:7;coarse:23:16
clsnib_TS_WAVE_STATE=6
clsmask_TS_WAVE_STATE=127
clsdef_TS_WAVE_STATE=81
clshimax_TS_WAVE_STATE=23
clsdelta_TS_WAVE_STATE=yes
cls_EVENT=encoding,delta,event
clsfields_EVENT=encoding:7:0;delta:10:8;event:23:11
clsnib_EVENT=6
clsmask_EVENT=255
clsdef_EVENT=97
clshimax_EVENT=23
clsdelta_EVENT=yes
cls_EVENT_BIG=encoding,delta,event
clsfields_EVENT_BIG=encoding:7:0;delta:10:8;event:31:11
clsnib_EVENT_BIG=8
clsmask_EVENT_BIG=255
clsdef_EVENT_BIG=225
clshimax_EVENT_BIG=31
clsdelta_EVENT_BIG=yes
cls_REG=encoding,delta,slot,hi_byte,subop,val32
clsfields_REG=encoding:3:0;delta:6:4;slot:9:7;hi_byte:15:8;subop:31:16;val32:63:32
clsnib_REG=16
clsmask_REG=15
clsdef_REG=9
clshimax_REG=63
clsdelta_REG=yes
cls_SNAPSHOT=encoding,delta,snap
clsfields_SNAPSHOT=encoding:6:0;delta:9:7;snap:63:10
clsnib_SNAPSHOT=16
clsmask_SNAPSHOT=127
clsdef_SNAPSHOT=113
clshimax_SNAPSHOT=63
clsdelta_SNAPSHOT=yes
cls_TS_DELTA_OR_MARK=encoding,delta,pl,rt
clsfields_TS_DELTA_OR_MARK=encoding:6:0;delta:47:12;pl:8:8;rt:9:9
clsnib_TS_DELTA_OR_MARK=12
clsmask_TS_DELTA_OR_MARK=127
clsdef_TS_DELTA_OR_MARK=1
clshimax_TS_DELTA_OR_MARK=47
clsdelta_TS_DELTA_OR_MARK=yes
clsdmask_over_TS_DELTA_OR_MARK=1
clsdlo_TS_DELTA_OR_MARK=12
clsdmask_TS_DELTA_OR_MARK=4294967295
cls_LAYOUT_HEADER=encoding,layout,simd,group,sel_a,sel_b,flag4,_padding
clsfields_LAYOUT_HEADER=encoding:6:0;layout:12:7;simd:14:13;group:17:15;sel_a:31:28;sel_b:36:33;flag4:59:59;_padding:63:60
clsnib_LAYOUT_HEADER=16
clsmask_LAYOUT_HEADER=127
clsdef_LAYOUT_HEADER=17
clshimax_LAYOUT_HEADER=63
clsdelta_LAYOUT_HEADER=no
cls_INST=encoding,delta,flag1,flag2,wave,op
clsfields_INST=encoding:2:0;delta:6:4;flag1:3:3;flag2:7:7;wave:12:8;op:19:13
clsnib_INST=5
clsmask_INST=7
clsdef_INST=2
clshimax_INST=19
clsdelta_INST=yes
cls_WAVEEND_RDNA4=encoding,delta,sa,simd,wgp,wave
clsfields_WAVEEND_RDNA4=encoding:4:0;delta:7:5;sa:8:8;simd:10:9;wgp:14:11;wave:19:15
clsnib_WAVEEND_RDNA4=5
clsmask_WAVEEND_RDNA4=31
clsdef_WAVEEND_RDNA4=21
clshimax_WAVEEND_RDNA4=19
clsdelta_WAVEEND_RDNA4=yes
cls_WAVESTART_RDNA4=encoding,delta,sa,simd,wgp,wave,id7
clsfields_WAVESTART_RDNA4=encoding:4:0;delta:6:5;sa:7:7;simd:9:8;wgp:13:10;wave:19:15;id7:31:20
clsnib_WAVESTART_RDNA4=8
clsmask_WAVESTART_RDNA4=31
clsdef_WAVESTART_RDNA4=12
clshimax_WAVESTART_RDNA4=31
clsdelta_WAVESTART_RDNA4=yes
cls_TS_DELTA_S5_W2_RDNA4=encoding,delta,_padding
clsfields_TS_DELTA_S5_W2_RDNA4=encoding:4:0;delta:6:5;_padding:39:7
clsnib_TS_DELTA_S5_W2_RDNA4=10
clsmask_TS_DELTA_S5_W2_RDNA4=31
clsdef_TS_DELTA_S5_W2_RDNA4=28
clshimax_TS_DELTA_S5_W2_RDNA4=39
clsdelta_TS_DELTA_S5_W2_RDNA4=yes
cls_WAVEALLOC_RDNA4=encoding,delta,_padding
clsfields_WAVEALLOC_RDNA4=encoding:4:0;delta:7:5;_padding:23:8
clsnib_WAVEALLOC_RDNA4=6
clsmask_WAVEALLOC_RDNA4=31
clsdef_WAVEALLOC_RDNA4=5
clshimax_WAVEALLOC_RDNA4=23
clsdelta_WAVEALLOC_RDNA4=yes
cls_TS_DELTA_S5_W3_RDNA4=encoding,delta,_padding
clsfields_TS_DELTA_S5_W3_RDNA4=encoding:4:0;delta:9:7;_padding:55:10
clsnib_TS_DELTA_S5_W3_RDNA4=14
clsmask_TS_DELTA_S5_W3_RDNA4=31
clsdef_TS_DELTA_S5_W3_RDNA4=6
clshimax_TS_DELTA_S5_W3_RDNA4=55
clsdelta_TS_DELTA_S5_W3_RDNA4=yes
cls_PERF_RDNA4=encoding,delta,arg
clsfields_PERF_RDNA4=encoding:4:0;delta:9:7;arg:31:10
clsnib_PERF_RDNA4=8
clsmask_PERF_RDNA4=31
clsdef_PERF_RDNA4=22
clshimax_PERF_RDNA4=31
clsdelta_PERF_RDNA4=yes
cls_TS_DELTA_OR_MARK_RDNA4=delta,rt,pl,tl
clsfields_TS_DELTA_OR_MARK_RDNA4=delta:63:12;rt:7:7;pl:8:8;tl:9:9
clsnib_TS_DELTA_OR_MARK_RDNA4=16
clsmask_TS_DELTA_OR_MARK_RDNA4=0
clsdef_TS_DELTA_OR_MARK_RDNA4=0
clshimax_TS_DELTA_OR_MARK_RDNA4=63
clsdelta_TS_DELTA_OR_MARK_RDNA4=yes
clsdmask_over_TS_DELTA_OR_MARK_RDNA4=1
clsdlo_TS_DELTA_OR_MARK_RDNA4=12
clsdmask_TS_DELTA_OR_MARK_RDNA4=4294967295
cls_INST_RDNA4=encoding,delta,w64h,wave,op
clsfields_INST_RDNA4=encoding:2:0;delta:5:3;w64h:6:6;wave:11:7;op:19:12
clsnib_INST_RDNA4=5
clsmask_INST_RDNA4=7
clsdef_INST_RDNA4=2
clshimax_INST_RDNA4=19
clsdelta_INST_RDNA4=yes
cls_CDNA_MISC=encoding,delta,sh,misc_type
clsfields_CDNA_MISC=encoding:3:0;delta:11:4;sh:12:12;misc_type:15:13
clsnib_CDNA_MISC=4
clsmask_CDNA_MISC=15
clsdef_CDNA_MISC=0
clshimax_CDNA_MISC=15
clsdelta_CDNA_MISC=yes
cls_CDNA_TIMESTAMP=encoding,_reserved,timestamp
clsfields_CDNA_TIMESTAMP=encoding:3:0;_reserved:15:4;timestamp:63:16
clsnib_CDNA_TIMESTAMP=16
clsmask_CDNA_TIMESTAMP=15
clsdef_CDNA_TIMESTAMP=1
clshimax_CDNA_TIMESTAMP=63
clsdelta_CDNA_TIMESTAMP=no
cls_CDNA_REG=encoding,pipe,_me_raw,_reserved,regaddr,regdata
clsfields_CDNA_REG=encoding:3:0;pipe:6:5;_me_raw:8:7;_reserved:15:9;regaddr:31:16;regdata:63:32
clsnib_CDNA_REG=16
clsmask_CDNA_REG=15
clsdef_CDNA_REG=2
clshimax_CDNA_REG=63
clsdelta_CDNA_REG=no
cls_CDNA_WAVESTART=encoding,sh,cu,wave,simd,pipe,me,_reserved,count,_padding
clsfields_CDNA_WAVESTART=encoding:3:0;sh:5:5;cu:9:6;wave:13:10;simd:15:14;pipe:17:16;me:19:18;_reserved:21:20;count:28:22;_padding:31:29
clsnib_CDNA_WAVESTART=8
clsmask_CDNA_WAVESTART=15
clsdef_CDNA_WAVESTART=3
clshimax_CDNA_WAVESTART=31
clsdelta_CDNA_WAVESTART=no
cls_CDNA_WAVEALLOC=encoding,sh,cu,wave,simd
clsfields_CDNA_WAVEALLOC=encoding:3:0;sh:5:5;cu:9:6;wave:13:10;simd:15:14
clsnib_CDNA_WAVEALLOC=4
clsmask_CDNA_WAVEALLOC=15
clsdef_CDNA_WAVEALLOC=4
clshimax_CDNA_WAVEALLOC=15
clsdelta_CDNA_WAVEALLOC=no
cls_CDNA_REG_CS=encoding,pipe,_me_raw,regaddr,regdata
clsfields_CDNA_REG_CS=encoding:3:0;pipe:6:5;_me_raw:8:7;regaddr:15:9;regdata:47:16
clsnib_CDNA_REG_CS=12
clsmask_CDNA_REG_CS=15
clsdef_CDNA_REG_CS=5
clshimax_CDNA_REG_CS=47
clsdelta_CDNA_REG_CS=no
cls_CDNA_WAVEEND=encoding,sh,cu,wave,simd
clsfields_CDNA_WAVEEND=encoding:3:0;sh:5:5;cu:9:6;wave:13:10;simd:15:14
clsnib_CDNA_WAVEEND=4
clsmask_CDNA_WAVEEND=15
clsdef_CDNA_WAVEEND=6
clshimax_CDNA_WAVEEND=15
clsdelta_CDNA_WAVEEND=no
cls_CDNA_EVENT=encoding,_reserved
clsfields_CDNA_EVENT=encoding:3:0;_reserved:15:4
clsnib_CDNA_EVENT=4
clsmask_CDNA_EVENT=15
clsdef_CDNA_EVENT=7
clshimax_CDNA_EVENT=15
clsdelta_CDNA_EVENT=no
cls_CDNA_EVENT_CS=encoding,_reserved
clsfields_CDNA_EVENT_CS=encoding:3:0;_reserved:15:4
clsnib_CDNA_EVENT_CS=4
clsmask_CDNA_EVENT_CS=15
clsdef_CDNA_EVENT_CS=8
clshimax_CDNA_EVENT_CS=15
clsdelta_CDNA_EVENT_CS=no
cls_CDNA_EVENT_GFX1=encoding,_reserved
clsfields_CDNA_EVENT_GFX1=encoding:3:0;_reserved:15:4
clsnib_CDNA_EVENT_GFX1=4
clsmask_CDNA_EVENT_GFX1=15
clsdef_CDNA_EVENT_GFX1=9
clshimax_CDNA_EVENT_GFX1=15
clsdelta_CDNA_EVENT_GFX1=no
cls_CDNA_INST=encoding,wave,simd,op
clsfields_CDNA_INST=encoding:3:0;wave:8:5;simd:10:9;op:15:11
clsnib_CDNA_INST=4
clsmask_CDNA_INST=15
clsdef_CDNA_INST=10
clshimax_CDNA_INST=15
clsdelta_CDNA_INST=no
cls_CDNA_INST_PC=encoding,wave,simd,_reserved,err,pc
clsfields_CDNA_INST_PC=encoding:3:0;wave:8:5;simd:10:9;_reserved:14:11;err:15:15;pc:63:16
clsnib_CDNA_INST_PC=16
clsmask_CDNA_INST_PC=15
clsdef_CDNA_INST_PC=11
clshimax_CDNA_INST_PC=63
clsdelta_CDNA_INST_PC=no
cls_CDNA_USERDATA=encoding,sh,cu,wave,simd,data
clsfields_CDNA_USERDATA=encoding:3:0;sh:5:5;cu:9:6;wave:13:10;simd:15:14;data:47:16
clsnib_CDNA_USERDATA=12
clsmask_CDNA_USERDATA=15
clsdef_CDNA_USERDATA=12
clshimax_CDNA_USERDATA=47
clsdelta_CDNA_USERDATA=no
cls_CDNA_ISSUE=encoding,simd,inst,_padding
clsfields_CDNA_ISSUE=encoding:3:0;simd:6:5;inst:27:8;_padding:31:28
clsnib_CDNA_ISSUE=8
clsmask_CDNA_ISSUE=15
clsdef_CDNA_ISSUE=13
clshimax_CDNA_ISSUE=31
clsdelta_CDNA_ISSUE=no
cls_CDNA_PERF=encoding,sh,cu,cntr_bank,cntr0,cntr1,cntr2,cntr3
clsfields_CDNA_PERF=encoding:3:0;sh:5:5;cu:9:6;cntr_bank:11:10;cntr0:24:12;cntr1:37:25;cntr2:50:38;cntr3:63:51
clsnib_CDNA_PERF=16
clsmask_CDNA_PERF=15
clsdef_CDNA_PERF=14
clshimax_CDNA_PERF=63
clsdelta_CDNA_PERF=no
cls_CDNA_REG_CS_PRIV=encoding,pipe,_me_raw,regaddr,regdata
clsfields_CDNA_REG_CS_PRIV=encoding:3:0;pipe:6:5;_me_raw:8:7;regaddr:15:9;regdata:47:16
clsnib_CDNA_REG_CS_PRIV=12
clsmask_CDNA_REG_CS_PRIV=15
clsdef_CDNA_REG_CS_PRIV=15
clshimax_CDNA_REG_CS_PRIV=47
clsdelta_CDNA_REG_CS_PRIV=no
cls_count=48
cls_names=VALUINST,VMEMEXEC,ALUEXEC,IMMEDIATE,IMMEDIATE_MASK,WAVERDY,TS_DELTA_S8_W3,WAVEEND,WAVESTART,TS_DELTA_S5_W2,WAVEALLOC,TS_DELTA_S5_W3,PERF,UTILCTR,TS_DELTA_SHORT,NOP,TS_WAVE_STATE,EVENT,EVENT_BIG,REG,SNAPSHOT,TS_DELTA_OR_MARK,LAYOUT_HEADER,INST,WAVEEND_RDNA4,WAVESTART_RDNA4,TS_DELTA_S5_W2_RDNA4,WAVEALLOC_RDNA4,TS_DELTA_S5_W3_RDNA4,PERF_RDNA4,TS_DELTA_OR_MARK_RDNA4,INST_RDNA4,CDNA_MISC,CDNA_TIMESTAMP,CDNA_REG,CDNA_WAVESTART,CDNA_WAVEALLOC,CDNA_REG_CS,CDNA_WAVEEND,CDNA_EVENT,CDNA_EVENT_CS,CDNA_EVENT_GFX1,CDNA_INST,CDNA_INST_PC,CDNA_USERDATA,CDNA_ISSUE,CDNA_PERF,CDNA_REG_CS_PRIV,
state_RDNA3_n=256
state_RDNA3=16,22,24,1,5,11,12,16,15,20,24,1,9,4,3,2,16,23,24,1,6,8,13,16,15,20,24,1,10,4,3,2,16,7,24,1,5,11,12,16,15,20,24,1,9,4,3,2,16,14,24,1,6,8,13,16,15,20,24,1,10,4,3,2,16,16,24,1,5,11,12,16,15,20,24,1,9,4,3,2,16,17,24,1,6,8,13,16,15,20,24,1,10,4,3,2,16,18,24,1,5,11,12,16,15,20,24,1,9,4,3,2,16,21,24,1,6,8,13,16,15,20,24,1,10,4,3,2,16,22,24,1,5,11,12,16,15,20,24,1,9,4,3,2,16,23,24,1,6,8,13,16,15,20,24,1,10,4,3,2,16,7,24,1,5,11,12,16,15,20,24,1,9,4,3,2,16,14,24,1,6,8,13,16,15,20,24,1,10,4,3,2,16,16,24,1,5,11,12,16,15,20,24,1,9,4,3,2,16,17,24,1,6,8,13,16,15,20,24,1,10,4,3,2,16,19,24,1,5,11,12,16,15,20,24,1,9,4,3,2,16,21,24,1,6,8,13,16,15,20,24,1,10,4,3,2,
nop_last_RDNA3=0
state_RDNA4_n=256
state_RDNA4=16,22,24,1,5,11,12,16,15,20,24,1,9,4,3,2,16,23,24,1,6,8,13,16,15,20,24,1,10,4,3,2,16,7,24,1,5,11,12,16,15,20,24,1,9,4,3,2,16,14,24,1,6,8,13,16,15,20,24,1,10,4,3,2,16,16,24,1,5,11,12,16,15,20,24,1,9,4,3,2,16,17,24,1,6,8,13,16,15,20,24,1,10,4,3,2,16,18,24,1,5,11,12,16,15,20,24,1,9,4,3,2,16,21,24,1,6,8,13,16,15,20,24,1,10,4,3,2,16,22,24,1,5,11,12,16,15,20,24,1,9,4,3,2,16,23,24,1,6,8,13,16,15,20,24,1,10,4,3,2,16,7,24,1,5,11,12,16,15,20,24,1,9,4,3,2,16,14,24,1,6,8,13,16,15,20,24,1,10,4,3,2,16,16,24,1,5,11,12,16,15,20,24,1,9,4,3,2,16,17,24,1,6,8,13,16,15,20,24,1,10,4,3,2,16,19,24,1,5,11,12,16,15,20,24,1,9,4,3,2,16,21,24,1,6,8,13,16,15,20,24,1,10,4,3,2,
nop_last_RDNA4=0
state_CDNA_n=256
state_CDNA=0,1,2,3,4,5,6,7,8,9,10,11,12,13,14,15,0,16,2,3,4,5,6,7,8,9,10,11,12,13,14,15,0,1,2,3,4,5,6,7,8,9,10,11,12,13,14,15,0,1,2,3,4,5,6,7,8,9,10,11,12,13,14,15,0,1,2,3,4,5,6,7,8,9,10,11,12,13,14,15,0,1,2,3,4,5,6,7,8,9,10,11,12,13,14,15,0,1,2,3,4,5,6,7,8,9,10,11,12,13,14,15,0,1,2,3,4,5,6,7,8,9,10,11,12,13,14,15,0,1,2,3,4,5,6,7,8,9,10,11,12,13,14,15,0,16,2,3,4,5,6,7,8,9,10,11,12,13,14,15,0,1,2,3,4,5,6,7,8,9,10,11,12,13,14,15,0,1,2,3,4,5,6,7,8,9,10,11,12,13,14,15,0,1,2,3,4,5,6,7,8,9,10,11,12,13,14,15,0,1,2,3,4,5,6,7,8,9,10,11,12,13,14,15,0,1,2,3,4,5,6,7,8,9,10,11,12,13,14,15,0,1,2,3,4,5,6,7,8,9,10,11,12,13,14,15,
nop_last_CDNA=0
state_first_RDNA3=16
state_first_RDNA4=16
state_first_CDNA=0
state_16_RDNA3=16
state_255_RDNA3=2
state_16_RDNA4=16
state_255_RDNA4=2
state_16_CDNA=0
state_255_CDNA=15
di_RDNA3_n=24
di_RDNA3_1=3,3,7,1,0,
di_RDNA3_2=2,4,3,1,0,
di_RDNA3_3=2,4,3,1,0,
di_RDNA3_4=3,4,7,1,0,
di_RDNA3_5=6,5,7,1,0,
di_RDNA3_6=6,5,7,1,0,
di_RDNA3_7=18,8,7,1,0,
di_RDNA3_8=5,5,7,1,0,
di_RDNA3_9=8,5,3,1,0,
di_RDNA3_10=12,5,3,1,0,
di_RDNA3_11=5,5,7,1,0,
di_RDNA3_12=13,5,7,1,0,
di_RDNA3_13=7,5,7,1,0,
di_RDNA3_14=12,7,3,1,0,
di_RDNA3_15=2,4,15,1,2,
di_RDNA3_16=1,0,0,1,0,
di_RDNA3_17=6,7,511,1,0,
di_RDNA3_18=6,8,7,1,0,
di_RDNA3_19=8,8,7,1,0,
di_RDNA3_20=16,4,7,1,0,
di_RDNA3_21=16,7,7,1,0,
di_RDNA3_22=12,12,4294967295,1,1,
di_RDNA3_23=16,0,0,1,0,
di_RDNA3_24=5,4,7,1,0,
di_RDNA4_n=24
di_RDNA4_1=3,3,7,1,0,
di_RDNA4_2=2,4,3,1,0,
di_RDNA4_3=2,4,3,1,0,
di_RDNA4_4=3,4,7,1,0,
di_RDNA4_5=6,5,7,1,0,
di_RDNA4_6=6,5,7,1,0,
di_RDNA4_7=18,8,7,1,0,
di_RDNA4_8=5,5,7,1,0,
di_RDNA4_9=8,5,3,1,0,
di_RDNA4_10=10,5,3,1,0,
di_RDNA4_11=6,5,7,1,0,
di_RDNA4_12=14,7,7,1,0,
di_RDNA4_13=8,7,7,1,0,
di_RDNA4_14=12,7,3,1,0,
di_RDNA4_15=2,4,15,1,2,
di_RDNA4_16=1,0,0,1,0,
di_RDNA4_17=6,7,511,1,0,
di_RDNA4_18=6,8,7,1,0,
di_RDNA4_19=8,8,7,1,0,
di_RDNA4_20=16,4,7,1,0,
di_RDNA4_21=16,7,7,1,0,
di_RDNA4_22=16,12,4294967295,1,1,
di_RDNA4_23=16,0,0,1,0,
di_RDNA4_24=5,3,7,1,0,
di_CDNA_n=17
di_CDNA_0=4,4,255,4,0,
di_CDNA_1=16,4,1,4,4,
di_CDNA_2=16,4,1,4,0,
di_CDNA_3=8,4,1,4,0,
di_CDNA_4=4,4,1,4,0,
di_CDNA_5=12,4,1,4,0,
di_CDNA_6=4,4,1,4,0,
di_CDNA_7=4,4,1,4,0,
di_CDNA_8=4,4,1,4,0,
di_CDNA_9=4,4,1,4,0,
di_CDNA_10=4,4,1,4,0,
di_CDNA_11=16,4,1,4,0,
di_CDNA_12=12,4,1,4,0,
di_CDNA_13=8,4,1,4,0,
di_CDNA_14=16,4,1,4,0,
di_CDNA_15=12,4,1,4,0,
di_CDNA_16=16,0,0,4,0,
di_RDNA3_mul_set=1,1,1,1,1,1,1,1,1,1,1,1,1,1,1,1,1,1,1,1,1,1,1,1,
di_RDNA3_special_set=0,0,0,0,0,0,0,0,0,0,0,0,0,0,2,0,0,0,0,0,0,1,0,0,
di_RDNA4_mul_set=1,1,1,1,1,1,1,1,1,1,1,1,1,1,1,1,1,1,1,1,1,1,1,1,
di_RDNA4_special_set=0,0,0,0,0,0,0,0,0,0,0,0,0,0,2,0,0,0,0,0,0,1,0,0,
di_CDNA_mul_set=4,4,4,4,4,4,4,4,4,4,4,4,4,4,4,4,4,
di_CDNA_special_set=0,4,0,0,0,0,0,0,0,0,0,0,0,0,0,0,0,
cu_WAVEEND_0_0=0
cu_WAVEEND_0_1=8
cu_WAVEEND_1_0=1
cu_WAVEEND_1_1=9
cu_WAVEEND_7_0=7
cu_WAVEEND_7_1=15
cu_WAVEEND_RDNA4_0_0=0
cu_WAVEEND_RDNA4_0_1=16
cu_WAVEEND_RDNA4_1_0=1
cu_WAVEEND_RDNA4_1_1=17
cu_WAVEEND_RDNA4_7_0=7
cu_WAVEEND_RDNA4_7_1=23
cu_WAVEEND_RDNA4_8_0=8
cu_WAVEEND_RDNA4_8_1=24
cu_WAVEEND_RDNA4_15_0=15
cu_WAVEEND_RDNA4_15_1=31
cu_WAVESTART_0_0=0
cu_WAVESTART_0_1=8
cu_WAVESTART_1_0=1
cu_WAVESTART_1_1=9
cu_WAVESTART_7_0=7
cu_WAVESTART_7_1=15
cu_WAVESTART_RDNA4_0_0=0
cu_WAVESTART_RDNA4_0_1=16
cu_WAVESTART_RDNA4_1_0=1
cu_WAVESTART_RDNA4_1_1=17
cu_WAVESTART_RDNA4_7_0=7
cu_WAVESTART_RDNA4_7_1=23
cu_WAVESTART_RDNA4_8_0=8
cu_WAVESTART_RDNA4_8_1=24
cu_WAVESTART_RDNA4_15_0=15
cu_WAVESTART_RDNA4_15_1=31
ismark_00=False
ismark_01=False
ismark_10=True
ismark_11=False
isconfig_0=False
isconfig_128=True
isconfig_127=False
isconfig_255=True
waveinterest_0=False
termall_0=False
waveinterest_1=True
termall_1=False
waveinterest_8=False
termall_8=True
waveinterest_9=True
termall_9=True
waveinterest_255=True
termall_255=True
enum_MemSrc_n=4
enum_MemSrc_fwd_0=LDS
enum_MemSrc_fwd_1=LDS_ALT
enum_MemSrc_fwd_2=VMEM
enum_MemSrc_fwd_3=VMEM_ALT
enum_MemSrc_rev_LDS=0
enum_MemSrc_rev_LDS_ALT=1
enum_MemSrc_rev_VMEM=2
enum_MemSrc_rev_VMEM_ALT=3
enum_AluSrc_n=4
enum_AluSrc_fwd_0=NONE
enum_AluSrc_fwd_1=SALU
enum_AluSrc_fwd_2=VALU
enum_AluSrc_fwd_3=VALU_SALU
enum_AluSrc_rev_NONE=0
enum_AluSrc_rev_SALU=1
enum_AluSrc_rev_VALU=2
enum_AluSrc_rev_VALU_SALU=3
enum_InstOp_n=55
enum_InstOp_fwd_0=SALU
enum_InstOp_fwd_1=SMEM_RD
enum_InstOp_fwd_3=JUMP
enum_InstOp_fwd_4=JUMP_NO
enum_InstOp_fwd_5=CALL
enum_InstOp_fwd_9=MESSAGE
enum_InstOp_fwd_11=VALUT_4
enum_InstOp_fwd_13=VALUB_2
enum_InstOp_fwd_14=VALUB_4
enum_InstOp_fwd_15=VALUB_16
enum_InstOp_fwd_18=VINTERP
enum_InstOp_fwd_19=BARRIER
enum_InstOp_fwd_28=FLAT_RD_2
enum_InstOp_fwd_29=FLAT_WR_3
enum_InstOp_fwd_30=FLAT_WR_4
enum_InstOp_fwd_31=FLAT_WR_5
enum_InstOp_fwd_32=FLAT_WR_6
enum_InstOp_fwd_33=SGMEM_RD_1
enum_InstOp_fwd_34=SGMEM_RD_2
enum_InstOp_fwd_36=SGMEM_WR_2
enum_InstOp_fwd_37=SGMEM_WR_3
enum_InstOp_fwd_38=SGMEM_WR_4
enum_InstOp_fwd_39=SGMEM_WR_5
enum_InstOp_fwd_40=SGMEM_WR_6
enum_InstOp_fwd_41=LDS_RD
enum_InstOp_fwd_42=LDS_WR_1
enum_InstOp_fwd_43=LDS_WR_2
enum_InstOp_fwd_44=LDS_WR_3
enum_InstOp_fwd_45=LDS_WR_4
enum_InstOp_fwd_46=LDS_WR_5
enum_InstOp_fwd_80=OTHER_LDS_1
enum_InstOp_fwd_81=OTHER_LDS_2
enum_InstOp_fwd_82=OTHER_LDS_3
enum_InstOp_fwd_83=OTHER_LDS_4
enum_InstOp_fwd_84=OTHER_LDS_5
enum_InstOp_fwd_85=OTHER_FLAT_2
enum_InstOp_fwd_86=OTHER_FLAT_3
enum_InstOp_fwd_87=OTHER_FLAT_4
enum_InstOp_fwd_88=OTHER_FLAT_5
enum_InstOp_fwd_89=OTHER_FLAT_6
enum_InstOp_fwd_90=OTHER_VMEM_1
enum_InstOp_fwd_91=OTHER_VMEM_2
enum_InstOp_fwd_92=OTHER_VMEM_3
enum_InstOp_fwd_93=OTHER_VMEM_4
enum_InstOp_fwd_94=OTHER_VMEM_5
enum_InstOp_fwd_95=OTHER_VMEM_6
enum_InstOp_fwd_96=OTHER_VMEM_7
enum_InstOp_fwd_97=OTHER_VMEM_8
enum_InstOp_fwd_98=OTHER_VMEM_9
enum_InstOp_fwd_99=OTHER_VMEM_10
enum_InstOp_fwd_100=OTHER_VMEM_11
enum_InstOp_fwd_101=OTHER_VMEM_12
enum_InstOp_fwd_102=OTHER_VMEM_13
enum_InstOp_fwd_114=SALU_WR_EXEC
enum_InstOp_fwd_115=VALU1_WR_EXEC
enum_InstOp_rev_SALU=0
enum_InstOp_rev_SMEM_RD=1
enum_InstOp_rev_JUMP=3
enum_InstOp_rev_JUMP_NO=4
enum_InstOp_rev_CALL=5
enum_InstOp_rev_MESSAGE=9
enum_InstOp_rev_VALUT_4=11
enum_InstOp_rev_VALUB_2=13
enum_InstOp_rev_VALUB_4=14
enum_InstOp_rev_VALUB_16=15
enum_InstOp_rev_VINTERP=18
enum_InstOp_rev_BARRIER=19
enum_InstOp_rev_FLAT_RD_2=28
enum_InstOp_rev_FLAT_WR_3=29
enum_InstOp_rev_FLAT_WR_4=30
enum_InstOp_rev_FLAT_WR_5=31
enum_InstOp_rev_FLAT_WR_6=32
enum_InstOp_rev_SGMEM_RD_1=33
enum_InstOp_rev_SGMEM_RD_2=34
enum_InstOp_rev_SGMEM_WR_2=36
enum_InstOp_rev_SGMEM_WR_3=37
enum_InstOp_rev_SGMEM_WR_4=38
enum_InstOp_rev_SGMEM_WR_5=39
enum_InstOp_rev_SGMEM_WR_6=40
enum_InstOp_rev_LDS_RD=41
enum_InstOp_rev_LDS_WR_1=42
enum_InstOp_rev_LDS_WR_2=43
enum_InstOp_rev_LDS_WR_3=44
enum_InstOp_rev_LDS_WR_4=45
enum_InstOp_rev_LDS_WR_5=46
enum_InstOp_rev_OTHER_LDS_1=80
enum_InstOp_rev_OTHER_LDS_2=81
enum_InstOp_rev_OTHER_LDS_3=82
enum_InstOp_rev_OTHER_LDS_4=83
enum_InstOp_rev_OTHER_LDS_5=84
enum_InstOp_rev_OTHER_FLAT_2=85
enum_InstOp_rev_OTHER_FLAT_3=86
enum_InstOp_rev_OTHER_FLAT_4=87
enum_InstOp_rev_OTHER_FLAT_5=88
enum_InstOp_rev_OTHER_FLAT_6=89
enum_InstOp_rev_OTHER_VMEM_1=90
enum_InstOp_rev_OTHER_VMEM_2=91
enum_InstOp_rev_OTHER_VMEM_3=92
enum_InstOp_rev_OTHER_VMEM_4=93
enum_InstOp_rev_OTHER_VMEM_5=94
enum_InstOp_rev_OTHER_VMEM_6=95
enum_InstOp_rev_OTHER_VMEM_7=96
enum_InstOp_rev_OTHER_VMEM_8=97
enum_InstOp_rev_OTHER_VMEM_9=98
enum_InstOp_rev_OTHER_VMEM_10=99
enum_InstOp_rev_OTHER_VMEM_11=100
enum_InstOp_rev_OTHER_VMEM_12=101
enum_InstOp_rev_OTHER_VMEM_13=102
enum_InstOp_rev_SALU_WR_EXEC=114
enum_InstOp_rev_VALU1_WR_EXEC=115
enum_InstOpRDNA4_n=106
enum_InstOpRDNA4_fwd_0=SALU
enum_InstOpRDNA4_fwd_1=SMEM
enum_InstOpRDNA4_fwd_2=SMEM_WR
enum_InstOpRDNA4_fwd_3=JUMP
enum_InstOpRDNA4_fwd_4=JUMP_NO
enum_InstOpRDNA4_fwd_5=CALL
enum_InstOpRDNA4_fwd_7=SALU_NO_EXEC
enum_InstOpRDNA4_fwd_9=MESSAGE
enum_InstOpRDNA4_fwd_10=VALU_1
enum_InstOpRDNA4_fwd_11=VALUT_4
enum_InstOpRDNA4_fwd_12=VALUB_1
enum_InstOpRDNA4_fwd_13=VALUB_2
enum_InstOpRDNA4_fwd_14=VALUB_4
enum_InstOpRDNA4_fwd_15=VALUB_16
enum_InstOpRDNA4_fwd_18=VINTERP
enum_InstOpRDNA4_fwd_19=BARRIER_WAIT
enum_InstOpRDNA4_fwd_28=FLAT_RD_2
enum_InstOpRDNA4_fwd_29=FLAT_WR_3
enum_InstOpRDNA4_fwd_30=FLAT_WR_4
enum_InstOpRDNA4_fwd_31=FLAT_WR_5
enum_InstOpRDNA4_fwd_32=FLAT_WR_6
enum_InstOpRDNA4_fwd_33=VMEM_RD_1
enum_InstOpRDNA4_fwd_34=VMEM_RD_2
enum_InstOpRDNA4_fwd_35=VMEM_WR_1
enum_InstOpRDNA4_fwd_36=VMEM_WR_2
enum_InstOpRDNA4_fwd_37=VMEM_WR_3
enum_InstOpRDNA4_fwd_38=VMEM_WR_4
enum_InstOpRDNA4_fwd_39=VMEM_WR_5
enum_InstOpRDNA4_fwd_40=VMEM_WR_6
enum_InstOpRDNA4_fwd_41=LDS_RD
enum_InstOpRDNA4_fwd_42=LDS_WR_1
enum_InstOpRDNA4_fwd_43=LDS_WR_2
enum_InstOpRDNA4_fwd_44=LDS_WR_3
enum_InstOpRDNA4_fwd_45=LDS_WR_4
enum_InstOpRDNA4_fwd_46=LDS_WR_5
enum_InstOpRDNA4_fwd_47=BUF_RD_1
enum_InstOpRDNA4_fwd_48=BUF_RD_2
enum_InstOpRDNA4_fwd_49=BUF_WR_1
enum_InstOpRDNA4_fwd_50=BUF_WR_2
enum_InstOpRDNA4_fwd_51=BUF_WR_3
enum_InstOpRDNA4_fwd_52=BUF_WR_4
enum_InstOpRDNA4_fwd_53=BUF_WR_5
enum_InstOpRDNA4_fwd_54=BUF_WR_6
enum_InstOpRDNA4_fwd_80=OTHER_LDS_1
enum_InstOpRDNA4_fwd_81=OTHER_LDS_2
enum_InstOpRDNA4_fwd_82=OTHER_LDS_3
enum_InstOpRDNA4_fwd_83=OTHER_LDS_4
enum_InstOpRDNA4_fwd_84=OTHER_LDS_5
enum_InstOpRDNA4_fwd_85=OTHER_FLAT_2
enum_InstOpRDNA4_fwd_86=OTHER_FLAT_3
enum_InstOpRDNA4_fwd_87=OTHER_FLAT_4
enum_InstOpRDNA4_fwd_88=OTHER_FLAT_5
enum_InstOpRDNA4_fwd_89=OTHER_FLAT_6
enum_InstOpRDNA4_fwd_110=LDS_DIR_LOAD
enum_InstOpRDNA4_fwd_111=LDS_PARAM_LOAD
enum_InstOpRDNA4_fwd_114=SALU_WR_EXEC
enum_InstOpRDNA4_fwd_115=VALU1_WR_EXEC
enum_InstOpRDNA4_fwd_116=VALU_WR_EXEC_2
enum_InstOpRDNA4_fwd_119=OTHER_LDS_6
enum_InstOpRDNA4_fwd_120=OTHER_LDS_10
enum_InstOpRDNA4_fwd_122=BARRIER_SIGNAL
enum_InstOpRDNA4_fwd_135=DYN_VGPR
enum_InstOpRDNA4_fwd_138=BARRIER_JOIN
enum_InstOpRDNA4_fwd_140=WMMA_8
enum_InstOpRDNA4_fwd_141=WMMA_16
enum_InstOpRDNA4_fwd_142=WMMA_32
enum_InstOpRDNA4_fwd_143=WMMA_64
enum_InstOpRDNA4_fwd_146=VALU_DPFP
enum_InstOpRDNA4_fwd_152=SALU_FLOAT_3
enum_InstOpRDNA4_fwd_153=VALU_SCL_TRANS
enum_InstOpRDNA4_fwd_155=SALU_2
enum_InstOpRDNA4_fwd_156=SALU_5
enum_InstOpRDNA4_fwd_188=OTHER_VMEM_1
enum_InstOpRDNA4_fwd_189=OTHER_VMEM_2
enum_InstOpRDNA4_fwd_190=OTHER_VMEM_3
enum_InstOpRDNA4_fwd_191=OTHER_VMEM_4
enum_InstOpRDNA4_fwd_192=OTHER_VMEM_5
enum_InstOpRDNA4_fwd_193=OTHER_VMEM_6
enum_InstOpRDNA4_fwd_194=OTHER_VMEM_7
enum_InstOpRDNA4_fwd_195=OTHER_VMEM_8
enum_InstOpRDNA4_fwd_196=OTHER_VMEM_9
enum_InstOpRDNA4_fwd_197=OTHER_VMEM_10
enum_InstOpRDNA4_fwd_198=OTHER_VMEM_11
enum_InstOpRDNA4_fwd_199=OTHER_VMEM_12
enum_InstOpRDNA4_fwd_200=OTHER_VMEM_13
enum_InstOpRDNA4_fwd_201=OTHER_VMEM_14
enum_InstOpRDNA4_fwd_202=OTHER_VMEM_15
enum_InstOpRDNA4_fwd_203=OTHER_VMEM_16
enum_InstOpRDNA4_fwd_204=OTHER_VMEM_17
enum_InstOpRDNA4_fwd_205=OTHER_VMEM_18
enum_InstOpRDNA4_fwd_206=OTHER_VMEM_19
enum_InstOpRDNA4_fwd_207=OTHER_VMEM_20
enum_InstOpRDNA4_fwd_208=OTHER_VMEM_21
enum_InstOpRDNA4_fwd_209=OTHER_VMEM_22
enum_InstOpRDNA4_fwd_210=OTHER_VMEM_23
enum_InstOpRDNA4_fwd_211=OTHER_VMEM_24
enum_InstOpRDNA4_fwd_212=OTHER_VMEM_25
enum_InstOpRDNA4_fwd_213=OTHER_VMEM_26
enum_InstOpRDNA4_fwd_214=OTHER_VMEM_27
enum_InstOpRDNA4_fwd_215=OTHER_VMEM_28
enum_InstOpRDNA4_fwd_216=OTHER_VMEM_29
enum_InstOpRDNA4_fwd_217=OTHER_VMEM_30
enum_InstOpRDNA4_fwd_218=OTHER_VMEM_31
enum_InstOpRDNA4_fwd_219=OTHER_VMEM_32
enum_InstOpRDNA4_fwd_220=OTHER_VMEM_33
enum_InstOpRDNA4_fwd_221=OTHER_VMEM_34
enum_InstOpRDNA4_rev_SALU=0
enum_InstOpRDNA4_rev_SMEM=1
enum_InstOpRDNA4_rev_SMEM_WR=2
enum_InstOpRDNA4_rev_JUMP=3
enum_InstOpRDNA4_rev_JUMP_NO=4
enum_InstOpRDNA4_rev_CALL=5
enum_InstOpRDNA4_rev_SALU_NO_EXEC=7
enum_InstOpRDNA4_rev_MESSAGE=9
enum_InstOpRDNA4_rev_VALU_1=10
enum_InstOpRDNA4_rev_VALUT_4=11
enum_InstOpRDNA4_rev_VALUB_1=12
enum_InstOpRDNA4_rev_VALUB_2=13
enum_InstOpRDNA4_rev_VALUB_4=14
enum_InstOpRDNA4_rev_VALUB_16=15
enum_InstOpRDNA4_rev_VINTERP=18
enum_InstOpRDNA4_rev_BARRIER_WAIT=19
enum_InstOpRDNA4_rev_FLAT_RD_2=28
enum_InstOpRDNA4_rev_FLAT_WR_3=29
enum_InstOpRDNA4_rev_FLAT_WR_4=30
enum_InstOpRDNA4_rev_FLAT_WR_5=31
enum_InstOpRDNA4_rev_FLAT_WR_6=32
enum_InstOpRDNA4_rev_VMEM_RD_1=33
enum_InstOpRDNA4_rev_VMEM_RD_2=34
enum_InstOpRDNA4_rev_VMEM_WR_1=35
enum_InstOpRDNA4_rev_VMEM_WR_2=36
enum_InstOpRDNA4_rev_VMEM_WR_3=37
enum_InstOpRDNA4_rev_VMEM_WR_4=38
enum_InstOpRDNA4_rev_VMEM_WR_5=39
enum_InstOpRDNA4_rev_VMEM_WR_6=40
enum_InstOpRDNA4_rev_LDS_RD=41
enum_InstOpRDNA4_rev_LDS_WR_1=42
enum_InstOpRDNA4_rev_LDS_WR_2=43
enum_InstOpRDNA4_rev_LDS_WR_3=44
enum_InstOpRDNA4_rev_LDS_WR_4=45
enum_InstOpRDNA4_rev_LDS_WR_5=46
enum_InstOpRDNA4_rev_BUF_RD_1=47
enum_InstOpRDNA4_rev_BUF_RD_2=48
enum_InstOpRDNA4_rev_BUF_WR_1=49
enum_InstOpRDNA4_rev_BUF_WR_2=50
enum_InstOpRDNA4_rev_BUF_WR_3=51
enum_InstOpRDNA4_rev_BUF_WR_4=52
enum_InstOpRDNA4_rev_BUF_WR_5=53
enum_InstOpRDNA4_rev_BUF_WR_6=54
enum_InstOpRDNA4_rev_OTHER_LDS_1=80
enum_InstOpRDNA4_rev_OTHER_LDS_2=81
enum_InstOpRDNA4_rev_OTHER_LDS_3=82
enum_InstOpRDNA4_rev_OTHER_LDS_4=83
enum_InstOpRDNA4_rev_OTHER_LDS_5=84
enum_InstOpRDNA4_rev_OTHER_FLAT_2=85
enum_InstOpRDNA4_rev_OTHER_FLAT_3=86
enum_InstOpRDNA4_rev_OTHER_FLAT_4=87
enum_InstOpRDNA4_rev_OTHER_FLAT_5=88
enum_InstOpRDNA4_rev_OTHER_FLAT_6=89
enum_InstOpRDNA4_rev_LDS_DIR_LOAD=110
enum_InstOpRDNA4_rev_LDS_PARAM_LOAD=111
enum_InstOpRDNA4_rev_SALU_WR_EXEC=114
enum_InstOpRDNA4_rev_VALU1_WR_EXEC=115
enum_InstOpRDNA4_rev_VALU_WR_EXEC_2=116
enum_InstOpRDNA4_rev_OTHER_LDS_6=119
enum_InstOpRDNA4_rev_OTHER_LDS_10=120
enum_InstOpRDNA4_rev_BARRIER_SIGNAL=122
enum_InstOpRDNA4_rev_DYN_VGPR=135
enum_InstOpRDNA4_rev_BARRIER_JOIN=138
enum_InstOpRDNA4_rev_WMMA_8=140
enum_InstOpRDNA4_rev_WMMA_16=141
enum_InstOpRDNA4_rev_WMMA_32=142
enum_InstOpRDNA4_rev_WMMA_64=143
enum_InstOpRDNA4_rev_VALU_DPFP=146
enum_InstOpRDNA4_rev_SALU_FLOAT_3=152
enum_InstOpRDNA4_rev_VALU_SCL_TRANS=153
enum_InstOpRDNA4_rev_SALU_2=155
enum_InstOpRDNA4_rev_SALU_5=156
enum_InstOpRDNA4_rev_OTHER_VMEM_1=188
enum_InstOpRDNA4_rev_OTHER_VMEM_2=189
enum_InstOpRDNA4_rev_OTHER_VMEM_3=190
enum_InstOpRDNA4_rev_OTHER_VMEM_4=191
enum_InstOpRDNA4_rev_OTHER_VMEM_5=192
enum_InstOpRDNA4_rev_OTHER_VMEM_6=193
enum_InstOpRDNA4_rev_OTHER_VMEM_7=194
enum_InstOpRDNA4_rev_OTHER_VMEM_8=195
enum_InstOpRDNA4_rev_OTHER_VMEM_9=196
enum_InstOpRDNA4_rev_OTHER_VMEM_10=197
enum_InstOpRDNA4_rev_OTHER_VMEM_11=198
enum_InstOpRDNA4_rev_OTHER_VMEM_12=199
enum_InstOpRDNA4_rev_OTHER_VMEM_13=200
enum_InstOpRDNA4_rev_OTHER_VMEM_14=201
enum_InstOpRDNA4_rev_OTHER_VMEM_15=202
enum_InstOpRDNA4_rev_OTHER_VMEM_16=203
enum_InstOpRDNA4_rev_OTHER_VMEM_17=204
enum_InstOpRDNA4_rev_OTHER_VMEM_18=205
enum_InstOpRDNA4_rev_OTHER_VMEM_19=206
enum_InstOpRDNA4_rev_OTHER_VMEM_20=207
enum_InstOpRDNA4_rev_OTHER_VMEM_21=208
enum_InstOpRDNA4_rev_OTHER_VMEM_22=209
enum_InstOpRDNA4_rev_OTHER_VMEM_23=210
enum_InstOpRDNA4_rev_OTHER_VMEM_24=211
enum_InstOpRDNA4_rev_OTHER_VMEM_25=212
enum_InstOpRDNA4_rev_OTHER_VMEM_26=213
enum_InstOpRDNA4_rev_OTHER_VMEM_27=214
enum_InstOpRDNA4_rev_OTHER_VMEM_28=215
enum_InstOpRDNA4_rev_OTHER_VMEM_29=216
enum_InstOpRDNA4_rev_OTHER_VMEM_30=217
enum_InstOpRDNA4_rev_OTHER_VMEM_31=218
enum_InstOpRDNA4_rev_OTHER_VMEM_32=219
enum_InstOpRDNA4_rev_OTHER_VMEM_33=220
enum_InstOpRDNA4_rev_OTHER_VMEM_34=221
enum_InstOpCDNA_n=16
enum_InstOpCDNA_fwd_0=SMEM_RD
enum_InstOpCDNA_fwd_1=SALU_32
enum_InstOpCDNA_fwd_2=VMEM_RD
enum_InstOpCDNA_fwd_3=VMEM_WR
enum_InstOpCDNA_fwd_4=FLAT_WR
enum_InstOpCDNA_fwd_5=VALU_32
enum_InstOpCDNA_fwd_6=LDS
enum_InstOpCDNA_fwd_7=PC
enum_InstOpCDNA_fwd_12=JUMP
enum_InstOpCDNA_fwd_13=NEXT
enum_InstOpCDNA_fwd_14=FLAT_RD
enum_InstOpCDNA_fwd_15=OTHER_MSG
enum_InstOpCDNA_fwd_16=SMEM_WR
enum_InstOpCDNA_fwd_17=SALU_64
enum_InstOpCDNA_fwd_18=VALU_64
enum_InstOpCDNA_fwd_28=VALU_MAI
enum_InstOpCDNA_rev_SMEM_RD=0
enum_InstOpCDNA_rev_SALU_32=1
enum_InstOpCDNA_rev_VMEM_RD=2
enum_InstOpCDNA_rev_VMEM_WR=3
enum_InstOpCDNA_rev_FLAT_WR=4
enum_InstOpCDNA_rev_VALU_32=5
enum_InstOpCDNA_rev_LDS=6
enum_InstOpCDNA_rev_PC=7
enum_InstOpCDNA_rev_JUMP=12
enum_InstOpCDNA_rev_NEXT=13
enum_InstOpCDNA_rev_FLAT_RD=14
enum_InstOpCDNA_rev_OTHER_MSG=15
enum_InstOpCDNA_rev_SMEM_WR=16
enum_InstOpCDNA_rev_SALU_64=17
enum_InstOpCDNA_rev_VALU_64=18
enum_InstOpCDNA_rev_VALU_MAI=28
sqtt-done=1
