elf_F_EHDR=e_ident,e_type,e_machine,e_version,e_entry,e_phoff,e_shoff,e_flags,e_ehsize,e_phentsize,e_phnum,e_shentsize,e_shnum,e_shstrndx
elf_F_SHDR=sh_name,sh_type,sh_flags,sh_addr,sh_offset,sh_size,sh_link,sh_info,sh_addralign,sh_entsize
elf_F_SYM64=st_name,st_info,st_other,st_shndx,st_value,st_size
elf_F_SYM32=st_name,st_value,st_size,st_info,st_other,st_shndx
elf_F_RELA=r_offset,r_info,r_addend
elf_F_REL=r_offset,r_info
elf_c_ELFMAG=2135247942
elf_c_EI_CLASS=4
elf_c_ELFCLASS32=1
elf_c_ELFCLASS64=2
elf_c_SHT_NULL=0
elf_c_SHT_PROGBITS=1
elf_c_SHT_SYMTAB=2
elf_c_SHT_STRTAB=3
elf_c_SHT_RELA=4
elf_c_SHT_NOBITS=8
elf_c_SHT_REL=9
elf_c_SHF_WRITE=1
elf_c_SHF_ALLOC=2
elf_c_SHF_EXECINSTR=4
elf_blk_hexlen=4240
elf_blk_bytes=2120
elf_blk_magic_hex=7f454c46
elf_blk_u8_0=127
elf_blk_u8_1=69
elf_blk_u8_3=70
elf_blk_u8_4=2
elf_blk_le16_16=1
elf_blk_le16_18=62
elf_blk_le32_20=1
elf_blk_le32_40=1160
elf_blk_le32_44=0
elf_blk_le32_56=4194304
elf_blk_le32_60=65551
elf_blk_slice_0_4=7f454c46
elf_blk_slice_4_4=02010100
elf_blk_slice_896_16=08000000000000000100000005000000
elf_hexval_0=0
elf_hexval_9=9
elf_hexval_a=10
elf_hexval_f=15
elf_hexval_A=10
elf_hexval_F=15
elf_hexval_z=15
elf_hexval_g=15
elf_hexval_slash=15
elf_hexdig=0123456789abcdef
elf_hexof_deadbeef=deadbeef
elf_hexof_0=00000000
elf_hexof_ffffffff=ffffffff
elf_hexpair_1234=3412
elf_hexu8_ff=ff
elf_hexu8_00=00
elf_magic_e64=1
elf_magic_ea64=1
elf_magic_e32=1
elf_magic_n64=1
elf_magic_na64=1
elf_magic_n32=1
elf_magic_ja64=1
elf_magic_r64so=1
elf_magic_rx64exe=1
elf_ei_class_e64=2
elf_ei_class_ea64=2
elf_ei_class_e32=1
elf_ei_class_n64=2
elf_ei_class_na64=2
elf_ei_class_n32=1
elf_ei_class_ja64=2
elf_ei_class_r64so=2
elf_ei_class_rx64exe=2
elf_ecls_e64=Elf64
elf_ecls_ea64=Elf64
elf_ecls_e32=Elf32
elf_ecls_n64=Elf64
elf_ecls_na64=Elf64
elf_ecls_n32=Elf32
elf_ecls_ja64=Elf64
elf_ecls_r64so=Elf64
elf_ecls_rx64exe=Elf64
elf_is64_e64=1
elf_is64_ea64=1
elf_is64_e32=0
elf_is64_n64=1
elf_is64_na64=1
elf_is64_n32=0
elf_is64_ja64=1
elf_is64_r64so=1
elf_is64_rx64exe=1
elf_ehdr_size64=64
elf_ehdr_size32=52
elf_shdr_size64=64
elf_shdr_size32=40
elf_sym_size64=24
elf_sym_size32=16
elf_eident_size=16
elf_hdr_e64_hdr=e_type@16:1,e_machine@18:62,e_version@20:1,e_entry@24:0:0,e_phoff@32:0:0,e_shoff@40:0:1160,e_flags@48:0,e_ehsize@52:64,e_phentsize@54:0,e_phnum@56:0,e_shentsize@58:64,e_shnum@60:15,e_shstrndx@62:1
elf_hdr_e64_ehsize=64
elf_hdr_e64_shoff=0:1160
elf_hdr_e64_phoff=0:0
elf_hdr_e64_entry=0:0
elf_hdr_e64_shnum=15
elf_hdr_e64_shstrndx=1
elf_hdr_e64_shentsize_declared=64
elf_hdr_e64_shdr_stride=64
elf_hdr_e64_shdr_nfields=6
elf_hdr_e64_magic=7f454c46
elf_hdr_e64_bytes=2120
elf_hdr_e64_is64=True
elf_hdr_ea64_hdr=e_type@16:1,e_machine@18:183,e_version@20:1,e_entry@24:0:0,e_phoff@32:0:0,e_shoff@40:0:1376,e_flags@48:0,e_ehsize@52:64,e_phentsize@54:0,e_phnum@56:0,e_shentsize@58:64,e_shnum@60:14,e_shstrndx@62:1
elf_hdr_ea64_ehsize=64
elf_hdr_ea64_shoff=0:1376
elf_hdr_ea64_phoff=0:0
elf_hdr_ea64_entry=0:0
elf_hdr_ea64_shnum=14
elf_hdr_ea64_shstrndx=1
elf_hdr_ea64_shentsize_declared=64
elf_hdr_ea64_shdr_stride=64
elf_hdr_ea64_shdr_nfields=6
elf_hdr_ea64_magic=7f454c46
elf_hdr_ea64_bytes=2272
elf_hdr_ea64_is64=True
elf_hdr_e32_hdr=e_type@16:1,e_machine@18:3,e_version@20:1,e_entry@24:0:0,e_phoff@32:0:0,e_shoff@40:0:992,e_flags@48:0,e_ehsize@52:52,e_phentsize@54:0,e_phnum@56:0,e_shentsize@58:40,e_shnum@60:15,e_shstrndx@62:1
elf_hdr_e32_ehsize=52
elf_hdr_e32_shoff=0:992
elf_hdr_e32_phoff=0:0
elf_hdr_e32_entry=0:0
elf_hdr_e32_shnum=15
elf_hdr_e32_shstrndx=1
elf_hdr_e32_shentsize_declared=40
elf_hdr_e32_shdr_stride=40
elf_hdr_e32_shdr_nfields=4
elf_hdr_e32_magic=7f454c46
elf_hdr_e32_bytes=1592
elf_hdr_e32_is64=False
elf_hdr_n64_hdr=e_type@16:1,e_machine@18:62,e_version@20:1,e_entry@24:0:0,e_phoff@32:0:0,e_shoff@40:0:1160,e_flags@48:0,e_ehsize@52:64,e_phentsize@54:0,e_phnum@56:0,e_shentsize@58:64,e_shnum@60:15,e_shstrndx@62:1
elf_hdr_n64_ehsize=64
elf_hdr_n64_shoff=0:1160
elf_hdr_n64_phoff=0:0
elf_hdr_n64_entry=0:0
elf_hdr_n64_shnum=15
elf_hdr_n64_shstrndx=1
elf_hdr_n64_shentsize_declared=64
elf_hdr_n64_shdr_stride=64
elf_hdr_n64_shdr_nfields=6
elf_hdr_n64_magic=7f454c46
elf_hdr_n64_bytes=2120
elf_hdr_n64_is64=True
elf_hdr_na64_hdr=e_type@16:1,e_machine@18:183,e_version@20:1,e_entry@24:0:0,e_phoff@32:0:0,e_shoff@40:0:1368,e_flags@48:0,e_ehsize@52:64,e_phentsize@54:0,e_phnum@56:0,e_shentsize@58:64,e_shnum@60:14,e_shstrndx@62:1
elf_hdr_na64_ehsize=64
elf_hdr_na64_shoff=0:1368
elf_hdr_na64_phoff=0:0
elf_hdr_na64_entry=0:0
elf_hdr_na64_shnum=14
elf_hdr_na64_shstrndx=1
elf_hdr_na64_shentsize_declared=64
elf_hdr_na64_shdr_stride=64
elf_hdr_na64_shdr_nfields=6
elf_hdr_na64_magic=7f454c46
elf_hdr_na64_bytes=2264
elf_hdr_na64_is64=True
elf_hdr_n32_hdr=e_type@16:1,e_machine@18:3,e_version@20:1,e_entry@24:0:0,e_phoff@32:0:0,e_shoff@40:0:992,e_flags@48:0,e_ehsize@52:52,e_phentsize@54:0,e_phnum@56:0,e_shentsize@58:40,e_shnum@60:15,e_shstrndx@62:1
elf_hdr_n32_ehsize=52
elf_hdr_n32_shoff=0:992
elf_hdr_n32_phoff=0:0
elf_hdr_n32_entry=0:0
elf_hdr_n32_shnum=15
elf_hdr_n32_shstrndx=1
elf_hdr_n32_shentsize_declared=40
elf_hdr_n32_shdr_stride=40
elf_hdr_n32_shdr_nfields=4
elf_hdr_n32_magic=7f454c46
elf_hdr_n32_bytes=1592
elf_hdr_n32_is64=False
elf_hdr_ja64_hdr=e_type@16:1,e_machine@18:183,e_version@20:1,e_entry@24:0:0,e_phoff@32:0:0,e_shoff@40:0:768,e_flags@48:0,e_ehsize@52:64,e_phentsize@54:0,e_phnum@56:0,e_shentsize@58:64,e_shnum@60:11,e_shstrndx@62:1
elf_hdr_ja64_ehsize=64
elf_hdr_ja64_shoff=0:768
elf_hdr_ja64_phoff=0:0
elf_hdr_ja64_entry=0:0
elf_hdr_ja64_shnum=11
elf_hdr_ja64_shstrndx=1
elf_hdr_ja64_shentsize_declared=64
elf_hdr_ja64_shdr_stride=64
elf_hdr_ja64_shdr_nfields=6
elf_hdr_ja64_magic=7f454c46
elf_hdr_ja64_bytes=1472
elf_hdr_ja64_is64=True
elf_hdr_r64so_hdr=e_type@16:3,e_machine@18:62,e_version@20:1,e_entry@24:0:0,e_phoff@32:0:64,e_shoff@40:0:2152,e_flags@48:0,e_ehsize@52:64,e_phentsize@54:56,e_phnum@56:9,e_shentsize@58:64,e_shnum@60:20,e_shstrndx@62:18
elf_hdr_r64so_ehsize=64
elf_hdr_r64so_shoff=0:2152
elf_hdr_r64so_phoff=0:64
elf_hdr_r64so_entry=0:0
elf_hdr_r64so_shnum=20
elf_hdr_r64so_shstrndx=18
elf_hdr_r64so_shentsize_declared=64
elf_hdr_r64so_shdr_stride=64
elf_hdr_r64so_shdr_nfields=6
elf_hdr_r64so_magic=7f454c46
elf_hdr_r64so_bytes=3432
elf_hdr_r64so_is64=True
elf_hdr_rx64exe_hdr=e_type@16:2,e_machine@18:62,e_version@20:1,e_entry@24:0:0,e_phoff@32:0:64,e_shoff@40:0:5528,e_flags@48:0,e_ehsize@52:64,e_phentsize@54:56,e_phnum@56:10,e_shentsize@58:64,e_shnum@60:16,e_shstrndx@62:14
elf_hdr_rx64exe_ehsize=64
elf_hdr_rx64exe_shoff=0:5528
elf_hdr_rx64exe_phoff=0:64
elf_hdr_rx64exe_entry=0:0
elf_hdr_rx64exe_shnum=16
elf_hdr_rx64exe_shstrndx=14
elf_hdr_rx64exe_shentsize_declared=64
elf_hdr_rx64exe_shdr_stride=64
elf_hdr_rx64exe_shdr_nfields=6
elf_hdr_rx64exe_magic=7f454c46
elf_hdr_rx64exe_bytes=6552
elf_hdr_rx64exe_is64=True
elf_sec_e64_nsec=15
elf_sec_e64_names=,.strtab,.text,.rela.text,.rodata.cst8,.data,.rela.data,.rodata.cst32,.rodata.str1.1,.comment,.note.GNU-stack,.eh_frame,.rela.eh_frame,.llvm_addrsig,.symtab
elf_sec_e64_hdrtxt=sh_name@0:0,sh_type@4:0,sh_flags@8:0:0,sh_addr@16:0:0,sh_offset@24:0:0,sh_size@32:0:0,sh_link@40:0,sh_info@44:0,sh_addralign@48:0:0,sh_entsize@56:0:0;sh_name@0:98,sh_type@4:3,sh_flags@8:0:0,sh_addr@16:0:0,sh_offset@24:0:968,sh_size@32:0:191,sh_link@40:0,sh_info@44:0,sh_addralign@48:0:1,sh_entsize@56:0:0;sh_name@0:6,sh_type@4:1,sh_flags@8:0:6,sh_addr@16:0:0,sh_offset@24:0:64,sh_size@32:0:179,sh_link@40:0,sh_info@44:0,sh_addralign@48:0:16,sh_entsize@56:0:0;sh_name@0:1,sh_type@4:4,sh_flags@8:0:64,sh_addr@16:0:0,sh_offset@24:0:752,sh_size@32:0:144,sh_link@40:14,sh_info@44:2,sh_addralign@48:0:8,sh_entsize@56:0:24;sh_name@0:140,sh_type@4:1,sh_flags@8:0:18,sh_addr@16:0:0,sh_offset@24:0:248,sh_size@32:0:8,sh_link@40:0,sh_info@44:0,sh_addralign@48:0:8,sh_entsize@56:0:8;sh_name@0:134,sh_type@4:1,sh_flags@8:0:3,sh_addr@16:0:0,sh_offset@24:0:256,sh_size@32:0:16,sh_link@40:0,sh_info@44:0,sh_addralign@48:0:8,sh_entsize@56:0:0;sh_name@0:129,sh_type@4:4,sh_flags@8:0:64,sh_addr@16:0:0,sh_offset@24:0:896,sh_size@32:0:24,sh_link@40:14,sh_info@44:5,sh_addralign@48:0:8,sh_entsize@56:0:24;sh_name@0:153,sh_type@4:1,sh_flags@8:0:18,sh_addr@16:0:0,sh_offset@24:0:272,sh_size@32:0:32,sh_link@40:0,sh_info@44:0,sh_addralign@48:0:16,sh_entsize@56:0:32;sh_name@0:167,sh_type@4:1,sh_flags@8:0:50,sh_addr@16:0:0,sh_offset@24:0:304,sh_size@32:0:10,sh_link@40:0,sh_info@44:0,sh_addralign@48:0:1,sh_entsize@56:0:1;sh_name@0:12,sh_type@4:1,sh_flags@8:0:48,sh_addr@16:0:0,sh_offset@24:0:314,sh_size@32:0:49,sh_link@40:0,sh_info@44:0,sh_addralign@48:0:1,sh_entsize@56:0:1;sh_name@0:44,sh_type@4:1,sh_flags@8:0:0,sh_addr@16:0:0,sh_offset@24:0:363,sh_size@32:0:0,sh_link@40:0,sh_info@44:0,sh_addralign@48:0:1,sh_entsize@56:0:0;sh_name@0:83,sh_type@4:1879048193,sh_flags@8:0:2,sh_addr@16:0:0,sh_offset@24:0:368,sh_size@32:0:96,sh_link@40:0,sh_info@44:0,sh_addralign@48:0:8,sh_entsize@56:0:0;sh_name@0:78,sh_type@4:4,sh_flags@8:0:64,sh_addr@16:0:0,sh_offset@24:0:920,sh_size@32:0:48,sh_link@40:14,sh_info@44:11,sh_addralign@48:0:8,sh_entsize@56:0:24;sh_name@0:64,sh_type@4:1879002115,sh_flags@8:0:2147483648,sh_addr@16:0:0,sh_offset@24:0:968,sh_size@32:0:0,sh_link@40:14,sh_info@44:0,sh_addralign@48:0:1,sh_entsize@56:0:0;sh_name@0:106,sh_type@4:2,sh_flags@8:0:0,sh_addr@16:0:0,sh_offset@24:0:464,sh_size@32:0:288,sh_link@40:1,sh_info@44:6,sh_addralign@48:0:8,sh_entsize@56:0:24
elf_sec_e64_sh_name=0,98,6,1,140,134,129,153,167,12,44,83,78,64,106
elf_sec_e64_sh_type=0,3,1,4,1,1,4,1,1,1,1,1879048193,4,1879002115,2
elf_sec_e64_sh_flags=0:0,0:0,0:6,0:64,0:18,0:3,0:64,0:18,0:50,0:48,0:0,0:2,0:64,0:2147483648,0:0
elf_sec_e64_sh_link=0,0,0,14,0,0,14,0,0,0,0,0,14,14,1
elf_sec_e64_sh_info=0,0,0,2,0,0,5,0,0,0,0,0,11,0,6
elf_sec_e64_sh_addr=0:0,0:0,0:0,0:0,0:0,0:0,0:0,0:0,0:0,0:0,0:0,0:0,0:0,0:0,0:0
elf_sec_e64_sh_offset=0:0,0:968,0:64,0:752,0:248,0:256,0:896,0:272,0:304,0:314,0:363,0:368,0:920,0:968,0:464
elf_sec_e64_sh_size=0:0,0:191,0:179,0:144,0:8,0:16,0:24,0:32,0:10,0:49,0:0,0:96,0:48,0:0,0:288
elf_sec_e64_sh_entsize=0:0,0:0,0:0,0:24,0:8,0:0,0:24,0:32,0:1,0:1,0:0,0:0,0:24,0:0,0:24
elf_sec_e64_content_lens=0,191,179,144,8,16,24,32,10,49,0,96,48,0,288
elf_sec_e64_content0=
elf_sec_e64_content1=002e72656c612e74
elf_sec_e64_shstrtab_bytes=191
elf_sec_ea64_nsec=14
elf_sec_ea64_names=,.strtab,.text,.rela.text,.data,.rela.data,.rodata.cst32,.rodata.str1.1,.comment,.note.GNU-stack,.eh_frame,.rela.eh_frame,.llvm_addrsig,.symtab
elf_sec_ea64_hdrtxt=sh_name@0:0,sh_type@4:0,sh_flags@8:0:0,sh_addr@16:0:0,sh_offset@24:0:0,sh_size@32:0:0,sh_link@40:0,sh_info@44:0,sh_addralign@48:0:0,sh_entsize@56:0:0;sh_name@0:104,sh_type@4:3,sh_flags@8:0:0,sh_addr@16:0:0,sh_offset@24:0:1200,sh_size@32:0:175,sh_link@40:0,sh_info@44:0,sh_addralign@48:0:1,sh_entsize@56:0:0;sh_name@0:9,sh_type@4:1,sh_flags@8:0:6,sh_addr@16:0:0,sh_offset@24:0:64,sh_size@32:0:188,sh_link@40:0,sh_info@44:0,sh_addralign@48:0:4,sh_entsize@56:0:0;sh_name@0:4,sh_type@4:4,sh_flags@8:0:64,sh_addr@16:0:0,sh_offset@24:0:912,sh_size@32:0:216,sh_link@40:13,sh_info@44:2,sh_addralign@48:0:8,sh_entsize@56:0:24;sh_name@0:140,sh_type@4:1,sh_flags@8:0:3,sh_addr@16:0:0,sh_offset@24:0:256,sh_size@32:0:16,sh_link@40:0,sh_info@44:0,sh_addralign@48:0:8,sh_entsize@56:0:0;sh_name@0:135,sh_type@4:4,sh_flags@8:0:64,sh_addr@16:0:0,sh_offset@24:0:1128,sh_size@32:0:24,sh_link@40:13,sh_info@44:4,sh_addralign@48:0:8,sh_entsize@56:0:24;sh_name@0:146,sh_type@4:1,sh_flags@8:0:18,sh_addr@16:0:0,sh_offset@24:0:272,sh_size@32:0:32,sh_link@40:0,sh_info@44:0,sh_addralign@48:0:8,sh_entsize@56:0:32;sh_name@0:160,sh_type@4:1,sh_flags@8:0:50,sh_addr@16:0:0,sh_offset@24:0:304,sh_size@32:0:10,sh_link@40:0,sh_info@44:0,sh_addralign@48:0:1,sh_entsize@56:0:1;sh_name@0:15,sh_type@4:1,sh_flags@8:0:48,sh_addr@16:0:0,sh_offset@24:0:314,sh_size@32:0:49,sh_link@40:0,sh_info@44:0,sh_addralign@48:0:1,sh_entsize@56:0:1;sh_name@0:47,sh_type@4:1,sh_flags@8:0:0,sh_addr@16:0:0,sh_offset@24:0:363,sh_size@32:0:0,sh_link@40:0,sh_info@44:0,sh_addralign@48:0:1,sh_entsize@56:0:0;sh_name@0:86,sh_type@4:1,sh_flags@8:0:2,sh_addr@16:0:0,sh_offset@24:0:368,sh_size@32:0:112,sh_link@40:0,sh_info@44:0,sh_addralign@48:0:8,sh_entsize@56:0:0;sh_name@0:81,sh_type@4:4,sh_flags@8:0:64,sh_addr@16:0:0,sh_offset@24:0:1152,sh_size@32:0:48,sh_link@40:13,sh_info@44:10,sh_addralign@48:0:8,sh_entsize@56:0:24;sh_name@0:67,sh_type@4:1879002115,sh_flags@8:0:2147483648,sh_addr@16:0:0,sh_offset@24:0:1200,sh_size@32:0:0,sh_link@40:13,sh_info@44:0,sh_addralign@48:0:1,sh_entsize@56:0:0;sh_name@0:112,sh_type@4:2,sh_flags@8:0:0,sh_addr@16:0:0,sh_offset@24:0:480,sh_size@32:0:432,sh_link@40:1,sh_info@44:12,sh_addralign@48:0:8,sh_entsize@56:0:24
elf_sec_ea64_sh_name=0,104,9,4,140,135,146,160,15,47,86,81,67,112
elf_sec_ea64_sh_type=0,3,1,4,1,4,1,1,1,1,1,4,1879002115,2
elf_sec_ea64_sh_flags=0:0,0:0,0:6,0:64,0:3,0:64,0:18,0:50,0:48,0:0,0:2,0:64,0:2147483648,0:0
elf_sec_ea64_sh_link=0,0,0,13,0,13,0,0,0,0,0,13,13,1
elf_sec_ea64_sh_info=0,0,0,2,0,4,0,0,0,0,0,10,0,12
elf_sec_ea64_sh_addr=0:0,0:0,0:0,0:0,0:0,0:0,0:0,0:0,0:0,0:0,0:0,0:0,0:0,0:0
elf_sec_ea64_sh_offset=0:0,0:1200,0:64,0:912,0:256,0:1128,0:272,0:304,0:314,0:363,0:368,0:1152,0:1200,0:480
elf_sec_ea64_sh_size=0:0,0:175,0:188,0:216,0:16,0:24,0:32,0:10,0:49,0:0,0:112,0:48,0:0,0:432
elf_sec_ea64_sh_entsize=0:0,0:0,0:0,0:24,0:0,0:24,0:32,0:1,0:1,0:0,0:0,0:24,0:0,0:24
elf_sec_ea64_content_lens=0,175,188,216,16,24,32,10,49,0,112,48,0,432
elf_sec_ea64_content0=
elf_sec_ea64_content1=002478002e72656c
elf_sec_ea64_shstrtab_bytes=175
elf_sec_e32_nsec=15
elf_sec_e32_names=,.strtab,.text,.rel.text,.rodata.cst8,.data,.rel.data,.rodata.cst32,.rodata.str1.1,.comment,.note.GNU-stack,.eh_frame,.rel.eh_frame,.llvm_addrsig,.symtab
elf_sec_e32_hdrtxt=sh_name@0:0,sh_type@4:0,sh_flags@8:0,sh_addr@12:0,sh_offset@16:0,sh_size@20:0,sh_link@24:0,sh_info@28:0,sh_addralign@32:0,sh_entsize@36:0;sh_name@0:96,sh_type@4:3,sh_flags@8:0,sh_addr@12:0,sh_offset@16:780,sh_size@20:210,sh_link@24:0,sh_info@28:0,sh_addralign@32:1,sh_entsize@36:0;sh_name@0:5,sh_type@4:1,sh_flags@8:6,sh_addr@12:0,sh_offset@16:64,sh_size@20:205,sh_link@24:0,sh_info@28:0,sh_addralign@32:16,sh_entsize@36:0;sh_name@0:1,sh_type@4:9,sh_flags@8:64,sh_addr@12:0,sh_offset@16:692,sh_size@20:64,sh_link@24:14,sh_info@28:2,sh_addralign@32:4,sh_entsize@36:8;sh_name@0:159,sh_type@4:1,sh_flags@8:18,sh_addr@12:0,sh_offset@16:272,sh_size@20:8,sh_link@24:0,sh_info@28:0,sh_addralign@32:8,sh_entsize@36:8;sh_name@0:131,sh_type@4:1,sh_flags@8:3,sh_addr@12:0,sh_offset@16:280,sh_size@20:8,sh_link@24:0,sh_info@28:0,sh_addralign@32:4,sh_entsize@36:0;sh_name@0:127,sh_type@4:9,sh_flags@8:64,sh_addr@12:0,sh_offset@16:756,sh_size@20:8,sh_link@24:14,sh_info@28:5,sh_addralign@32:4,sh_entsize@36:8;sh_name@0:172,sh_type@4:1,sh_flags@8:18,sh_addr@12:0,sh_offset@16:288,sh_size@20:32,sh_link@24:0,sh_info@28:0,sh_addralign@32:8,sh_entsize@36:32;sh_name@0:186,sh_type@4:1,sh_flags@8:50,sh_addr@12:0,sh_offset@16:320,sh_size@20:10,sh_link@24:0,sh_info@28:0,sh_addralign@32:1,sh_entsize@36:1;sh_name@0:11,sh_type@4:1,sh_flags@8:48,sh_addr@12:0,sh_offset@16:330,sh_size@20:49,sh_link@24:0,sh_info@28:0,sh_addralign@32:1,sh_entsize@36:1;sh_name@0:43,sh_type@4:1,sh_flags@8:0,sh_addr@12:0,sh_offset@16:379,sh_size@20:0,sh_link@24:0,sh_info@28:0,sh_addralign@32:1,sh_entsize@36:0;sh_name@0:81,sh_type@4:1,sh_flags@8:2,sh_addr@12:0,sh_offset@16:380,sh_size@20:104,sh_link@24:0,sh_info@28:0,sh_addralign@32:4,sh_entsize@36:0;sh_name@0:77,sh_type@4:9,sh_flags@8:64,sh_addr@12:0,sh_offset@16:764,sh_size@20:16,sh_link@24:14,sh_info@28:11,sh_addralign@32:4,sh_entsize@36:8;sh_name@0:63,sh_type@4:1879002115,sh_flags@8:2147483648,sh_addr@12:0,sh_offset@16:780,sh_size@20:0,sh_link@24:14,sh_info@28:0,sh_addralign@32:1,sh_entsize@36:0;sh_name@0:104,sh_type@4:2,sh_flags@8:0,sh_addr@12:0,sh_offset@16:484,sh_size@20:208,sh_link@24:1,sh_info@28:6,sh_addralign@32:4,sh_entsize@36:16
elf_sec_e32_sh_name=0,96,5,1,159,131,127,172,186,11,43,81,77,63,104
elf_sec_e32_sh_type=0,3,1,9,1,1,9,1,1,1,1,1,9,1879002115,2
elf_sec_e32_sh_flags=0:0,0:0,0:6,0:64,0:18,0:3,0:64,0:18,0:50,0:48,0:0,0:2,0:64,0:2147483648,0:0
elf_sec_e32_sh_link=0,0,0,14,0,0,14,0,0,0,0,0,14,14,1
elf_sec_e32_sh_info=0,0,0,2,0,0,5,0,0,0,0,0,11,0,6
elf_sec_e32_sh_addr=0:0,0:0,0:0,0:0,0:0,0:0,0:0,0:0,0:0,0:0,0:0,0:0,0:0,0:0,0:0
elf_sec_e32_sh_offset=0:0,0:780,0:64,0:692,0:272,0:280,0:756,0:288,0:320,0:330,0:379,0:380,0:764,0:780,0:484
elf_sec_e32_sh_size=0:0,0:210,0:205,0:64,0:8,0:8,0:8,0:32,0:10,0:49,0:0,0:104,0:16,0:0,0:208
elf_sec_e32_sh_entsize=0:0,0:0,0:0,0:8,0:8,0:0,0:8,0:32,0:1,0:1,0:0,0:0,0:8,0:0,0:16
elf_sec_e32_content_lens=0,210,205,64,8,8,8,32,10,49,0,104,16,0,208
elf_sec_e32_content0=
elf_sec_e32_content1=002e72656c2e7465
elf_sec_e32_shstrtab_bytes=210
elf_sec_n64_nsec=15
elf_sec_n64_names=,.strtab,.text,.rela.text,.rodata.cst8,.data,.rela.data,.rodata.cst32,.rodata.str1.1,.comment,.note.GNU-stack,.eh_frame,.rela.eh_frame,.llvm_addrsig,.symtab
elf_sec_n64_hdrtxt=sh_name@0:0,sh_type@4:0,sh_flags@8:0:0,sh_addr@16:0:0,sh_offset@24:0:0,sh_size@32:0:0,sh_link@40:0,sh_info@44:0,sh_addralign@48:0:0,sh_entsize@56:0:0;sh_name@0:98,sh_type@4:3,sh_flags@8:0:0,sh_addr@16:0:0,sh_offset@24:0:968,sh_size@32:0:191,sh_link@40:0,sh_info@44:0,sh_addralign@48:0:1,sh_entsize@56:0:0;sh_name@0:6,sh_type@4:1,sh_flags@8:0:6,sh_addr@16:0:0,sh_offset@24:0:64,sh_size@32:0:176,sh_link@40:0,sh_info@44:0,sh_addralign@48:0:16,sh_entsize@56:0:0;sh_name@0:1,sh_type@4:4,sh_flags@8:0:64,sh_addr@16:0:0,sh_offset@24:0:752,sh_size@32:0:144,sh_link@40:14,sh_info@44:2,sh_addralign@48:0:8,sh_entsize@56:0:24;sh_name@0:140,sh_type@4:1,sh_flags@8:0:18,sh_addr@16:0:0,sh_offset@24:0:240,sh_size@32:0:8,sh_link@40:0,sh_info@44:0,sh_addralign@48:0:8,sh_entsize@56:0:8;sh_name@0:134,sh_type@4:1,sh_flags@8:0:3,sh_addr@16:0:0,sh_offset@24:0:248,sh_size@32:0:16,sh_link@40:0,sh_info@44:0,sh_addralign@48:0:8,sh_entsize@56:0:0;sh_name@0:129,sh_type@4:4,sh_flags@8:0:64,sh_addr@16:0:0,sh_offset@24:0:896,sh_size@32:0:24,sh_link@40:14,sh_info@44:5,sh_addralign@48:0:8,sh_entsize@56:0:24;sh_name@0:153,sh_type@4:1,sh_flags@8:0:18,sh_addr@16:0:0,sh_offset@24:0:272,sh_size@32:0:32,sh_link@40:0,sh_info@44:0,sh_addralign@48:0:16,sh_entsize@56:0:32;sh_name@0:167,sh_type@4:1,sh_flags@8:0:50,sh_addr@16:0:0,sh_offset@24:0:304,sh_size@32:0:10,sh_link@40:0,sh_info@44:0,sh_addralign@48:0:1,sh_entsize@56:0:1;sh_name@0:12,sh_type@4:1,sh_flags@8:0:48,sh_addr@16:0:0,sh_offset@24:0:314,sh_size@32:0:49,sh_link@40:0,sh_info@44:0,sh_addralign@48:0:1,sh_entsize@56:0:1;sh_name@0:44,sh_type@4:1,sh_flags@8:0:0,sh_addr@16:0:0,sh_offset@24:0:363,sh_size@32:0:0,sh_link@40:0,sh_info@44:0,sh_addralign@48:0:1,sh_entsize@56:0:0;sh_name@0:83,sh_type@4:1879048193,sh_flags@8:0:2,sh_addr@16:0:0,sh_offset@24:0:368,sh_size@32:0:96,sh_link@40:0,sh_info@44:0,sh_addralign@48:0:8,sh_entsize@56:0:0;sh_name@0:78,sh_type@4:4,sh_flags@8:0:64,sh_addr@16:0:0,sh_offset@24:0:920,sh_size@32:0:48,sh_link@40:14,sh_info@44:11,sh_addralign@48:0:8,sh_entsize@56:0:24;sh_name@0:64,sh_type@4:1879002115,sh_flags@8:0:2147483648,sh_addr@16:0:0,sh_offset@24:0:968,sh_size@32:0:0,sh_link@40:14,sh_info@44:0,sh_addralign@48:0:1,sh_entsize@56:0:0;sh_name@0:106,sh_type@4:2,sh_flags@8:0:0,sh_addr@16:0:0,sh_offset@24:0:464,sh_size@32:0:288,sh_link@40:1,sh_info@44:6,sh_addralign@48:0:8,sh_entsize@56:0:24
elf_sec_n64_sh_name=0,98,6,1,140,134,129,153,167,12,44,83,78,64,106
elf_sec_n64_sh_type=0,3,1,4,1,1,4,1,1,1,1,1879048193,4,1879002115,2
elf_sec_n64_sh_flags=0:0,0:0,0:6,0:64,0:18,0:3,0:64,0:18,0:50,0:48,0:0,0:2,0:64,0:2147483648,0:0
elf_sec_n64_sh_link=0,0,0,14,0,0,14,0,0,0,0,0,14,14,1
elf_sec_n64_sh_info=0,0,0,2,0,0,5,0,0,0,0,0,11,0,6
elf_sec_n64_sh_addr=0:0,0:0,0:0,0:0,0:0,0:0,0:0,0:0,0:0,0:0,0:0,0:0,0:0,0:0,0:0
elf_sec_n64_sh_offset=0:0,0:968,0:64,0:752,0:240,0:248,0:896,0:272,0:304,0:314,0:363,0:368,0:920,0:968,0:464
elf_sec_n64_sh_size=0:0,0:191,0:176,0:144,0:8,0:16,0:24,0:32,0:10,0:49,0:0,0:96,0:48,0:0,0:288
elf_sec_n64_sh_entsize=0:0,0:0,0:0,0:24,0:8,0:0,0:24,0:32,0:1,0:1,0:0,0:0,0:24,0:0,0:24
elf_sec_n64_content_lens=0,191,176,144,8,16,24,32,10,49,0,96,48,0,288
elf_sec_n64_content0=
elf_sec_n64_content1=002e72656c612e74
elf_sec_n64_shstrtab_bytes=191
elf_sec_na64_nsec=14
elf_sec_na64_names=,.strtab,.text,.rela.text,.data,.rela.data,.rodata.cst32,.rodata.str1.1,.comment,.note.GNU-stack,.eh_frame,.rela.eh_frame,.llvm_addrsig,.symtab
elf_sec_na64_hdrtxt=sh_name@0:0,sh_type@4:0,sh_flags@8:0:0,sh_addr@16:0:0,sh_offset@24:0:0,sh_size@32:0:0,sh_link@40:0,sh_info@44:0,sh_addralign@48:0:0,sh_entsize@56:0:0;sh_name@0:104,sh_type@4:3,sh_flags@8:0:0,sh_addr@16:0:0,sh_offset@24:0:1192,sh_size@32:0:175,sh_link@40:0,sh_info@44:0,sh_addralign@48:0:1,sh_entsize@56:0:0;sh_name@0:9,sh_type@4:1,sh_flags@8:0:6,sh_addr@16:0:0,sh_offset@24:0:64,sh_size@32:0:184,sh_link@40:0,sh_info@44:0,sh_addralign@48:0:4,sh_entsize@56:0:0;sh_name@0:4,sh_type@4:4,sh_flags@8:0:64,sh_addr@16:0:0,sh_offset@24:0:904,sh_size@32:0:216,sh_link@40:13,sh_info@44:2,sh_addralign@48:0:8,sh_entsize@56:0:24;sh_name@0:140,sh_type@4:1,sh_flags@8:0:3,sh_addr@16:0:0,sh_offset@24:0:248,sh_size@32:0:16,sh_link@40:0,sh_info@44:0,sh_addralign@48:0:8,sh_entsize@56:0:0;sh_name@0:135,sh_type@4:4,sh_flags@8:0:64,sh_addr@16:0:0,sh_offset@24:0:1120,sh_size@32:0:24,sh_link@40:13,sh_info@44:4,sh_addralign@48:0:8,sh_entsize@56:0:24;sh_name@0:146,sh_type@4:1,sh_flags@8:0:18,sh_addr@16:0:0,sh_offset@24:0:264,sh_size@32:0:32,sh_link@40:0,sh_info@44:0,sh_addralign@48:0:8,sh_entsize@56:0:32;sh_name@0:160,sh_type@4:1,sh_flags@8:0:50,sh_addr@16:0:0,sh_offset@24:0:296,sh_size@32:0:10,sh_link@40:0,sh_info@44:0,sh_addralign@48:0:1,sh_entsize@56:0:1;sh_name@0:15,sh_type@4:1,sh_flags@8:0:48,sh_addr@16:0:0,sh_offset@24:0:306,sh_size@32:0:49,sh_link@40:0,sh_info@44:0,sh_addralign@48:0:1,sh_entsize@56:0:1;sh_name@0:47,sh_type@4:1,sh_flags@8:0:0,sh_addr@16:0:0,sh_offset@24:0:355,sh_size@32:0:0,sh_link@40:0,sh_info@44:0,sh_addralign@48:0:1,sh_entsize@56:0:0;sh_name@0:86,sh_type@4:1,sh_flags@8:0:2,sh_addr@16:0:0,sh_offset@24:0:360,sh_size@32:0:112,sh_link@40:0,sh_info@44:0,sh_addralign@48:0:8,sh_entsize@56:0:0;sh_name@0:81,sh_type@4:4,sh_flags@8:0:64,sh_addr@16:0:0,sh_offset@24:0:1144,sh_size@32:0:48,sh_link@40:13,sh_info@44:10,sh_addralign@48:0:8,sh_entsize@56:0:24;sh_name@0:67,sh_type@4:1879002115,sh_flags@8:0:2147483648,sh_addr@16:0:0,sh_offset@24:0:1192,sh_size@32:0:0,sh_link@40:13,sh_info@44:0,sh_addralign@48:0:1,sh_entsize@56:0:0;sh_name@0:112,sh_type@4:2,sh_flags@8:0:0,sh_addr@16:0:0,sh_offset@24:0:472,sh_size@32:0:432,sh_link@40:1,sh_info@44:12,sh_addralign@48:0:8,sh_entsize@56:0:24
elf_sec_na64_sh_name=0,104,9,4,140,135,146,160,15,47,86,81,67,112
elf_sec_na64_sh_type=0,3,1,4,1,4,1,1,1,1,1,4,1879002115,2
elf_sec_na64_sh_flags=0:0,0:0,0:6,0:64,0:3,0:64,0:18,0:50,0:48,0:0,0:2,0:64,0:2147483648,0:0
elf_sec_na64_sh_link=0,0,0,13,0,13,0,0,0,0,0,13,13,1
elf_sec_na64_sh_info=0,0,0,2,0,4,0,0,0,0,0,10,0,12
elf_sec_na64_sh_addr=0:0,0:0,0:0,0:0,0:0,0:0,0:0,0:0,0:0,0:0,0:0,0:0,0:0,0:0
elf_sec_na64_sh_offset=0:0,0:1192,0:64,0:904,0:248,0:1120,0:264,0:296,0:306,0:355,0:360,0:1144,0:1192,0:472
elf_sec_na64_sh_size=0:0,0:175,0:184,0:216,0:16,0:24,0:32,0:10,0:49,0:0,0:112,0:48,0:0,0:432
elf_sec_na64_sh_entsize=0:0,0:0,0:0,0:24,0:0,0:24,0:32,0:1,0:1,0:0,0:0,0:24,0:0,0:24
elf_sec_na64_content_lens=0,175,184,216,16,24,32,10,49,0,112,48,0,432
elf_sec_na64_content0=
elf_sec_na64_content1=002478002e72656c
elf_sec_na64_shstrtab_bytes=175
elf_sec_n32_nsec=15
elf_sec_n32_names=,.strtab,.text,.rel.text,.rodata.cst8,.data,.rel.data,.rodata.cst32,.rodata.str1.1,.comment,.note.GNU-stack,.eh_frame,.rel.eh_frame,.llvm_addrsig,.symtab
elf_sec_n32_hdrtxt=sh_name@0:0,sh_type@4:0,sh_flags@8:0,sh_addr@12:0,sh_offset@16:0,sh_size@20:0,sh_link@24:0,sh_info@28:0,sh_addralign@32:0,sh_entsize@36:0;sh_name@0:96,sh_type@4:3,sh_flags@8:0,sh_addr@12:0,sh_offset@16:780,sh_size@20:210,sh_link@24:0,sh_info@28:0,sh_addralign@32:1,sh_entsize@36:0;sh_name@0:5,sh_type@4:1,sh_flags@8:6,sh_addr@12:0,sh_offset@16:64,sh_size@20:203,sh_link@24:0,sh_info@28:0,sh_addralign@32:16,sh_entsize@36:0;sh_name@0:1,sh_type@4:9,sh_flags@8:64,sh_addr@12:0,sh_offset@16:692,sh_size@20:64,sh_link@24:14,sh_info@28:2,sh_addralign@32:4,sh_entsize@36:8;sh_name@0:159,sh_type@4:1,sh_flags@8:18,sh_addr@12:0,sh_offset@16:272,sh_size@20:8,sh_link@24:0,sh_info@28:0,sh_addralign@32:8,sh_entsize@36:8;sh_name@0:131,sh_type@4:1,sh_flags@8:3,sh_addr@12:0,sh_offset@16:280,sh_size@20:8,sh_link@24:0,sh_info@28:0,sh_addralign@32:4,sh_entsize@36:0;sh_name@0:127,sh_type@4:9,sh_flags@8:64,sh_addr@12:0,sh_offset@16:756,sh_size@20:8,sh_link@24:14,sh_info@28:5,sh_addralign@32:4,sh_entsize@36:8;sh_name@0:172,sh_type@4:1,sh_flags@8:18,sh_addr@12:0,sh_offset@16:288,sh_size@20:32,sh_link@24:0,sh_info@28:0,sh_addralign@32:8,sh_entsize@36:32;sh_name@0:186,sh_type@4:1,sh_flags@8:50,sh_addr@12:0,sh_offset@16:320,sh_size@20:10,sh_link@24:0,sh_info@28:0,sh_addralign@32:1,sh_entsize@36:1;sh_name@0:11,sh_type@4:1,sh_flags@8:48,sh_addr@12:0,sh_offset@16:330,sh_size@20:49,sh_link@24:0,sh_info@28:0,sh_addralign@32:1,sh_entsize@36:1;sh_name@0:43,sh_type@4:1,sh_flags@8:0,sh_addr@12:0,sh_offset@16:379,sh_size@20:0,sh_link@24:0,sh_info@28:0,sh_addralign@32:1,sh_entsize@36:0;sh_name@0:81,sh_type@4:1,sh_flags@8:2,sh_addr@12:0,sh_offset@16:380,sh_size@20:104,sh_link@24:0,sh_info@28:0,sh_addralign@32:4,sh_entsize@36:0;sh_name@0:77,sh_type@4:9,sh_flags@8:64,sh_addr@12:0,sh_offset@16:764,sh_size@20:16,sh_link@24:14,sh_info@28:11,sh_addralign@32:4,sh_entsize@36:8;sh_name@0:63,sh_type@4:1879002115,sh_flags@8:2147483648,sh_addr@12:0,sh_offset@16:780,sh_size@20:0,sh_link@24:14,sh_info@28:0,sh_addralign@32:1,sh_entsize@36:0;sh_name@0:104,sh_type@4:2,sh_flags@8:0,sh_addr@12:0,sh_offset@16:484,sh_size@20:208,sh_link@24:1,sh_info@28:6,sh_addralign@32:4,sh_entsize@36:16
elf_sec_n32_sh_name=0,96,5,1,159,131,127,172,186,11,43,81,77,63,104
elf_sec_n32_sh_type=0,3,1,9,1,1,9,1,1,1,1,1,9,1879002115,2
elf_sec_n32_sh_flags=0:0,0:0,0:6,0:64,0:18,0:3,0:64,0:18,0:50,0:48,0:0,0:2,0:64,0:2147483648,0:0
elf_sec_n32_sh_link=0,0,0,14,0,0,14,0,0,0,0,0,14,14,1
elf_sec_n32_sh_info=0,0,0,2,0,0,5,0,0,0,0,0,11,0,6
elf_sec_n32_sh_addr=0:0,0:0,0:0,0:0,0:0,0:0,0:0,0:0,0:0,0:0,0:0,0:0,0:0,0:0,0:0
elf_sec_n32_sh_offset=0:0,0:780,0:64,0:692,0:272,0:280,0:756,0:288,0:320,0:330,0:379,0:380,0:764,0:780,0:484
elf_sec_n32_sh_size=0:0,0:210,0:203,0:64,0:8,0:8,0:8,0:32,0:10,0:49,0:0,0:104,0:16,0:0,0:208
elf_sec_n32_sh_entsize=0:0,0:0,0:0,0:8,0:8,0:0,0:8,0:32,0:1,0:1,0:0,0:0,0:8,0:0,0:16
elf_sec_n32_content_lens=0,210,203,64,8,8,8,32,10,49,0,104,16,0,208
elf_sec_n32_content0=
elf_sec_n32_content1=002e72656c2e7465
elf_sec_n32_shstrtab_bytes=210
elf_sec_ja64_nsec=11
elf_sec_ja64_names=,.strtab,.text,.rela.text,.data,.comment,.note.GNU-stack,.eh_frame,.rela.eh_frame,.llvm_addrsig,.symtab
elf_sec_ja64_hdrtxt=sh_name@0:0,sh_type@4:0,sh_flags@8:0:0,sh_addr@16:0:0,sh_offset@24:0:0,sh_size@32:0:0,sh_link@40:0,sh_info@44:0,sh_addralign@48:0:0,sh_entsize@56:0:0;sh_name@0:78,sh_type@4:3,sh_flags@8:0:0,sh_addr@16:0:0,sh_offset@24:0:648,sh_size@32:0:115,sh_link@40:0,sh_info@44:0,sh_addralign@48:0:1,sh_entsize@56:0:0;sh_name@0:9,sh_type@4:1,sh_flags@8:0:6,sh_addr@16:0:0,sh_offset@24:0:64,sh_size@32:0:52,sh_link@40:0,sh_info@44:0,sh_addralign@48:0:4,sh_entsize@56:0:0;sh_name@0:4,sh_type@4:4,sh_flags@8:0:64,sh_addr@16:0:0,sh_offset@24:0:504,sh_size@32:0:96,sh_link@40:10,sh_info@44:2,sh_addralign@48:0:8,sh_entsize@56:0:24;sh_name@0:109,sh_type@4:1,sh_flags@8:0:3,sh_addr@16:0:0,sh_offset@24:0:116,sh_size@32:0:4,sh_link@40:0,sh_info@44:0,sh_addralign@48:0:4,sh_entsize@56:0:0;sh_name@0:15,sh_type@4:1,sh_flags@8:0:48,sh_addr@16:0:0,sh_offset@24:0:120,sh_size@32:0:49,sh_link@40:0,sh_info@44:0,sh_addralign@48:0:1,sh_entsize@56:0:1;sh_name@0:24,sh_type@4:1,sh_flags@8:0:0,sh_addr@16:0:0,sh_offset@24:0:169,sh_size@32:0:0,sh_link@40:0,sh_info@44:0,sh_addralign@48:0:1,sh_entsize@56:0:0;sh_name@0:61,sh_type@4:1,sh_flags@8:0:2,sh_addr@16:0:0,sh_offset@24:0:176,sh_size@32:0:64,sh_link@40:0,sh_info@44:0,sh_addralign@48:0:8,sh_entsize@56:0:0;sh_name@0:56,sh_type@4:4,sh_flags@8:0:64,sh_addr@16:0:0,sh_offset@24:0:600,sh_size@32:0:48,sh_link@40:10,sh_info@44:7,sh_addralign@48:0:8,sh_entsize@56:0:24;sh_name@0:40,sh_type@4:1879002115,sh_flags@8:0:2147483648,sh_addr@16:0:0,sh_offset@24:0:648,sh_size@32:0:0,sh_link@40:10,sh_info@44:0,sh_addralign@48:0:1,sh_entsize@56:0:0;sh_name@0:86,sh_type@4:2,sh_flags@8:0:0,sh_addr@16:0:0,sh_offset@24:0:240,sh_size@32:0:264,sh_link@40:1,sh_info@44:7,sh_addralign@48:0:8,sh_entsize@56:0:24
elf_sec_ja64_sh_name=0,78,9,4,109,15,24,61,56,40,86
elf_sec_ja64_sh_type=0,3,1,4,1,1,1,1,4,1879002115,2
elf_sec_ja64_sh_flags=0:0,0:0,0:6,0:64,0:3,0:48,0:0,0:2,0:64,0:2147483648,0:0
elf_sec_ja64_sh_link=0,0,0,10,0,0,0,0,10,10,1
elf_sec_ja64_sh_info=0,0,0,2,0,0,0,0,7,0,7
elf_sec_ja64_sh_addr=0:0,0:0,0:0,0:0,0:0,0:0,0:0,0:0,0:0,0:0,0:0
elf_sec_ja64_sh_offset=0:0,0:648,0:64,0:504,0:116,0:120,0:169,0:176,0:600,0:648,0:240
elf_sec_ja64_sh_size=0:0,0:115,0:52,0:96,0:4,0:49,0:0,0:64,0:48,0:0,0:264
elf_sec_ja64_sh_entsize=0:0,0:0,0:0,0:24,0:0,0:1,0:0,0:0,0:24,0:0,0:24
elf_sec_ja64_content_lens=0,115,52,96,4,49,0,64,48,0,264
elf_sec_ja64_content0=
elf_sec_ja64_content1=002478002e72656c
elf_sec_ja64_shstrtab_bytes=115
elf_str_e64_shstrtab_bytes=191
elf_str_e64_shstrtab_head=002e72656c612e74657874002e636f6d
elf_str_e64_names=,.strtab,.text,.rela.text,.rodata.cst8,.data,.rela.data,.rodata.cst32,.rodata.str1.1,.comment,.note.GNU-stack,.eh_frame,.rela.eh_frame,.llvm_addrsig,.symtab
elf_str_ea64_shstrtab_bytes=175
elf_str_ea64_shstrtab_head=002478002e72656c612e74657874002e
elf_str_ea64_names=,.strtab,.text,.rela.text,.data,.rela.data,.rodata.cst32,.rodata.str1.1,.comment,.note.GNU-stack,.eh_frame,.rela.eh_frame,.llvm_addrsig,.symtab
elf_str_e32_shstrtab_bytes=210
elf_str_e32_shstrtab_head=002e72656c2e74657874002e636f6d6d
elf_str_e32_names=,.strtab,.text,.rel.text,.rodata.cst8,.data,.rel.data,.rodata.cst32,.rodata.str1.1,.comment,.note.GNU-stack,.eh_frame,.rel.eh_frame,.llvm_addrsig,.symtab
elf_str_n64_shstrtab_bytes=191
elf_str_n64_shstrtab_head=002e72656c612e74657874002e636f6d
elf_str_n64_names=,.strtab,.text,.rela.text,.rodata.cst8,.data,.rela.data,.rodata.cst32,.rodata.str1.1,.comment,.note.GNU-stack,.eh_frame,.rela.eh_frame,.llvm_addrsig,.symtab
elf_str_na64_shstrtab_bytes=175
elf_str_na64_shstrtab_head=002478002e72656c612e74657874002e
elf_str_na64_names=,.strtab,.text,.rela.text,.data,.rela.data,.rodata.cst32,.rodata.str1.1,.comment,.note.GNU-stack,.eh_frame,.rela.eh_frame,.llvm_addrsig,.symtab
elf_str_n32_shstrtab_bytes=210
elf_str_n32_shstrtab_head=002e72656c2e74657874002e636f6d6d
elf_str_n32_names=,.strtab,.text,.rel.text,.rodata.cst8,.data,.rel.data,.rodata.cst32,.rodata.str1.1,.comment,.note.GNU-stack,.eh_frame,.rel.eh_frame,.llvm_addrsig,.symtab
elf_str_ja64_shstrtab_bytes=115
elf_str_ja64_shstrtab_head=002478002e72656c612e74657874002e
elf_str_ja64_names=,.strtab,.text,.rela.text,.data,.comment,.note.GNU-stack,.eh_frame,.rela.eh_frame,.llvm_addrsig,.symtab
elf_str_r64so_shstrtab_bytes=169
elf_str_r64so_shstrtab_head=002e64796e73796d002e676e752e6861
elf_str_r64so_names=,.dynsym,.gnu.hash,.dynstr,.rela.dyn,.rela.plt,.rodata,.eh_frame_hdr,.eh_frame,.text,.plt,.dynamic,.got,.relro_padding,.data,.got.plt,.comment,.symtab,.shstrtab,.strtab
elf_str_rx64exe_shstrtab_bytes=145
elf_str_rx64exe_shstrtab_head=002e74657874002e696e74657270002e
elf_str_rx64exe_names=,.text,.interp,.rodata,.eh_frame,.eh_frame_hdr,.got,.relro_padding,.data,.rela.text,.rela.data,.comment,.rela.eh_frame,.symtab,.shstrtab,.strtab
elf-done=1
