nr_exec=0
nr_copy=1
nr_wait=2
nr_store=3
nr_timestamp=4
nr_nargs_exec=3
nr_pads_exec=0
nr_words_exec=4
nr_nargs_copy=3
nr_pads_copy=0
nr_words_copy=4
nr_nargs_wait=3
nr_pads_wait=0
nr_words_wait=4
nr_nargs_store=2
nr_pads_store=1
nr_words_store=4
nr_nargs_ts=1
nr_pads_ts=2
nr_words_ts=4
nr_copy_dev=PYTHON:SDMA:0
nr_copy_name=PYTHON -> NULL:1
nr_words_exec_all=0,60,2,1
nr_words_copy_all=1,21,22,0
nr_words_wait_all=2,11,12,0
nr_words_wait_eq=2,11,12,1
nr_words_store_all=3,31,32,0
nr_words_ts_all=4,28,0,0
nr_ts_offset=8
nr_submit_n=7
nr_submit_graph=PARAM,CONST,INDEX,PARAM,INDEX,LOAD,STORE
nr_submit_root=STORE
nr_has_local=0
nr_float4=float4
nr_barrier=// BARRIER
nr_cstyle_n=21
nr_cfop_overrides=2
nr_cfop_total=23
nr_cfop_threefry=threefry(A,B)
nr_cfop_max=max(A,B)
nr_asm_ok_gfx1100=1
nr_asm_ok_gfx950=1
nr_asm_ok_arm64=0
nr_asm_msg=only amd supports assembly
nr_dev=NULL:1
nr_dev_id=1
nr_host=NULL:1
nr_has_copy_queue_inherited=1
nr_encode_n=2
nr_encode_names=submit_null_compute,submit_null_copy
nr_bufferize_n=1
nr_compiled_bufferize_n=3
nr_renderers_pre=27
nr_renderers_n=20
nr_renderers=NullRenderer,Renderer,CStyleLanguage,ClangRenderer,OpenCLRenderer,MetalRenderer,CUDARenderer,NVCCRenderer,HIPRenderer,HIPCCRenderer,QCOMCLRenderer,NIRRenderer,NAKRenderer,LVPRenderer,IR3Renderer,PTXRenderer,LLVMRenderer,CPULLVMRenderer,AMDLLVMRenderer,WGSLRenderer
nr_timeline_n=2
nr_timeline_bytes=16
nr_link_ext_ptr=1
nr_link_2_f32=8
nr_link_3_u64=24
nva_first=1099511627776
nva_base=1099511627776
nva_step1=4294967296
nva_step2=4294967296
nva_count3=1
nalloc_copyin_nops=0
nr_copyout_ok_0=0
nr_copyout_msg=no copyout on NULL
nr_copyout_ok_1=1
nr_map_null_NULL=True
nr_map_null_NULL_1=True
nr_map_null_NULL_0=True
nr_map_null_CPU=False
nr_map_null_null=False
pk_size_4=8
pk_nsrc_4=2
pk_tail_4=4
pk_pads_4=0
pk_offsets_4=0
pk_size_44=16
pk_nsrc_44=3
pk_tail_44=8
pk_pads_44=0
pk_offsets_44=0,4
pk_size_444=24
pk_nsrc_444=4
pk_tail_444=12
pk_pads_444=0
pk_offsets_444=0,4,8
pk_size_84=16
pk_nsrc_84=3
pk_tail_84=4
pk_pads_84=0
pk_offsets_84=0,8
pk_size_88=16
pk_nsrc_88=3
pk_tail_88=0
pk_pads_88=0
pk_offsets_88=0,8
pk_size_4444=32
pk_nsrc_4444=5
pk_tail_4444=16
pk_pads_4444=0
pk_offsets_4444=0,4,8,12
pk_size_484=24
pk_nsrc_484=5
pk_tail_484=4
pk_pads_484=1
pk_offsets_484=0,8,16
pk_size_0=8
pk_nsrc_0=1
pk_tail_0=8
pk_pads_0=0
pk_offsets_0=
nprog_sig_n=7
nprog_streams_n=2
nprog_streams=3,160,5,224
nprog_stream_bytes=384
nprog_qwords=48
nprog_quads=12
nprog_words_n=48
nprog_quads_real=12
nprog_writes_ts=4
nprog_writes_zeroed=0
nprog_done_at_0=0
nprog_done_at_1=0
nprog_done_at_2=1
nprog_done_at_8=2
nprog_done_at_11=2
nprog_done_sum=2
nprog_stamp_val_1000_0=1000000
nprog_stamp_val_1000_1=1001000
nprog_stamp_val_7_3=10000
nprog_ent_ids_0=0,1
nprog_ent_ids_1=2,3
nr_events_n=2
nr_event_ids=0,1
nr_event_lookup=0,1,0,1,2
nr_event_count_after=3
nr_event_key_matters=1
nprog_descs_n=2
nprog_descs=PYTHON:SDMA:0,NULL
nprog_sigs=1000,1001,1000,1001
nprog_sigs_same=1000,1001,1001,1002,1002,1003
nprog_sigs_mixed=1000,1001,1000,1001,1001,1002
nr_zero_rand=1
nr_zero_randn=1
nr_zero_full=1
nr_zero_eye=0
nr_zero_arange=0
nr_zero_add=1
nr_zero_sum=1
nr_zero_l2norm=1
nr_zero_ones=1
nr_zero_dot=1
nr_zero_neg=1
nr_zero_max=1
nr_zero_softmax=1
nr_zero_missing=2
ndev_zero_table_n=13
nr_emulate_arch_empty=<arch>
nr_emulate_msg_empty=EMULATE is deprecated, use DEV=NULL:HIP:<arch>
nr_emulate_arch_amd=gfx1100
nr_emulate_msg_amd=EMULATE is deprecated, use DEV=NULL:HIP:gfx1100
nr_emulate_arch_rdna4=gfx1201
nr_emulate_msg_rdna4=EMULATE is deprecated, use DEV=NULL:HIP:gfx1201
nr_emulate_arch_cdna4=gfx950
nr_emulate_msg_cdna4=EMULATE is deprecated, use DEV=NULL:HIP:gfx950
nr_emulate_arch_raw=<arch>
nr_emulate_msg_raw=EMULATE is deprecated, use DEV=NULL:HIP:<arch>
nr_emulate_arch_junk=<arch>
nr_emulate_msg_junk=EMULATE is deprecated, use DEV=NULL:HIP:<arch>
nr_emulate_prefix=EMULATE is deprecated, use DEV=NULL:HIP:
nr_assert_trace_ok_n=1
nr_assert_trace_bad_n=1
nr_assert_refused_ok=0
nr_assert_refused_bad=1
nr_assert_post_ok=2
nr_assert_post_bad=1
cn-done=1
