pyrender const=[ast = UOp.const(3)]   py=[ast = UOp.const(3)]
pyrender cast=[ast = UOp.const(3).cast(dtypes.float)]   py=[ast = UOp.const(3).cast(dtypes.float)]
pyrender special=[ast = UOp.special(4, 'gidx')]   py=[ast = UOp.special(4, 'gidx')]
pyrender buffer=[c1 = UOp.range(4, 0, AxisType.WEAK)
ast = UOp.new_buffer('CPU', 4, dtypes.int, 0)]   py=[c1 = UOp.range(4, 0, AxisType.WEAK)
ast = UOp.new_buffer('CPU', 4, dtypes.int, 0)]
pyrender copy=[c1 = UOp.range(4, 0, AxisType.WEAK)
c2 = UOp.new_buffer(('CPU', 'METAL'), 4, dtypes.int, 0)
ast = c2.copy_to_device('METAL')]   py=[c1 = UOp.range(4, 0, AxisType.WEAK)
c2 = UOp.new_buffer(('CPU', 'METAL'), 4, dtypes.int, 0)
ast = c2.copy_to_device('METAL')]
pyrender cfn=[ast = UOp(Ops.CUSTOM_FUNCTION, src=(UOp.const(3), UOp.const(4)), arg='myfn')]   py=[ast = UOp(Ops.CUSTOM_FUNCTION, src=(UOp.const(3), UOp.const(4)), arg='myfn')]
pyrender reduce=[c2 = UOp.const(1)+UOp.const(2)
ast = c2._rop(Ops.ADD, (0, 1))]   py=[c2 = UOp.const(1)+UOp.const(2)
ast = c2._rop(Ops.ADD, (0, 1))]
pyrender range=[ast = UOp.range(4, 0, AxisType.WEAK)]   py=[ast = UOp.range(4, 0, AxisType.WEAK)]
pyrender range2=[ast = UOp.range(4, 0, AxisType.LOOP, src=(UOp.const(0),))]   py=[ast = UOp.range(4, 0, AxisType.LOOP, src=(UOp.const(0),))]
pyrender cdiv=[ast = UOp.const(7).alu(Ops.CDIV, UOp.const(2))]   py=[ast = UOp.const(7).alu(Ops.CDIV, UOp.const(2))]
pyrender cmod=[ast = UOp.const(7).alu(Ops.CMOD, UOp.const(2))]   py=[ast = UOp.const(7).alu(Ops.CMOD, UOp.const(2))]
pyrender where=[ast = UOp.const(True).alu(Ops.WHERE, UOp.const(2), UOp.const(3))]   py=[ast = UOp.const(True).alu(Ops.WHERE, UOp.const(2), UOp.const(3))]
pyrender nest=[ast = (UOp.const(1)+UOp.const(2))*(UOp.const(1)+UOp.const(2)*UOp.const(-1))+UOp.const(3)]   py=[ast = (UOp.const(1)+UOp.const(2))*(UOp.const(1)+UOp.const(2)*UOp.const(-1))+UOp.const(3)]
pyrender mul3=[c1 = UOp.range(16, 0, AxisType.WEAK)
c3 = UOp.range(4, 1, AxisType.WEAK)
ast = c1.alu(Ops.MUL, c3)]   py=[c1 = UOp.range(16, 0, AxisType.WEAK)
c3 = UOp.range(4, 1, AxisType.WEAK)
ast = c1.alu(Ops.MUL, c3)]
pyrender xor3=[c1 = UOp.range(8, 0, AxisType.WEAK)
c3 = UOp.range(4, 1, AxisType.WEAK)
ast = c1.alu(Ops.XOR, c3)]   py=[c1 = UOp.range(8, 0, AxisType.WEAK)
c3 = UOp.range(4, 1, AxisType.WEAK)
ast = c1.alu(Ops.XOR, c3)]
pyrender sqrt=[ast = UOp.sqrt()]   py=[ast = UOp.sqrt()]
pyrender index=[c2 = UOp.range(4, 0, AxisType.WEAK)
ast = UOp.const(9).index(c2)]   py=[c2 = UOp.range(4, 0, AxisType.WEAK)
ast = UOp.const(9).index(c2)]
pyrender reduce0=[c1 = UOp.range(16, 0, AxisType.WEAK)
ast = c1.reduce(arg=(Ops.ADD, 0))]   py=[c1 = UOp.range(16, 0, AxisType.WEAK)
ast = c1.reduce(arg=(Ops.ADD, 0))]
pyrender sub=[ast = UOp(Ops.SUB, (UOp.const(9), UOp.const(4)))]   py=[ast = UOp(Ops.SUB, (UOp.const(9), UOp.const(4)))]
pyrender tagged=[ast = (UOp.const(1)+UOp.const(2)).rtag('mytag')]   py=[ast = (UOp.const(1)+UOp.const(2)).rtag('mytag')]
pyrender shared=[c2 = UOp.const(1)+UOp.const(2)
ast = c2*UOp(Ops.SUB, (c2, UOp.const(3)))]   py=[c2 = UOp.const(1)+UOp.const(2)
ast = c2*UOp(Ops.SUB, (c2, UOp.const(3)))]
pyrender fan=[c2 = UOp.const(1)+UOp.const(2)
ast = c2*UOp.const(3)+c2*UOp.const(4)+c2*UOp.const(5)+c2*UOp.const(6)+c2*UOp.const(7)+c2*UOp.const(8)]   py=[c2 = UOp.const(1)+UOp.const(2)
ast = c2*UOp.const(3)+c2*UOp.const(4)+c2*UOp.const(5)+c2*UOp.const(6)+c2*UOp.const(7)+c2*UOp.const(8)]
pyrender sink=[c2 = UOp.const(1)+UOp.const(2)
c4 = c2*UOp.const(5)
c5 = c2.sqrt()
ast = c4.sink(c5)]   py=[c2 = UOp.const(1)+UOp.const(2)
c4 = c2*UOp.const(5)
c5 = c2.sqrt()
ast = c4.sink(c5)]
pyrender store=[c2 = UOp.range(4, 0, AxisType.WEAK)
c3 = UOp.new_buffer('CPU', 4, dtypes.int, 0)
ast = UOp.const(0).store(c3)]   py=[c2 = UOp.range(4, 0, AxisType.WEAK)
c3 = UOp.new_buffer('CPU', 4, dtypes.int, 0)
ast = UOp.const(0).store(c3)]
pyrender reduce2=[c1 = UOp.range(16, 0, AxisType.WEAK)
c3 = UOp.range(4, 0, AxisType.WEAK)
ast = c1._rop(Ops.MAX, (0, 1))]   py=[c1 = UOp.range(16, 0, AxisType.WEAK)
c3 = UOp.range(4, 0, AxisType.WEAK)
ast = c1._rop(Ops.MAX, (0, 1))]
pyrender flat1=[ast = UOp.range(4, 0, AxisType.WEAK)]   py=[ast = UOp.range(4, 0, AxisType.WEAK)]
pyrender flat2=[ast = UOp.range(4, AxisType.WEAK, 0, 1)]   py=[ast = UOp.range(4, AxisType.WEAK, 0, 1)]
pyrender flat3=[ast = UOp.range(4, AxisType.WEAK, 0, 1, 2)]   py=[ast = UOp.range(4, AxisType.WEAK, 0, 1, 2)]
pyrender buflocal=[c1 = UOp.range(4, 0, AxisType.WEAK)
ast = UOp(Ops.BUFFER, (c1,), ParamArg(0, dtypes.int, 4, addrspace=AddrSpace.LOCAL, device='CPU'))]   py=[c1 = UOp.range(4, 0, AxisType.WEAK)
ast = UOp(Ops.BUFFER, (c1,), ParamArg(0, dtypes.int, 4, addrspace=AddrSpace.LOCAL, device='CPU'))]
pyrender bufnodev=[c1 = UOp.range(4, 0, AxisType.WEAK)
ast = UOp.new_buffer(None, 4, dtypes.int, 0)]   py=[c1 = UOp.range(4, 0, AxisType.WEAK)
ast = UOp.new_buffer(None, 4, dtypes.int, 0)]
pyrender bufimage=[c1 = UOp.range(4, 0, AxisType.WEAK)
ast = UOp.new_buffer('CPU', 16, dtypes.int, 0)]   py=[c1 = UOp.range(4, 0, AxisType.WEAK)
ast = UOp.new_buffer('CPU', 16, dtypes.int, 0)]
pyr_call_noop=[True]   py=[True]
pyr_call_prog=[True]   py=[True]
pyr_call_const=[False]   py=[False]
pyr_call_named=[True]   py=[True]
pyr_buffer_plain=[False]   py=[False]
pyr_buffer_held=[True]   py=[True]
arg_repr ANone=[None]   py=None
arg_repr ADt=[dtypes.int]   py=dtypes.int
arg_repr AStr=['g']   py='g'
arg_repr ARng=[(0, AxisType.GLOBAL)]   py=(0, AxisType.GLOBAL)
arg_repr ARed=[(Ops.ADD, 2)]   py=(Ops.ADD, 2)
arg_repr ATup=[(1, 2)]   py=(1, 2)
arg_repr ATup1=[(7,)]   py=(7,)
arg_repr ATup0=[()]   py=()
arg_repr AInk=[('w', dtypes.float)]   py=('w', dtypes.float)
arg_repr AAllred=[(Ops.ADD, 'METAL')]   py=(Ops.ADD, 'METAL')
arg_repr ADev=['METAL']   py='METAL'
arg_repr ACALL=[CallInfo(None, None, False, False)]   py=CallInfo(None, None, False, False)
arg_repr ACALL2=[CallInfo(None, 'f', False, False, dtype=dtypes.int)]   py=CallInfo(None, 'f', False, False, dtype=dtypes.int)
arg_repr ACALL3=[CallInfo(None, None, False, False, dtype=dtypes.weakint)]   py=CallInfo(None, None, False, False, dtype=dtypes.weakint)
arg_repr AParam1=[ParamArg(1, dtypes.float, 4, device='METAL')]
arg_repr AParam2=[ParamArg(2, dtypes.int, name='g')]
arg_repr AParam3=[ParamArg(3, dtypes.float, 4, addrspace=AddrSpace.LOCAL, volatile=True, image=(2, 2))]
arg_repr AKern=[KernelInfo(name='test', applied_opts=(), opts_to_apply=None, estimates=None, beam=0)]
arg_repr AProgr=[ProgramInfo(global_size=(1, 1, 1), local_size=(1, 1, 1), vars=(), globals=(), outs=(), ins=(), target=)]
dt_repr float=[dtypes.float]   py=dtypes.float
dt_repr int32=[dtypes.int]   py=dtypes.int
addr_repr GLOBAL=[AddrSpace.GLOBAL]   py=AddrSpace.GLOBAL
dev_repr D1(2)=['METAL']   py='METAL'
dev_repr Dn=[('CPU', 'METAL')]   py=('CPU', 'METAL')
tag_str  TStr=[x]   py=x
tag_repr TStr=['x']   py='x'
tag_repr TNone=[None]   py=None
const_repr CInt=[3]   py=3
const_repr CBool=[True]   py=True
const_repr CInv=[Invalid]   py=Invalid
const_repr CFlt=[ConstFloat(2.5)]   py=ConstFloat(2.5)
ops_repr ADD=[Ops.ADD]   py=Ops.ADD
syms_of MUL=[*]   py=*
prec_of MUL=[1]   py=1
prec_of CDIV=[99]   py=99
sint_show 0=[0]   py=0
sint_show 7=[7]   py=7
sint_show 2**31-1=[2147483647] py=2147483647
sint_show -3=[-3] py=-3
sint_show -2**31=[-2147483648] py=-2147483648
f32_repr 3.0=[3.0]     py=3.0
f32_repr 1e30=[1e+30]     py=1e+30
f32_repr 0.1=[0.1]     py=0.1
