py_version_ge_312=True
py_version_tuple=(3, 12)
pyr_empty_device=
pyr_empty_renderer=PYTHON
pyr_empty_arch=
pyr_empty_interface=
pyr_empty_ncores=0
pyr_empty_coredims=[]
pyr_empty_core_in=[]
pyr_empty_core_threads=[]
pyr_metal_device=METAL
pyr_metal_renderer=PYTHON
pyr_metal_arch=METAL
pyr_metal_interface=
pyr_metal_ncores=5
pyr_metal_coredims=[(8, 8, 8), (8, 8, 8), (8, 8, 8), (8, 8, 8), (8, 8, 8)]
pyr_metal_core_in=['dtypes.float', 'dtypes.half', 'dtypes.half', 'dtypes.bfloat16', 'dtypes.bfloat16']
pyr_metal_core_threads=[32, 32, 32, 32, 32]
pyr_metal_lowp_device=METAL
pyr_metal_lowp_renderer=PYTHON
pyr_metal_lowp_arch=METAL
pyr_metal_lowp_interface=
pyr_metal_lowp_ncores=5
pyr_metal_lowp_coredims=[(8, 8, 8), (8, 8, 8), (8, 8, 8), (8, 8, 8), (8, 8, 8)]
pyr_metal_lowp_core_in=['dtypes.float', 'dtypes.half', 'dtypes.half', 'dtypes.bfloat16', 'dtypes.bfloat16']
pyr_metal_lowp_core_threads=[32, 32, 32, 32, 32]
pyr_gfx1100_device=AMD
pyr_gfx1100_renderer=PYTHON
pyr_gfx1100_arch=gfx1100
pyr_gfx1100_interface=
pyr_gfx1100_ncores=4
pyr_gfx1100_coredims=[(16, 16, 16), (16, 16, 16), (16, 16, 16), (16, 16, 16)]
pyr_gfx1100_core_in=['dtypes.half', 'dtypes.half', 'dtypes.bfloat16', 'dtypes.char']
pyr_gfx1100_core_threads=[32, 32, 32, 32]
pyr_gfx1201_device=AMD
pyr_gfx1201_renderer=PYTHON
pyr_gfx1201_arch=gfx1201
pyr_gfx1201_interface=
pyr_gfx1201_ncores=4
pyr_gfx1201_coredims=[(16, 16, 16), (16, 16, 16), (16, 16, 16), (16, 16, 16)]
pyr_gfx1201_core_in=['dtypes.half', 'dtypes.half', 'dtypes.bfloat16', 'dtypes.bfloat16']
pyr_gfx1201_core_threads=[32, 32, 32, 32]
pyr_gfx950_device=AMD
pyr_gfx950_renderer=PYTHON
pyr_gfx950_arch=gfx950
pyr_gfx950_interface=
pyr_gfx950_ncores=8
pyr_gfx950_coredims=[(16, 16, 128), (16, 16, 128), (16, 16, 32), (16, 16, 32), (16, 16, 32), (16, 16, 32), (16, 16, 16), (16, 16, 16)]
pyr_gfx950_core_in=['dtypes.fp8e5m2', 'dtypes.fp8e4m3', 'dtypes.fp8e5m2', 'dtypes.fp8e4m3', 'dtypes.half', 'dtypes.bfloat16', 'dtypes.half', 'dtypes.bfloat16']
pyr_gfx950_core_threads=[64, 64, 64, 64, 64, 64, 64, 64]
pyr_sm_80_device=CUDA
pyr_sm_80_renderer=PYTHON
pyr_sm_80_arch=sm_80
pyr_sm_80_interface=
pyr_sm_80_ncores=6
pyr_sm_80_coredims=[(8, 16, 16), (8, 16, 16), (8, 16, 16), (8, 16, 8), (8, 16, 8), (8, 16, 8)]
pyr_sm_80_core_in=['dtypes.half', 'dtypes.bfloat16', 'dtypes.half', 'dtypes.half', 'dtypes.half', 'dtypes.float']
pyr_sm_80_core_threads=[32, 32, 32, 32, 32, 32]
pyr_sm_75_device=CUDA
pyr_sm_75_renderer=PYTHON
pyr_sm_75_arch=sm_75
pyr_sm_75_interface=
pyr_sm_75_ncores=2
pyr_sm_75_coredims=[(8, 16, 8), (8, 16, 8)]
pyr_sm_75_core_in=['dtypes.half', 'dtypes.half']
pyr_sm_75_core_threads=[32, 32]
pyr_sm_89_device=CUDA
pyr_sm_89_renderer=PYTHON
pyr_sm_89_arch=sm_89
pyr_sm_89_interface=
pyr_sm_89_ncores=8
pyr_sm_89_coredims=[(8, 16, 16), (8, 16, 16), (8, 16, 16), (8, 16, 8), (8, 16, 8), (8, 16, 8), (8, 16, 32), (8, 16, 32)]
pyr_sm_89_core_in=['dtypes.half', 'dtypes.bfloat16', 'dtypes.half', 'dtypes.half', 'dtypes.half', 'dtypes.float', 'dtypes.fp8e4m3', 'dtypes.fp8e5m2']
pyr_sm_89_core_threads=[32, 32, 32, 32, 32, 32, 32, 32]
pyr_sm_90_device=CUDA
pyr_sm_90_renderer=PYTHON
pyr_sm_90_arch=sm_90
pyr_sm_90_interface=
pyr_sm_90_ncores=8
pyr_sm_90_coredims=[(8, 16, 16), (8, 16, 16), (8, 16, 16), (8, 16, 8), (8, 16, 8), (8, 16, 8), (8, 16, 32), (8, 16, 32)]
pyr_sm_90_core_in=['dtypes.half', 'dtypes.bfloat16', 'dtypes.half', 'dtypes.half', 'dtypes.half', 'dtypes.float', 'dtypes.fp8e4m3', 'dtypes.fp8e5m2']
pyr_sm_90_core_threads=[32, 32, 32, 32, 32, 32, 32, 32]
pyr_cl_khr_device=AMD
pyr_cl_khr_renderer=PYTHON
pyr_cl_khr_arch=gfx1100
pyr_cl_khr_interface=
pyr_cl_khr_ncores=4
pyr_cl_khr_coredims=[(16, 16, 16), (16, 16, 16), (16, 16, 16), (16, 16, 16)]
pyr_cl_khr_core_in=['dtypes.half', 'dtypes.half', 'dtypes.bfloat16', 'dtypes.char']
pyr_cl_khr_core_threads=[32, 32, 32, 32]
pyr_cuda_ptx_device=CUDA
pyr_cuda_ptx_renderer=PYTHON
pyr_cuda_ptx_arch=sm_80
pyr_cuda_ptx_interface=
pyr_cuda_ptx_ncores=6
pyr_cuda_ptx_coredims=[(8, 16, 16), (8, 16, 16), (8, 16, 16), (8, 16, 8), (8, 16, 8), (8, 16, 8)]
pyr_cuda_ptx_core_in=['dtypes.half', 'dtypes.bfloat16', 'dtypes.half', 'dtypes.half', 'dtypes.half', 'dtypes.float']
pyr_cuda_ptx_core_threads=[32, 32, 32, 32, 32, 32]
pyr_nonsense_device=
pyr_nonsense_renderer=PYTHON
pyr_nonsense_arch=NOT_AN_ARCH
pyr_nonsense_interface=
pyr_nonsense_ncores=0
pyr_nonsense_coredims=[]
pyr_nonsense_core_in=[]
pyr_nonsense_core_threads=[]
pyr_empty_renderer_device=
pyr_empty_renderer_renderer=PYTHON
pyr_empty_renderer_arch=
pyr_empty_renderer_interface=
pyr_empty_renderer_ncores=0
pyr_empty_renderer_coredims=[]
pyr_empty_renderer_core_in=[]
pyr_empty_renderer_core_threads=[]
pyr_interface_set_device=AMD
pyr_interface_set_renderer=PYTHON
pyr_interface_set_arch=gfx1100
pyr_interface_set_interface=opencl
pyr_interface_set_ncores=4
pyr_interface_set_coredims=[(16, 16, 16), (16, 16, 16), (16, 16, 16), (16, 16, 16)]
pyr_interface_set_core_in=['dtypes.half', 'dtypes.half', 'dtypes.bfloat16', 'dtypes.char']
pyr_interface_set_core_threads=[32, 32, 32, 32]
pyr_gfx1100_iface_arch=gfx1100
pyr_gfx1100_iface_dev=AMD
pyr_interface_set_dev=AMD
pyr_gfx1101_ncores=4
pyr_gfx942_ncores=4
pyr_sm_74_ncores=0
pyr_sm_86_ncores=6
pyr_sm_88_ncores=6
pyr_image_empty_arch=IMAGE_PITCH_ALIGNMENT=1
pyr_image_empty_device=
pyr_image_empty_renderer=PYTHON
pyr_image_gfx_arch=gfx1100
pyr_image_gfx_device=AMD
py_emulate_read=
py_emulate_ok=True
pyr_emulate_bad=True
pyr_emulate_bad_metal=True
pyr_emulate_bad_empty=True
pyr_emulate_ok=True
pyc_empty_src=
pyc_empty_hex=
pyc_empty_same=True
pyc_one_src=AA==
pyc_one_hex=00
pyc_one_same=True
pyc_two_src=AP8=
pyc_two_hex=00ff
pyc_two_same=True
pyc_three_src=AP9/
pyc_three_hex=00ff7f
pyc_three_same=True
pyc_four_src=AP9/AQ==
pyc_four_hex=00ff7f01
pyc_four_same=True
pyc_hi_src=AAECAwQFBgcICQoLDA0ODxAREhMUFRYXGBkaGxwdHh8gISIjJCUmJygpKissLS4vMDEyMzQ1Njc4OTo7PD0+P0BBQkNERUZHSElKS0xNTk9QUVJTVFVWV1hZWltcXV5fYGFiY2RlZmdoaWprbG1ub3BxcnN0dXZ3eHl6e3x9fn+AgYKDhIWGh4iJiouMjY6PkJGSk5SVlpeYmZqbnJ2en6ChoqOkpaanqKmqq6ytrq+wsbKztLW2t7i5uru8vb6/wMHCw8TFxsfIycrLzM3Oz9DR0tPU1dbX2Nna29zd3t/g4eLj5OXm5+jp6uvs7e7v8PHy8/T19vf4+fr7/P3+/w==
pyc_hi_hex=000102030405060708090a0b0c0d0e0f101112131415161718191a1b1c1d1e1f202122232425262728292a2b2c2d2e2f303132333435363738393a3b3c3d3e3f404142434445464748494a4b4c4d4e4f505152535455565758595a5b5c5d5e5f606162636465666768696a6b6c6d6e6f707172737475767778797a7b7c7d7e7f808182838485868788898a8b8c8d8e8f909192939495969798999a9b9c9d9e9fa0a1a2a3a4a5a6a7a8a9aaabacadaeafb0b1b2b3b4b5b6b7b8b9babbbcbdbebfc0c1c2c3c4c5c6c7c8c9cacbcccdcecfd0d1d2d3d4d5d6d7d8d9dadbdcdddedfe0e1e2e3e4e5e6e7e8e9eaebecedeeeff0f1f2f3f4f5f6f7f8f9fafbfcfdfeff
pyc_hi_same=True
pyc_ascii_src=dGhlIHF1aWNrIGJyb3duIGZveA==
pyc_ascii_hex=74686520717569636b2062726f776e20666f78
pyc_ascii_same=True
pyc_nl_src=YQpiCWM=
pyc_nl_hex=610a620963
pyc_nl_same=True
pyc_is_base64_b64decode=False
pyr_code_for_op_is_python_alu=True
pyr_compiler_class=PythonCompiler
pyr_compiler_is_instance=True
pysd_n=17
pysd_sorted=['dtypes.bfloat16', 'dtypes.bool', 'dtypes.char', 'dtypes.double', 'dtypes.float', 'dtypes.fp8e4m3', 'dtypes.fp8e4m3fnuz', 'dtypes.fp8e5m2', 'dtypes.fp8e5m2fnuz', 'dtypes.half', 'dtypes.int', 'dtypes.long', 'dtypes.short', 'dtypes.uchar', 'dtypes.uint', 'dtypes.ulong', 'dtypes.ushort']
pysd_has_half=False
pysd_super_n=17
pysd_keeps_f16_312=True
pysd_drops_f16_311=True
pysd_keeps_bf16_311=True
pysd_keeps_f32_311=True
pysd_keeps_bool_311=True
pysd_keeps_i32_311=True
pysd_keeps_i64_311=True
pysd_keeps_f64_311=True
pysd_keeps_u32_311=True
pyd_class=PythonDevice
pyd_renderer=PythonRenderer
pyd_compiler=PythonCompiler
pyd_runtime_t=PythonProgram
pyd_allocator=HostAllocator
pyd_renderer_is_ops_python_renderer=True
pyd_runtime_t_is_python_program=True
pyd_renderers=['PythonRenderer']
pyd_device=PYTHON
pyd_arch=None
pyd_peer_group=PYTHON
pyd_allocator_is_host_allocator=True
pyd_maxdim=None
pywma_ncores=5
pywma_c0_dims=(8, 8, 8)
pywma_c0_dtype_in=dtypes.float
pywma_c0_threads=32
pywma_c0_nfrags=3
pywma_c0_frag_shape=[32, 32, 32]
pywma_c0_frag_lane0=[[(0, 0), (0, 1)], [(0, 0), (0, 1)], [(0, 0), (0, 1)]]
pywma_c0_out0=[1128.0, 1169.0, 1466.0, 1523.0, 1804.0, 1877.0, 2142.0, 2231.0, 1456.0, 1497.0, 1922.0, 1979.0, 2388.0, 2461.0, 2854.0, 2943.0, 3832.0, 4001.0, 4170.0, 4355.0, 4508.0, 4709.0, 4846.0, 5063.0, 5184.0, 5353.0, 5650.0, 5835.0, 6116.0, 6317.0, 6582.0, 6799.0]
pywma_c0_out1=[1169.0, 1210.0, 1523.0, 1580.0, 1877.0, 1950.0, 2231.0, 2320.0, 1497.0, 1538.0, 1979.0, 2036.0, 2461.0, 2534.0, 2943.0, 3032.0, 4001.0, 4170.0, 4355.0, 4540.0, 4709.0, 4910.0, 5063.0, 5280.0, 5353.0, 5522.0, 5835.0, 6020.0, 6317.0, 6518.0, 6799.0, 7016.0]
pywma_c0_err=IndexError: list index out of range
pywma_c0_short_ok=False
pywma_c0_short_msg=A must have 2 elements per thread, it has 1
pywma_c0_oddwarp_ok=False
pywma_c0_oddwarp_msg=must have multiples of 32 warp threads
pywma_c0_nomatch_ok=False
pywma_c0_nomatch_msg=StopIteration
pywma_c1_dims=(8, 8, 8)
pywma_c1_dtype_in=dtypes.half
pywma_c1_threads=32
pywma_c1_nfrags=3
pywma_c1_frag_shape=[32, 32, 32]
pywma_c1_frag_lane0=[[(0, 0), (0, 1)], [(0, 0), (0, 1)], [(0, 0), (0, 1)]]
pywma_c1_out0=[1128.0, 1169.0, 1466.0, 1523.0, 1804.0, 1877.0, 2142.0, 2231.0, 1456.0, 1497.0, 1922.0, 1979.0, 2388.0, 2461.0, 2854.0, 2943.0, 3832.0, 4001.0, 4170.0, 4355.0, 4508.0, 4709.0, 4846.0, 5063.0, 5184.0, 5353.0, 5650.0, 5835.0, 6116.0, 6317.0, 6582.0, 6799.0]
pywma_c1_out1=[1169.0, 1210.0, 1523.0, 1580.0, 1877.0, 1950.0, 2231.0, 2320.0, 1497.0, 1538.0, 1979.0, 2036.0, 2461.0, 2534.0, 2943.0, 3032.0, 4001.0, 4170.0, 4355.0, 4540.0, 4709.0, 4910.0, 5063.0, 5280.0, 5353.0, 5522.0, 5835.0, 6020.0, 6317.0, 6518.0, 6799.0, 7016.0]
pywma_c1_err=IndexError: list index out of range
pywma_c1_short_ok=False
pywma_c1_short_msg=A must have 2 elements per thread, it has 1
pywma_c1_oddwarp_ok=False
pywma_c1_oddwarp_msg=must have multiples of 32 warp threads
pywma_c1_nomatch_ok=False
pywma_c1_nomatch_msg=StopIteration
pywma_metal_ncores=5
pywma_metal_dims0=8
pywma_metal_threads=32
pywma_short_msg_A=A must have 2 elements per thread, it has 1
pywma_short_msg_B=B must have 2 elements per thread, it has 1
pywma_short_msg_C=C must have 2 elements per thread, it has 1
pywma_oddwarp_msg=must have multiples of 32 warp threads
pypp_nuops=28
pypp_ops=['Ops.PARAM', 'Ops.PARAM', 'Ops.CONST', 'Ops.CAST', 'Ops.CONST', 'Ops.CAST', 'Ops.SHRINK', 'Ops.LOAD', 'Ops.INDEX', 'Ops.CONST', 'Ops.CAST', 'Ops.INDEX', 'Ops.CONST', 'Ops.CAST', 'Ops.INDEX', 'Ops.CONST', 'Ops.CAST', 'Ops.INDEX', 'Ops.CONST', 'Ops.CAST', 'Ops.ADD', 'Ops.ADD', 'Ops.ADD', 'Ops.ADD', 'Ops.STACK', 'Ops.SHRINK', 'Ops.STORE', 'Ops.SINK']
pypp_nsrc=[0, 0, 0, 1, 0, 1, 3, 1, 2, 0, 1, 2, 0, 1, 2, 0, 1, 2, 0, 1, 2, 2, 2, 2, 4, 3, 2, 4]
pypp_uop_to_index=[0, 1, 2, 3, 4, 5, 6, 7, 8, 9, 10, 11, 12, 13, 14, 15, 16, 17, 18, 19, 20, 21, 22, 23, 24, 25, 26, 27]
pypp_loop_end_keys=0
pypp_pickle_len=1172
pypp_b64_len=1564
pypp_lib_roundtrip=28
