== A: TABLES ==
fma_n=3
fma_keys=30
fma_keynames=ADD,AFTER,AND,CDIV,CMOD,CMPEQ,CMPLT,CMPNE,EXP2,FDIV,FLOORDIV,FLOORMOD,LOG2,MAX,MUL,MULACC,NEG,OR,POW,RECIPROCAL,SHL,SHR,SIN,SQRT,STAGE,SUB,THREEFRY,TRUNC,WHERE,XOR
fma_pd_ADD=2
fma_pd_AFTER=0
fma_pd_AND=2
fma_pd_CDIV=2
fma_pd_CMOD=2
fma_pd_CMPEQ=2
fma_pd_CMPLT=2
fma_pd_CMPNE=2
fma_pd_EXP2=2
fma_pd_FDIV=2
fma_pd_FLOORDIV=2
fma_pd_FLOORMOD=2
fma_pd_LOG2=2
fma_pd_MAX=2
fma_pd_MUL=2
fma_pd_MULACC=2
fma_pd_NEG=2
fma_pd_OR=2
fma_pd_POW=2
fma_pd_RECIPROCAL=2
fma_pd_SHL=2
fma_pd_SHR=2
fma_pd_SIN=2
fma_pd_SQRT=2
fma_pd_STAGE=1
fma_pd_SUB=2
fma_pd_THREEFRY=2
fma_pd_TRUNC=2
fma_pd_WHERE=2
fma_pd_XOR=2
fma_0_fn=found_after
fma_0_ops=AFTER
fma_0_rej={STORE}
fma_0_slen=1
fma_0_rlen=2
fma_0_isany=0
fma_0_nalts=1
fma_0_name=after
fma_0_dt=-
fma_0_src=[<tinygrad.uop.ops.UPat object at 0x103f08750>|<tinygrad.uop.ops.UPat object at 0x103f088a0>]
fma_1_fn=found_after
fma_1_ops=STAGE
fma_1_rej={}
fma_1_slen=1
fma_1_rlen=1
fma_1_isany=0
fma_1_nalts=1
fma_1_name=after
fma_1_dt=-
fma_1_src=[<tinygrad.uop.ops.UPat object at 0x103f089f0>]
fma_2_fn=<lambda>
fma_2_ops=EXP2,LOG2,SIN,SQRT,RECIPROCAL,NEG,TRUNC,ADD,MUL,SHL,SHR,CDIV,MAX,CMOD,CMPLT,CMPNE,CMPEQ,XOR,OR,AND,THREEFRY,SUB,FDIV,POW,FLOORDIV,FLOORMOD,WHERE,MULACC
fma_2_rej={}
fma_2_slen=0
fma_2_rlen=0
fma_2_isany=0
fma_2_nalts=0
fma_2_name=alu
fma_2_dt=-
fma_2_src=-
mop_n=3
mop_keys=3
mop_keynames=AFTER,END,INDEX
mop_pd_AFTER=1
mop_pd_END=2
mop_pd_INDEX=0
mop_0_fn=_mop_index
mop_0_ops=INDEX
mop_0_rej={}
mop_0_slen=0
mop_0_rlen=1
mop_0_isany=0
mop_0_nalts=1
mop_0_name=idx
mop_0_dt=-
mop_0_src=[<tinygrad.uop.ops.UPat object at 0x103f08b40>]
mop_1_fn=<lambda>
mop_1_ops=AFTER
mop_1_rej={}
mop_1_slen=0
mop_1_rlen=1
mop_1_isany=0
mop_1_nalts=1
mop_1_name=a
mop_1_dt=-
mop_1_src=[<tinygrad.uop.ops.UPat object at 0x103f08c20>]
mop_2_fn=<lambda>
mop_2_ops=END
mop_2_rej={}
mop_2_slen=0
mop_2_rlen=1
mop_2_isany=0
mop_2_nalts=1
mop_2_name=a
mop_2_dt=-
mop_2_src=[<tinygrad.uop.ops.UPat object at 0x103f08d00>]
inl_n=2
inl_keys=2
inl_keynames=AFTER,CALL
inl_pd_AFTER=1
inl_pd_CALL=0
inl_0_fn=resolve_function
inl_0_ops=CALL
inl_0_rej={}
inl_0_slen=0
inl_0_rlen=0
inl_0_isany=0
inl_0_nalts=0
inl_0_name=c
inl_0_dt=-
inl_0_src=-
inl_1_fn=resolve_returned_after
inl_1_ops=AFTER
inl_1_rej={SINK}
inl_1_slen=0
inl_1_rlen=2
inl_1_isany=0
inl_1_nalts=1
inl_1_name=-
inl_1_dt=-
inl_1_src=[<tinygrad.uop.ops.UPat object at 0x103f08e50>|<tinygrad.uop.ops.UPat object at 0x103f08ec0>]
dsk_n=2
dsk_keys=1
dsk_keynames=COPY
dsk_pd_COPY=0,1
dsk_0_fn=<lambda>
dsk_0_ops=COPY
dsk_0_rej={STAGE}
dsk_0_slen=1
dsk_0_rlen=1
dsk_0_isany=0
dsk_0_nalts=1
dsk_0_name=copy
dsk_0_dt=-
dsk_0_src=[<tinygrad.uop.ops.UPat object at 0x103f09010>]
dsk_1_fn=<lambda>
dsk_1_ops=COPY
dsk_1_rej={}
dsk_1_slen=1
dsk_1_rlen=1
dsk_1_isany=0
dsk_1_nalts=1
dsk_1_name=copy
dsk_1_dt=-
dsk_1_src=[<tinygrad.uop.ops.UPat object at 0x103f090f0>]
ear_n=29
ear_keys=77
ear_keynames=ADD,AFTER,ALLOC,ALLREDUCE,AND,BACKEDGE,BARRIER,BINARY,BITCAST,BUFFER,CALL,CAST,CDIV,CMOD,CMPEQ,CMPLT,CMPNE,CONST,CONTIGUOUS_BACKWARD,COPY,CUSTOM,CUSTOMI,CUSTOM_FUNCTION,DETACH,END,ENDIF,EXP2,EXPAND,FDIV,FLIP,FLOORDIV,FLOORMOD,GETADDR,GROUP,IF,INDEX,INS,LINEAR,LOAD,LOG2,MAX,MSELECT,MSTACK,MUL,MULACC,NEG,NOOP,OR,PAD,PARAM,PERMUTE,POW,PROGRAM,PYLITERAL,RANGE,RECIPROCAL,REDUCE,RESHAPE,REWRITE_ERROR,SHL,SHR,SHRINK,SIN,SINK,SOURCE,SPECIAL,SQRT,STACK,STAGE,STORE,SUB,THREEFRY,TRUNC,UNSHARD,WHERE,WMMA,XOR
ear_pd_ADD=26
ear_pd_AFTER=21,22,26,28
ear_pd_ALLOC=26
ear_pd_ALLREDUCE=9,26
ear_pd_AND=26
ear_pd_BACKEDGE=26
ear_pd_BARRIER=26
ear_pd_BINARY=26
ear_pd_BITCAST=24,26
ear_pd_BUFFER=26
ear_pd_CALL=26
ear_pd_CAST=26
ear_pd_CDIV=26
ear_pd_CMOD=26
ear_pd_CMPEQ=26
ear_pd_CMPLT=26
ear_pd_CMPNE=26
ear_pd_CONST=26
ear_pd_CONTIGUOUS_BACKWARD=11,26
ear_pd_COPY=13,15,26
ear_pd_CUSTOM=26
ear_pd_CUSTOMI=26
ear_pd_CUSTOM_FUNCTION=26
ear_pd_DETACH=11,26
ear_pd_END=26
ear_pd_ENDIF=26
ear_pd_EXP2=26
ear_pd_EXPAND=26
ear_pd_FDIV=26
ear_pd_FLIP=26
ear_pd_FLOORDIV=26
ear_pd_FLOORMOD=26
ear_pd_GETADDR=26
ear_pd_GROUP=26
ear_pd_IF=26
ear_pd_INDEX=6,7,8,26
ear_pd_INS=26
ear_pd_LINEAR=26
ear_pd_LOAD=26
ear_pd_LOG2=26
ear_pd_MAX=26
ear_pd_MSELECT=26
ear_pd_MSTACK=26
ear_pd_MUL=26
ear_pd_MULACC=26
ear_pd_NEG=26
ear_pd_NOOP=26
ear_pd_OR=26
ear_pd_PAD=26
ear_pd_PARAM=26
ear_pd_PERMUTE=3,4,26
ear_pd_POW=26
ear_pd_PROGRAM=26
ear_pd_PYLITERAL=26
ear_pd_RANGE=26
ear_pd_RECIPROCAL=26
ear_pd_REDUCE=10,25,26
ear_pd_RESHAPE=1,2,26
ear_pd_REWRITE_ERROR=26
ear_pd_SHL=26
ear_pd_SHR=26
ear_pd_SHRINK=0,26
ear_pd_SIN=26
ear_pd_SINK=12,27
ear_pd_SOURCE=26
ear_pd_SPECIAL=26
ear_pd_SQRT=26
ear_pd_STACK=5,26
ear_pd_STAGE=16,17,26
ear_pd_STORE=14,18,19,20,23,26
ear_pd_SUB=26
ear_pd_THREEFRY=26
ear_pd_TRUNC=26
ear_pd_UNSHARD=26
ear_pd_WHERE=26
ear_pd_WMMA=26
ear_pd_XOR=26
ear_0_fn=<lambda>
ear_0_ops=SHRINK
ear_0_rej={SHRINK}
ear_0_slen=0
ear_0_rlen=1
ear_0_isany=0
ear_0_nalts=1
ear_0_name=s
ear_0_dt=-
ear_0_src=[<tinygrad.uop.ops.UPat object at 0x103d3a3c0>]
ear_1_fn=<lambda>
ear_1_ops=RESHAPE
ear_1_rej={RESHAPE}
ear_1_slen=1
ear_1_rlen=2
ear_1_isany=0
ear_1_nalts=1
ear_1_name=x
ear_1_dt=-
ear_1_src=[<tinygrad.uop.ops.UPat object at 0x103d3a580>|<tinygrad.uop.ops.UPat object at 0x103d3a660>]
ear_2_fn=<lambda>
ear_2_ops=RESHAPE
ear_2_rej={}
ear_2_slen=1
ear_2_rlen=2
ear_2_isany=0
ear_2_nalts=1
ear_2_name=x
ear_2_dt=-
ear_2_src=[<tinygrad.uop.ops.UPat object at 0x103d3a740>|<tinygrad.uop.ops.UPat object at 0x103d3a7b0>]
ear_3_fn=<lambda>
ear_3_ops=PERMUTE
ear_3_rej={PERMUTE}
ear_3_slen=1
ear_3_rlen=1
ear_3_isany=0
ear_3_nalts=1
ear_3_name=x
ear_3_dt=-
ear_3_src=[<tinygrad.uop.ops.UPat object at 0x103d3a890>]
ear_4_fn=<lambda>
ear_4_ops=PERMUTE
ear_4_rej={}
ear_4_slen=0
ear_4_rlen=0
ear_4_isany=0
ear_4_nalts=0
ear_4_name=x
ear_4_dt=-
ear_4_src=-
ear_5_fn=<lambda>
ear_5_ops=STACK
ear_5_rej={INDEX}
ear_5_slen=0
ear_5_rlen=0
ear_5_isany=0
ear_5_nalts=1
ear_5_name=stk
ear_5_dt=-
ear_5_src=repeat(<tinygrad.uop.ops.UPat object at 0x103d3aac0>)
ear_6_fn=<lambda>
ear_6_ops=INDEX
ear_6_rej={CONST,STACK}
ear_6_slen=0
ear_6_rlen=2
ear_6_isany=0
ear_6_nalts=1
ear_6_name=idx
ear_6_dt=-
ear_6_src=[<tinygrad.uop.ops.UPat object at 0x103d3aba0>|<tinygrad.uop.ops.UPat object at 0x103d3ac10>]
ear_7_fn=<lambda>
ear_7_ops=INDEX
ear_7_rej={INDEX}
ear_7_slen=0
ear_7_rlen=1
ear_7_isany=0
ear_7_nalts=1
ear_7_name=idx2
ear_7_dt=-
ear_7_src=[<tinygrad.uop.ops.UPat object at 0x103d3acf0>]
ear_8_fn=<lambda>
ear_8_ops=INDEX
ear_8_rej={INDEX}
ear_8_slen=0
ear_8_rlen=1
ear_8_isany=0
ear_8_nalts=1
ear_8_name=idx2
ear_8_dt=-
ear_8_src=[<tinygrad.uop.ops.UPat object at 0x103d3ae40>]
ear_9_fn=create_allreduce_function
ear_9_ops=ALLREDUCE
ear_9_rej={}
ear_9_slen=1
ear_9_rlen=1
ear_9_isany=0
ear_9_nalts=1
ear_9_name=red
ear_9_dt=-
ear_9_src=[<tinygrad.uop.ops.UPat object at 0x103d38f30>]
ear_10_fn=split_reduceop
ear_10_ops=REDUCE
ear_10_rej={}
ear_10_slen=1
ear_10_rlen=1
ear_10_isany=0
ear_10_nalts=1
ear_10_name=reduce
ear_10_dt=-
ear_10_src=[<tinygrad.uop.ops.UPat object at 0x103c5a3c0>]
ear_11_fn=<lambda>
ear_11_ops=DETACH,CONTIGUOUS_BACKWARD
ear_11_rej={}
ear_11_slen=0
ear_11_rlen=0
ear_11_isany=0
ear_11_nalts=0
ear_11_name=x
ear_11_dt=-
ear_11_src=-
ear_12_fn=<lambda>
ear_12_ops=SINK
ear_12_rej={}
ear_12_slen=0
ear_12_rlen=0
ear_12_isany=0
ear_12_nalts=0
ear_12_name=x
ear_12_dt=-
ear_12_src=-
ear_13_fn=<lambda>
ear_13_ops=COPY
ear_13_rej={}
ear_13_slen=0
ear_13_rlen=1
ear_13_isany=0
ear_13_nalts=1
ear_13_name=copy
ear_13_dt=-
ear_13_src=[<tinygrad.uop.ops.UPat object at 0x103c5a3c0>]
ear_14_fn=<lambda>
ear_14_ops=STORE
ear_14_rej={COPY}
ear_14_slen=1
ear_14_rlen=2
ear_14_isany=0
ear_14_nalts=1
ear_14_name=-
ear_14_dt=-
ear_14_src=[<tinygrad.uop.ops.UPat object at 0x103f09400>|<tinygrad.uop.ops.UPat object at 0x103f09470>]
ear_15_fn=copy_to_anon_store
ear_15_ops=COPY
ear_15_rej={}
ear_15_slen=0
ear_15_rlen=1
ear_15_isany=0
ear_15_nalts=1
ear_15_name=copy
ear_15_dt=-
ear_15_src=[<tinygrad.uop.ops.UPat object at 0x103c5a3c0>]
ear_16_fn=<lambda>
ear_16_ops=STAGE
ear_16_rej={}
ear_16_slen=1
ear_16_rlen=1
ear_16_isany=0
ear_16_nalts=1
ear_16_name=stg
ear_16_dt=-
ear_16_src=[<tinygrad.uop.ops.UPat object at 0x103c5a3c0>]
ear_17_fn=stage_to_anon_store
ear_17_ops=STAGE
ear_17_rej={}
ear_17_slen=1
ear_17_rlen=1
ear_17_isany=0
ear_17_nalts=1
ear_17_name=stg
ear_17_dt=-
ear_17_src=[<tinygrad.uop.ops.UPat object at 0x103c5a3c0>]
ear_18_fn=<lambda>
ear_18_ops=STORE
ear_18_rej={RESHAPE}
ear_18_slen=1
ear_18_rlen=2
ear_18_isany=0
ear_18_nalts=1
ear_18_name=-
ear_18_dt=-
ear_18_src=[<tinygrad.uop.ops.UPat object at 0x103f096a0>|<tinygrad.uop.ops.UPat object at 0x103f09710>]
ear_19_fn=materialize_cross_device_src
ear_19_ops=STORE
ear_19_rej={}
ear_19_slen=1
ear_19_rlen=2
ear_19_isany=0
ear_19_nalts=1
ear_19_name=-
ear_19_dt=-
ear_19_src=[<tinygrad.uop.ops.UPat object at 0x103f097f0>|<tinygrad.uop.ops.UPat object at 0x103f09860>]
ear_20_fn=fix_store_hazard
ear_20_ops=STORE
ear_20_rej={}
ear_20_slen=1
ear_20_rlen=2
ear_20_isany=0
ear_20_nalts=1
ear_20_name=-
ear_20_dt=-
ear_20_src=[<tinygrad.uop.ops.UPat object at 0x103f09940>|<tinygrad.uop.ops.UPat object at 0x103f099b0>]
ear_21_fn=<lambda>
ear_21_ops=AFTER
ear_21_rej={AFTER,STORE}
ear_21_slen=1
ear_21_rlen=2
ear_21_isany=0
ear_21_nalts=1
ear_21_name=-
ear_21_dt=-
ear_21_src=[<tinygrad.uop.ops.UPat object at 0x103f09b00>|<tinygrad.uop.ops.UPat object at 0x103f09be0>]
ear_22_fn=<lambda>
ear_22_ops=AFTER
ear_22_rej={STORE}
ear_22_slen=1
ear_22_rlen=2
ear_22_isany=0
ear_22_nalts=1
ear_22_name=-
ear_22_dt=-
ear_22_src=[<tinygrad.uop.ops.UPat object at 0x103d38f30>|<tinygrad.uop.ops.UPat object at 0x103f09da0>]
ear_23_fn=<lambda>
ear_23_ops=STORE
ear_23_rej={BITCAST}
ear_23_slen=1
ear_23_rlen=2
ear_23_isany=0
ear_23_nalts=1
ear_23_name=-
ear_23_dt=-
ear_23_src=[<tinygrad.uop.ops.UPat object at 0x103f09ef0>|<tinygrad.uop.ops.UPat object at 0x103f09f60>]
ear_24_fn=expand_bitcast
ear_24_ops=BITCAST
ear_24_rej={}
ear_24_slen=0
ear_24_rlen=0
ear_24_isany=0
ear_24_nalts=0
ear_24_name=bc
ear_24_dt=-
ear_24_src=-
ear_25_fn=<lambda>
ear_25_ops=REDUCE
ear_25_rej={}
ear_25_slen=1
ear_25_rlen=1
ear_25_isany=0
ear_25_nalts=1
ear_25_name=reduce
ear_25_dt=-
ear_25_src=[<tinygrad.uop.ops.UPat object at 0x103c5a3c0>]
ear_26_fn=<lambda>
ear_26_ops=SPECIAL,BUFFER,ALLOC,NOOP,REWRITE_ERROR,PARAM,CALL,PROGRAM,LINEAR,SOURCE,BINARY,AFTER,GROUP,STACK,GETADDR,INDEX,SHRINK,LOAD,STORE,WMMA,CAST,BITCAST,EXP2,LOG2,SIN,SQRT,RECIPROCAL,NEG,TRUNC,ADD,MUL,SHL,SHR,CDIV,MAX,CMOD,CMPLT,CMPNE,CMPEQ,XOR,OR,AND,THREEFRY,SUB,FDIV,POW,FLOORDIV,FLOORMOD,WHERE,MULACC,BARRIER,RANGE,IF,END,ENDIF,BACKEDGE,CONST,CUSTOM,CUSTOMI,INS,CONTIGUOUS_BACKWARD,DETACH,STAGE,COPY,MSELECT,MSTACK,CUSTOM_FUNCTION,RESHAPE,PERMUTE,EXPAND,PAD,FLIP,UNSHARD,REDUCE,ALLREDUCE,PYLITERAL
ear_26_rej={}
ear_26_slen=0
ear_26_rlen=0
ear_26_isany=0
ear_26_nalts=0
ear_26_name=x
ear_26_dt=-
ear_26_src=-
ear_27_fn=<lambda>
ear_27_ops=SINK
ear_27_rej={}
ear_27_slen=0
ear_27_rlen=0
ear_27_isany=0
ear_27_nalts=0
ear_27_name=s
ear_27_dt=-
ear_27_src=-
ear_28_fn=<lambda>
ear_28_ops=AFTER
ear_28_rej={}
ear_28_slen=0
ear_28_rlen=0
ear_28_isany=0
ear_28_nalts=0
ear_28_name=s
ear_28_dt=-
ear_28_src=-
mcl_n=9
mcl_keys=5
mcl_keynames=INDEX,PERMUTE,RESHAPE,SHRINK,STACK
mcl_pd_INDEX=6,7,8
mcl_pd_PERMUTE=3,4
mcl_pd_RESHAPE=1,2
mcl_pd_SHRINK=0
mcl_pd_STACK=5
mcl_0_fn=<lambda>
mcl_0_ops=SHRINK
mcl_0_rej={SHRINK}
mcl_0_slen=0
mcl_0_rlen=1
mcl_0_isany=0
mcl_0_nalts=1
mcl_0_name=s
mcl_0_dt=-
mcl_0_src=[<tinygrad.uop.ops.UPat object at 0x103d3a3c0>]
mcl_1_fn=<lambda>
mcl_1_ops=RESHAPE
mcl_1_rej={RESHAPE}
mcl_1_slen=1
mcl_1_rlen=2
mcl_1_isany=0
mcl_1_nalts=1
mcl_1_name=x
mcl_1_dt=-
mcl_1_src=[<tinygrad.uop.ops.UPat object at 0x103d3a580>|<tinygrad.uop.ops.UPat object at 0x103d3a660>]
mcl_2_fn=<lambda>
mcl_2_ops=RESHAPE
mcl_2_rej={}
mcl_2_slen=1
mcl_2_rlen=2
mcl_2_isany=0
mcl_2_nalts=1
mcl_2_name=x
mcl_2_dt=-
mcl_2_src=[<tinygrad.uop.ops.UPat object at 0x103d3a740>|<tinygrad.uop.ops.UPat object at 0x103d3a7b0>]
mcl_3_fn=<lambda>
mcl_3_ops=PERMUTE
mcl_3_rej={PERMUTE}
mcl_3_slen=1
mcl_3_rlen=1
mcl_3_isany=0
mcl_3_nalts=1
mcl_3_name=x
mcl_3_dt=-
mcl_3_src=[<tinygrad.uop.ops.UPat object at 0x103d3a890>]
mcl_4_fn=<lambda>
mcl_4_ops=PERMUTE
mcl_4_rej={}
mcl_4_slen=0
mcl_4_rlen=0
mcl_4_isany=0
mcl_4_nalts=0
mcl_4_name=x
mcl_4_dt=-
mcl_4_src=-
mcl_5_fn=<lambda>
mcl_5_ops=STACK
mcl_5_rej={INDEX}
mcl_5_slen=0
mcl_5_rlen=0
mcl_5_isany=0
mcl_5_nalts=1
mcl_5_name=stk
mcl_5_dt=-
mcl_5_src=repeat(<tinygrad.uop.ops.UPat object at 0x103d3aac0>)
mcl_6_fn=<lambda>
mcl_6_ops=INDEX
mcl_6_rej={CONST,STACK}
mcl_6_slen=0
mcl_6_rlen=2
mcl_6_isany=0
mcl_6_nalts=1
mcl_6_name=idx
mcl_6_dt=-
mcl_6_src=[<tinygrad.uop.ops.UPat object at 0x103d3aba0>|<tinygrad.uop.ops.UPat object at 0x103d3ac10>]
mcl_7_fn=<lambda>
mcl_7_ops=INDEX
mcl_7_rej={INDEX}
mcl_7_slen=0
mcl_7_rlen=1
mcl_7_isany=0
mcl_7_nalts=1
mcl_7_name=idx2
mcl_7_dt=-
mcl_7_src=[<tinygrad.uop.ops.UPat object at 0x103d3acf0>]
mcl_8_fn=<lambda>
mcl_8_ops=INDEX
mcl_8_rej={INDEX}
mcl_8_slen=0
mcl_8_rlen=1
mcl_8_isany=0
mcl_8_nalts=1
mcl_8_name=idx2
mcl_8_dt=-
mcl_8_src=[<tinygrad.uop.ops.UPat object at 0x103d3ae40>]
== C: walk_mop ==
wm_after_idx_in=6|AFTER|2|INDEX,END||i32
wm_after_idx_out=3|AFTER|2|BUFFER,END|4|i32
wm_after_idx_wmx=0
wm_after_idx_same=0
wm_after_idx_topo=BUFFER,END,AFTER
wm_after_mov_in=6|AFTER|2|RESHAPE,END|2x2|i32
wm_after_mov_out=3|AFTER|2|BUFFER,END|4|i32
wm_after_mov_wmx=0
wm_after_mov_same=0
wm_after_mov_topo=BUFFER,END,AFTER
wm_after_mov2_in=7|AFTER|2|PERMUTE,END|2x2|i32
wm_after_mov2_out=3|AFTER|2|BUFFER,END|4|i32
wm_after_mov2_wmx=0
wm_after_mov2_same=0
wm_after_mov2_topo=BUFFER,END,AFTER
wm_after_plain_in=3|AFTER|2|BUFFER,END|4|i32
wm_after_plain_out=3|AFTER|2|BUFFER,END|4|i32
wm_after_plain_wmx=0
wm_after_plain_same=1
wm_after_plain_topo=BUFFER,END,AFTER
wm_alu_in=2|ADD|2|BUFFER,BUFFER|4|i32
wm_alu_out=2|ADD|2|BUFFER,BUFFER|4|i32
wm_alu_wmx=-1
wm_alu_same=1
wm_alu_topo=BUFFER,ADD
wm_bitcast_in=2|BITCAST|1|BUFFER|4|f32
wm_bitcast_out=1|BUFFER|0||4|i32
wm_bitcast_wmx=-1
wm_bitcast_same=0
wm_bitcast_topo=BUFFER
wm_buf_in=1|BUFFER|0||4|i32
wm_buf_out=1|BUFFER|0||4|i32
wm_buf_wmx=-1
wm_buf_same=1
wm_buf_topo=BUFFER
wm_cast_in=2|CAST|1|BUFFER|4|f32
wm_cast_out=2|CAST|1|BUFFER|4|f32
wm_cast_wmx=-1
wm_cast_same=1
wm_cast_topo=BUFFER,CAST
wm_expand_in=4|EXPAND|2|BUFFER,STACK|4x4|i32
wm_expand_out=1|BUFFER|0||4|i32
wm_expand_wmx=-1
wm_expand_same=0
wm_expand_topo=BUFFER
wm_flip_in=5|FLIP|1|RESHAPE|2x2|i32
wm_flip_out=1|BUFFER|0||4|i32
wm_flip_wmx=-1
wm_flip_same=0
wm_flip_topo=BUFFER
wm_index_in=4|INDEX|2|BUFFER,RANGE||i32
wm_index_out=1|BUFFER|0||4|i32
wm_index_wmx=-1
wm_index_same=0
wm_index_topo=BUFFER
wm_mov_of_mov_in=5|PERMUTE|1|RESHAPE|2x2|i32
wm_mov_of_mov_out=1|BUFFER|0||4|i32
wm_mov_of_mov_wmx=-1
wm_mov_of_mov_same=0
wm_mov_of_mov_topo=BUFFER
wm_nested_mov_in=8|RESHAPE|2|PERMUTE,STACK|4|i32
wm_nested_mov_out=1|BUFFER|0||4|i32
wm_nested_mov_wmx=-1
wm_nested_mov_same=0
wm_nested_mov_topo=BUFFER
wm_pad_in=6|PAD|3|BUFFER,STACK,STACK|4|i32
wm_pad_out=1|BUFFER|0||4|i32
wm_pad_wmx=-1
wm_pad_same=0
wm_pad_topo=BUFFER
wm_permute_in=5|PERMUTE|1|RESHAPE|2x2|i32
wm_permute_out=1|BUFFER|0||4|i32
wm_permute_wmx=-1
wm_permute_same=0
wm_permute_topo=BUFFER
wm_reshape_in=4|RESHAPE|2|BUFFER,STACK|2x2|i32
wm_reshape_out=1|BUFFER|0||4|i32
wm_reshape_wmx=-1
wm_reshape_same=0
wm_reshape_topo=BUFFER
wm_rs4_in=4|RESHAPE|2|BUFFER,STACK|4|i32
wm_rs4_out=1|BUFFER|0||4|i32
wm_rs4_wmx=-1
wm_rs4_same=0
wm_rs4_topo=BUFFER
wm_rs41_in=5|RESHAPE|2|BUFFER,STACK|4x1|i32
wm_rs41_out=1|BUFFER|0||4|i32
wm_rs41_wmx=-1
wm_rs41_same=0
wm_rs41_topo=BUFFER
wm_store_in=2|STORE|2|BUFFER,BUFFER|4|void
wm_store_out=2|STORE|2|BUFFER,BUFFER|4|void
wm_store_wmx=-1
wm_store_same=1
wm_store_topo=BUFFER,STORE
== D: _mop_index ==
mi_rs22x2_nidx=2
mi_rs22x2_nrsh=2
mi_rs22x2_full=1
mi_rs22x2_prefix=1
mi_rs22x2_isrs=1
mi_rs22x2_in=4|RESHAPE|2|BUFFER,STACK|2x2|i32
mi_rs22x2_idxin=7|INDEX|3|RESHAPE,RANGE,RANGE||i32
mi_rs22x2_ret=7|INDEX|2|BUFFER,ADD||i32
mi_rs41x1_nidx=1
mi_rs41x1_nrsh=2
mi_rs41x1_full=0
mi_rs41x1_prefix=0
mi_rs41x1_isrs=1
mi_rs41x1_in=5|RESHAPE|2|BUFFER,STACK|4x1|i32
mi_rs41x1_idxin=7|INDEX|2|RESHAPE,RANGE|1|i32
mi_rs41x1_ret=None
mi_rs44x4_nidx=2
mi_rs44x4_nrsh=2
mi_rs44x4_full=1
mi_rs44x4_prefix=1
mi_rs44x4_isrs=1
mi_rs44x4_in=4|RESHAPE|2|BUFFER,STACK|4x4|i32
mi_rs44x4_idxin=7|INDEX|3|RESHAPE,RANGE,RANGE||i32
mi_rs44x4_ret=7|INDEX|2|BUFFER,ADD||i32
mi_pd44x4_nidx=2
mi_pd44x4_nrsh=2
mi_pd44x4_full=1
mi_pd44x4_prefix=2
mi_pd44x4_isrs=0
mi_pd44x4_in=7|PAD|3|RESHAPE,STACK,STACK|4x4|i32
mi_pd44x4_idxin=10|INDEX|3|PAD,RANGE,RANGE||i32
mi_pd44x4_ret=7|INDEX|3|RESHAPE,RANGE,RANGE||i32
mi_pd88x8_nidx=2
mi_pd88x8_nrsh=2
mi_pd88x8_full=1
mi_pd88x8_prefix=2
mi_pd88x8_isrs=0
mi_pd88x8_in=9|PAD|3|RESHAPE,STACK,STACK|8x8|i32
mi_pd88x8_idxin=12|INDEX|3|PAD,RANGE,RANGE||i32
mi_pd88x8_ret=20|INDEX|3|RESHAPE,WHERE,WHERE||i32
mi_pm44x4_nidx=2
mi_pm44x4_nrsh=2
mi_pm44x4_full=1
mi_pm44x4_prefix=2
mi_pm44x4_isrs=0
mi_pm44x4_in=5|PERMUTE|1|RESHAPE|2x2|i32
mi_pm44x4_idxin=8|INDEX|3|PERMUTE,RANGE,RANGE||i32
mi_pm44x4_ret=7|INDEX|3|RESHAPE,RANGE,RANGE||i32
mi_fl44x4_nidx=2
mi_fl44x4_nrsh=2
mi_fl44x4_full=1
mi_fl44x4_prefix=2
mi_fl44x4_isrs=0
mi_fl44x4_in=5|FLIP|1|RESHAPE|2x2|i32
mi_fl44x4_idxin=8|INDEX|3|FLIP,RANGE,RANGE||i32
mi_fl44x4_ret=11|INDEX|3|RESHAPE,ADD,RANGE||i32
mi_sh42x2_nidx=2
mi_sh42x2_nrsh=2
mi_sh42x2_full=1
mi_sh42x2_prefix=2
mi_sh42x2_isrs=0
mi_sh42x2_in=9|SHRINK|3|RESHAPE,STACK,STACK|4x2|i32
mi_sh42x2_idxin=12|INDEX|3|SHRINK,RANGE,RANGE||i32
mi_sh42x2_ret=8|INDEX|3|RESHAPE,RANGE,RANGE||i32
mi_ex44x8_nidx=2
mi_ex44x8_nrsh=4
mi_ex44x8_full=0
mi_ex44x8_prefix=0
mi_ex44x8_isrs=0
mi_ex44x8_in=7|EXPAND|2|RESHAPE,STACK|4x8x4x4|i32
mi_ex44x8_idxin=10|INDEX|3|EXPAND,RANGE,RANGE|4x4|i32
mi_ex44x8_ret=None
mi_px_221_1_nidx=1
mi_px_221_1_nrsh=3
mi_px_221_1_full=0
mi_px_221_1_prefix=-1
mi_px_221_1_isrs=1
mi_px_221_1_in=5|RESHAPE|2|BUFFER,STACK|2x2x1|i32
mi_px_221_1_idxin=7|INDEX|2|RESHAPE,RANGE|2x1|i32
mi_px_221_1_ret=None
mi_px_222_2_nidx=2
mi_px_222_2_nrsh=3
mi_px_222_2_full=0
mi_px_222_2_prefix=0
mi_px_222_2_isrs=1
mi_px_222_2_in=4|RESHAPE|2|BUFFER,STACK|2x2x2|i32
mi_px_222_2_idxin=7|INDEX|3|RESHAPE,RANGE,RANGE|2|i32
mi_px_222_2_ret=None
mi_px_222_0_nidx=1
mi_px_222_0_nrsh=3
mi_px_222_0_full=0
mi_px_222_0_prefix=-1
mi_px_222_0_isrs=1
mi_px_222_0_in=4|RESHAPE|2|BUFFER,STACK|2x2x2|i32
mi_px_222_0_idxin=7|INDEX|2|RESHAPE,RANGE|2x2|i32
mi_px_222_0_ret=None
mi_px_222_3_nidx=3
mi_px_222_3_nrsh=3
mi_px_222_3_full=1
mi_px_222_3_prefix=1
mi_px_222_3_isrs=1
mi_px_222_3_in=4|RESHAPE|2|BUFFER,STACK|2x2x2|i32
mi_px_222_3_idxin=8|INDEX|4|RESHAPE,RANGE,RANGE,RANGE||i32
mi_px_222_3_ret=11|INDEX|2|BUFFER,ADD||i32
mi_px_241_1_nidx=1
mi_px_241_1_nrsh=3
mi_px_241_1_full=0
mi_px_241_1_prefix=-1
mi_px_241_1_isrs=1
mi_px_241_1_in=6|RESHAPE|2|BUFFER,STACK|2x4x1|i32
mi_px_241_1_idxin=8|INDEX|2|RESHAPE,RANGE|4x1|i32
mi_px_241_1_ret=None
mi_px_241_2_nidx=2
mi_px_241_2_nrsh=3
mi_px_241_2_full=0
mi_px_241_2_prefix=0
mi_px_241_2_isrs=1
mi_px_241_2_in=6|RESHAPE|2|BUFFER,STACK|2x4x1|i32
mi_px_241_2_idxin=9|INDEX|3|RESHAPE,RANGE,RANGE|1|i32
mi_px_241_2_ret=None
mi_px_14_1_nidx=1
mi_px_14_1_nrsh=2
mi_px_14_1_full=0
mi_px_14_1_prefix=0
mi_px_14_1_isrs=1
mi_px_14_1_in=5|RESHAPE|2|BUFFER,STACK|1x4|i32
mi_px_14_1_idxin=8|INDEX|2|RESHAPE,RANGE|4|i32
mi_px_14_1_ret=1|BUFFER|0||4|i32
mi_px_11_1_nidx=1
mi_px_11_1_nrsh=3
mi_px_11_1_full=0
mi_px_11_1_prefix=-1
mi_px_11_1_isrs=1
mi_px_11_1_in=5|RESHAPE|2|BUFFER,STACK|1x1x4|i32
mi_px_11_1_idxin=8|INDEX|2|RESHAPE,RANGE|1x4|i32
mi_px_11_1_ret=None
mi_px_411_2_nidx=2
mi_px_411_2_nrsh=3
mi_px_411_2_full=0
mi_px_411_2_prefix=0
mi_px_411_2_isrs=1
mi_px_411_2_in=5|RESHAPE|2|BUFFER,STACK|4x1x1|i32
mi_px_411_2_idxin=9|INDEX|3|RESHAPE,RANGE,RANGE|1|i32
mi_px_411_2_ret=None
mi_nx_pd_nidx=2
mi_nx_pd_nrsh=2
mi_nx_pd_full=1
mi_nx_pd_prefix=2
mi_nx_pd_isrs=0
mi_nx_pd_in=9|PAD|3|RESHAPE,STACK,STACK|4x8|i32
mi_nx_pd_idxin=13|INDEX|3|PAD,RANGE,RANGE||i32
mi_nx_pd_ret=15|INDEX|3|RESHAPE,RANGE,WHERE||i32
mi_nx_pm_nidx=1
mi_nx_pm_nrsh=2
mi_nx_pm_full=0
mi_nx_pm_prefix=1
mi_nx_pm_isrs=0
mi_nx_pm_in=5|PERMUTE|1|RESHAPE|2x2|i32
mi_nx_pm_idxin=7|INDEX|2|PERMUTE,RANGE|2|i32
mi_nx_pm_ret=None
mi_nx_fl_nidx=1
mi_nx_fl_nrsh=2
mi_nx_fl_full=0
mi_nx_fl_prefix=1
mi_nx_fl_isrs=0
mi_nx_fl_in=5|FLIP|1|RESHAPE|2x2|i32
mi_nx_fl_idxin=7|INDEX|2|FLIP,RANGE|2|i32
mi_nx_fl_ret=None
mi_nx_sh_nidx=1
mi_nx_sh_nrsh=2
mi_nx_sh_full=0
mi_nx_sh_prefix=1
mi_nx_sh_isrs=0
mi_nx_sh_in=9|SHRINK|3|RESHAPE,STACK,STACK|4x2|i32
mi_nx_sh_idxin=11|INDEX|2|SHRINK,RANGE|2|i32
mi_nx_sh_ret=None
mi_nx_ex_nidx=1
mi_nx_ex_nrsh=4
mi_nx_ex_full=0
mi_nx_ex_prefix=-1
mi_nx_ex_isrs=0
mi_nx_ex_in=7|EXPAND|2|RESHAPE,STACK|4x8x4x4|i32
mi_nx_ex_idxin=10|INDEX|2|EXPAND,RANGE|8x4x4|i32
mi_nx_ex_ret=None
mi_zx_rs22_nidx=0
mi_zx_rs22_nrsh=2
mi_zx_rs22_full=0
mi_zx_rs22_prefix=-1
mi_zx_rs22_isrs=1
mi_zx_rs22_in=4|RESHAPE|2|BUFFER,STACK|2x2|i32
mi_zx_rs22_idxin=5|INDEX|1|RESHAPE|2x2|i32
mi_zx_rs22_ret=None
mi_zx_rs221_nidx=0
mi_zx_rs221_nrsh=3
mi_zx_rs221_full=0
mi_zx_rs221_prefix=-2
mi_zx_rs221_isrs=1
mi_zx_rs221_in=5|RESHAPE|2|BUFFER,STACK|2x2x1|i32
mi_zx_rs221_idxin=6|INDEX|1|RESHAPE|2x2x1|i32
mi_zx_rs221_ret=None
mi_zx_pd44_nidx=0
mi_zx_pd44_nrsh=2
mi_zx_pd44_full=0
mi_zx_pd44_prefix=0
mi_zx_pd44_isrs=0
mi_zx_pd44_in=7|PAD|3|RESHAPE,STACK,STACK|4x4|i32
mi_zx_pd44_idxin=8|INDEX|1|PAD|4x4|i32
mi_zx_pd44_ret=None
== E: store_hazard_boundary + fix_store_hazard ==
shb_buffer=1
shb_buffer_in=1|BUFFER|0||4|i32
shb_const=1
shb_const_in=2|CAST|1|CONST||i32
shb_copy=0
shb_copy_in=2|COPY|1|BUFFER|4|i32
shb_after_no_store=1
shb_after_no_store_in=4|AFTER|2|BUFFER,END|4|i32
shb_after_store_same=1
shb_after_store_same_in=6|AFTER|2|BUFFER,END|4|i32
shb_after_store_diff=1
shb_after_store_diff_in=7|AFTER|2|BUFFER,END|4|i32
shb_after_store_two=1
shb_after_store_two_in=9|AFTER|3|BUFFER,END,END|4|i32
shb_after_store_last=1
shb_after_store_last_in=9|AFTER|3|BUFFER,END,END|4|i32
shb_stage=0
shb_stage_in=2|STAGE|1|BUFFER|4|i32
shb_store=1
shb_store_in=4|STORE|2|BUFFER,CAST|4|void
fsh_nomatch_target=1|BUFFER|0||4|i32
fsh_nomatch_src=1|BUFFER|0||4|i32
fsh_nomatch_base_in=0
fsh_nomatch_ret=None
fsh_plain_target=1|BUFFER|0||4|i32
fsh_plain_src=2|CAST|1|CONST||i32
fsh_plain_base_in=0
fsh_plain_ret=None
fsh_selfstore_target=1|BUFFER|0||4|i32
fsh_selfstore_src=4|STORE|2|BUFFER,CAST|4|void
fsh_selfstore_base_in=1
fsh_selfstore_ret=None
fsh_perm_in_src_target=1|BUFFER|0||4|i32
fsh_perm_in_src_src=5|PERMUTE|1|RESHAPE|2x2|i32
fsh_perm_in_src_base_in=1
fsh_perm_in_src_ret=7|STORE|2|BUFFER,STAGE|4|void
fsh_flip_in_src_target=1|BUFFER|0||4|i32
fsh_flip_in_src_src=5|FLIP|1|RESHAPE|2x2|i32
fsh_flip_in_src_base_in=1
fsh_flip_in_src_ret=7|STORE|2|BUFFER,STAGE|4|void
fsh_pad_in_src_target=1|BUFFER|0||4|i32
fsh_pad_in_src_src=6|PAD|3|BUFFER,STACK,STACK|4|i32
fsh_pad_in_src_base_in=1
fsh_pad_in_src_ret=None
fsh_expand_in_src_target=1|BUFFER|0||4|i32
fsh_expand_in_src_src=4|EXPAND|2|BUFFER,STACK|4x4x4|i32
fsh_expand_in_src_base_in=1
fsh_expand_in_src_ret=None
fsh_shr_tgt_plain_target=6|SHRINK|3|BUFFER,STACK,STACK|2|i32
fsh_shr_tgt_plain_src=2|CAST|1|CONST||i32
fsh_shr_tgt_plain_base_in=0
fsh_shr_tgt_plain_ret=None
fsh_shr_tgt_shrsrc_target=6|SHRINK|3|BUFFER,STACK,STACK|2|i32
fsh_shr_tgt_shrsrc_src=6|SHRINK|3|BUFFER,STACK,STACK|2|i32
fsh_shr_tgt_shrsrc_base_in=1
fsh_shr_tgt_shrsrc_ret=None
fsh_perm_tgt_plain_target=2|PERMUTE|1|BUFFER|4|i32
fsh_perm_tgt_plain_src=2|CAST|1|CONST||i32
fsh_perm_tgt_plain_base_in=0
fsh_perm_tgt_plain_ret=None
fsh_big_target=1|BUFFER|0||8|i32
fsh_big_src=3|ADD|2|BUFFER,BUFFER|8|i32
fsh_big_base_in=1
fsh_big_ret=None
== F: found_after ==
fa_perm_nk=1
fa_perm_x=1|BUFFER|0||4|i32
fa_perm_a=9|RESHAPE|2|PERMUTE,CONST|4|i32
fa_perm_marg=1,0
fa_perm_argsort=1,0
fa_perm2_nk=1
fa_perm2_x=1|BUFFER|0||16|i32
fa_perm2_a=9|RESHAPE|2|PERMUTE,CONST|16|i32
fa_perm2_marg=1,0
fa_perm2_argsort=1,0
fa_perm3_nk=1
fa_perm3_x=1|BUFFER|0||16|i32
fa_perm3_a=13|RESHAPE|2|RESHAPE,CONST|16|i32
fa_perm3_marg=2,0,1
fa_perm3_argsort=1,2,0
fa_rs_nk=1
fa_rs_x=1|BUFFER|0||4|i32
fa_rs_a=3|AFTER|2|BUFFER,END|4|i32
fa_rs_marg=2,2
fa_rs_argsort=-
fa_rs3_nk=1
fa_rs3_x=1|BUFFER|0||8|i32
fa_rs3_a=8|RESHAPE|2|AFTER,CONST|8|i32
fa_rs3_marg=2,2,2
fa_rs3_argsort=-
fa_cast_half_nk=1
fa_cast_half_x=2|CAST|1|BUFFER|4|f16
fa_cast_half_a=3|AFTER|2|BUFFER,END|4|i32
fa_cast_half_marg=-
fa_cast_half_argsort=-
fa_cast_int_nk=1
fa_cast_int_x=2|CAST|1|BUFFER|4|i32
fa_cast_int_a=3|AFTER|2|BUFFER,END|4|i32
fa_cast_int_marg=-
fa_cast_int_argsort=-
fa_plain_nk=1
fa_plain_x=1|BUFFER|0||4|i32
fa_plain_a=3|AFTER|2|BUFFER,END|4|i32
fa_plain_marg=-
fa_plain_argsort=-
fa_where_nk=1
fa_where_x=1|BUFFER|0||16|i32
fa_where_a=8|RESHAPE|2|AFTER,CONST|16|i32
fa_where_marg=-
fa_where_argsort=-
fa_where_nopad_nk=1
fa_where_nopad_x=8|WHERE|3|CAST,RESHAPE,CONST|4x4|ERR
fa_where_nopad_a=6|AFTER|2|RESHAPE,END|4x4|i32
fa_where_nopad_marg=-
fa_where_nopad_argsort=-
fa_where_off_ret=RAISE:ValueError:invalid shrink ((1, 4), (1, 4)) for (4, 4)
fa_where_valid_nk=1
fa_where_valid_x=10|WHERE|3|CAST,PAD,RESHAPE|4x4|ERR
fa_where_valid_a=6|AFTER|2|RESHAPE,END|4x4|i32
fa_where_valid_marg=-
fa_where_valid_argsort=-
== G: split_reduceop ==
sr_ratio_small_red=2|REDUCE|1|BUFFER||i32
sr_ratio_small_x=4|RESHAPE|2|BUFFER,STACK|1024x1024|i32
sr_ratio_small_nax=1
sr_ratio_small_prodx=1048576
sr_ratio_small_prodred=1
sr_ratio_small_ratio=1048576
sr_ratio_small_thr=True
sr_ratio_small_ret=None
sr_full1_red=2|REDUCE|1|BUFFER||i32
sr_full1_x=1|BUFFER|0||1048576|i32
sr_full1_nax=1
sr_full1_prodx=1048576
sr_full1_prodred=1
sr_full1_ratio=1048576
sr_full1_thr=True
sr_full1_ret=None
sr_full2_red=2|REDUCE|1|BUFFER||i32
sr_full2_x=1|BUFFER|0||4194304|i32
sr_full2_nax=1
sr_full2_prodx=4194304
sr_full2_prodred=1
sr_full2_ratio=4194304
sr_full2_thr=True
sr_full2_ret=None
sr_q_red=5|REDUCE|1|RESHAPE|2048|i32
sr_q_x=4|RESHAPE|2|BUFFER,STACK|2048x2048|i32
sr_q_nax=1
sr_q_prodx=4194304
sr_q_prodred=2048
sr_q_ratio=2048
sr_q_thr=False
sr_q_ret=None
sr_q2_red=9|REDUCE|1|RESHAPE|2048|i32
sr_q2_x=8|RESHAPE|2|RESHAPE,STACK|64x32x2048|i32
sr_q2_nax=2
sr_q2_prodx=4194304
sr_q2_prodred=2048
sr_q2_ratio=2048
sr_q2_thr=False
sr_q2_ret=None
sr_t_red=8|REDUCE|1|RESHAPE|4x1048576|i32
sr_t_x=7|RESHAPE|2|RESHAPE,STACK|8x4x1048576|i32
sr_t_nax=1
sr_t_prodx=33554432
sr_t_prodred=4194304
sr_t_ratio=8
sr_t_thr=False
sr_t_ret=None
sr_t2_red=8|REDUCE|1|RESHAPE||i32
sr_t2_x=7|RESHAPE|2|RESHAPE,STACK|8x4x1048576|i32
sr_t2_nax=3
sr_t2_prodx=33554432
sr_t2_prodred=1
sr_t2_ratio=33554432
sr_t2_thr=True
sr_t2_ret=None
sr_q3_red=9|REDUCE|1|RESHAPE|32x2048|i32
sr_q3_x=8|RESHAPE|2|RESHAPE,STACK|64x32x2048|i32
sr_q3_nax=1
sr_q3_prodx=4194304
sr_q3_prodred=65536
sr_q3_ratio=64
sr_q3_thr=False
sr_q3_ret=None
sr_zero_red=2|REDUCE|1|BUFFER||i32
sr_zero_x=1|BUFFER|0||0|i32
sr_zero_nax=1
sr_zero_prodx=0
sr_zero_prodred=1
sr_zero_ratio=0
sr_zero_thr=False
sr_zero_ret=None
== H: resolve_function ==
rfn_notcall_in=1|BUFFER|0||4|i32
rfn_notcall_ret=None
rfn_inline0_in=7|CALL|2|SINK,BUFFER|ERR|void
rfn_inline0_ret=5|SINK|2|CAST,CAST|ERR|void
rfn_ok_in=7|CALL|2|SINK,BUFFER|ERR|void
rfn_ok_ret=5|SINK|1|STORE|ERR|void
rfn_ok3_in=12|CALL|3|SINK,BUFFER,BUFFER|ERR|void
rfn_ok3_ret=9|SINK|2|STORE,STORE|ERR|void
rfn_sizesmall_in=7|CALL|2|SINK,BUFFER|ERR|void
rfn_sizesmall_ret=TypeError: arg 0 shape mismatch: expected size 3, got (4,)
rfn_sizebig_in=7|CALL|2|SINK,BUFFER|ERR|void
rfn_sizebig_ret=TypeError: arg 0 shape mismatch: expected size 5, got (4,)
rfn_scalargiven_in=7|CALL|2|SINK,BUFFER|ERR|void
rfn_scalargiven_ret=TypeError: arg 0 shape mismatch: expected scalar, got (4,)
rfn_dtypemismatch_in=7|CALL|2|SINK,BUFFER|ERR|void
rfn_dtypemismatch_ret=TypeError: arg 0 dtype mismatch: expected dtypes.f32, got dtypes.i32
rfn_negslot_in=12|CALL|3|SINK,BUFFER,BUFFER|ERR|void
rfn_negslot_ret=9|SINK|2|STORE,STORE|ERR|void
rfn_missingarg_in=11|CALL|2|SINK,BUFFER|ERR|void
rfn_missingarg_ret=IndexError: tuple index out of range
rfn_precompiled_in=7|CALL|2|SINK,BUFFER|ERR|void
rfn_precompiled_ret=None
rfn_alloc_in=7|CALL|2|SINK,BUFFER|ERR|void
rfn_alloc_ret=5|SINK|1|STORE|ERR|void
rfn_moved_in=10|CALL|2|SINK,RESHAPE|ERR|void
rfn_moved_ret=10|SINK|1|STORE|ERR|void
== I: expand_bitcast ==
eb_same_in=2|BITCAST|1|BUFFER|16|i32
eb_same_ns=4
eb_same_os=4
eb_same_ret=None
eb_same_f_in=2|BITCAST|1|BUFFER|16|f32
eb_same_f_ns=4
eb_same_f_os=4
eb_same_f_ret=None
eb_i32f16_in=2|BITCAST|1|BUFFER|32|f16
eb_i32f16_ns=2
eb_i32f16_os=4
eb_i32f16_ret=12|BITCAST|1|CAST|32|f16
eb_i32f16_ret_topo=BUFFER,BITCAST,CONST,SHR,CONST,SHR,STACK,PERMUTE,CONST,RESHAPE,CAST,BITCAST
eb_f16i32_in=2|BITCAST|1|BUFFER|4|i32
eb_f16i32_ns=4
eb_f16i32_os=2
eb_f16i32_ret=21|BITCAST|1|RESHAPE|4|i32
eb_f16i32_ret_topo=BUFFER,BITCAST,CONST,CONST,STACK,RESHAPE,CONST,STACK,CONST,STACK,SHRINK,CAST,SHL,STACK,SHRINK,CAST,CONST,SHL,ADD,RESHAPE,BITCAST
eb_i8i32_in=2|BITCAST|1|BUFFER|1|i32
eb_i8i32_ns=4
eb_i8i32_os=1
eb_i8i32_ret=34|BITCAST|1|RESHAPE|1|i32
eb_i8i32_ret_topo=BUFFER,BITCAST,CONST,CONST,STACK,RESHAPE,CONST,STACK,STACK,SHRINK,CAST,SHL,STACK,SHRINK,CAST,CONST,SHL,ADD,CONST,STACK,SHRINK,CAST,CONST,SHL,ADD,CONST,STACK,SHRINK,CAST,CONST,SHL,ADD,RESHAPE,BITCAST
eb_i32i8_in=2|BITCAST|1|BUFFER|64|i8
eb_i32i8_ns=1
eb_i32i8_os=4
eb_i32i8_ret=16|BITCAST|1|CAST|64|i8
eb_i32i8_ret_topo=BUFFER,BITCAST,CONST,SHR,CONST,SHR,CONST,SHR,CONST,SHR,STACK,PERMUTE,CONST,RESHAPE,CAST,BITCAST
eb_f32f16_in=2|BITCAST|1|BUFFER|32|f16
eb_f32f16_ns=2
eb_f32f16_os=4
eb_f32f16_ret=12|BITCAST|1|CAST|32|f16
eb_f32f16_ret_topo=BUFFER,BITCAST,CONST,SHR,CONST,SHR,STACK,PERMUTE,CONST,RESHAPE,CAST,BITCAST
eb_i64i32_in=2|BITCAST|1|BUFFER|64|i32
eb_i64i32_ns=4
eb_i64i32_os=8
eb_i64i32_ret=12|BITCAST|1|CAST|64|i32
eb_i64i32_ret_topo=BUFFER,BITCAST,CONST,SHR,CONST,SHR,STACK,PERMUTE,CONST,RESHAPE,CAST,BITCAST
eb_i32i64_in=2|BITCAST|1|BUFFER|8|i64
eb_i32i64_ns=8
eb_i32i64_os=4
eb_i32i64_ret=21|BITCAST|1|RESHAPE|8|i64
eb_i32i64_ret_topo=BUFFER,BITCAST,CONST,CONST,STACK,RESHAPE,CONST,STACK,CONST,STACK,SHRINK,CAST,SHL,STACK,SHRINK,CAST,CONST,SHL,ADD,RESHAPE,BITCAST
eb_i16i32_in=2|BITCAST|1|BUFFER|4|i32
eb_i16i32_ns=4
eb_i16i32_os=2
eb_i16i32_ret=21|BITCAST|1|RESHAPE|4|i32
eb_i16i32_ret_topo=BUFFER,BITCAST,CONST,CONST,STACK,RESHAPE,CONST,STACK,CONST,STACK,SHRINK,CAST,SHL,STACK,SHRINK,CAST,CONST,SHL,ADD,RESHAPE,BITCAST
== J: anon store / cross device ==
cas_flat_x=1|BUFFER|0||4|i32
cas_flat_copy=2|COPY|1|BUFFER|4|i32
cas_flat_ret=4|AFTER|2|ALLOC,STORE|4|i32
cas_flat_ret_topo=ALLOC,BUFFER,STORE,AFTER
cas_moved_x=5|RESHAPE|2|BUFFER,STACK|2x4|i32
cas_moved_copy=6|COPY|1|RESHAPE|2x4|i32
cas_moved_ret=9|AFTER|2|RESHAPE,STORE|2x4|i32
cas_moved_ret_topo=ALLOC,CONST,CONST,STACK,RESHAPE,BUFFER,RESHAPE,STORE,AFTER
sas_flat_x=1|BUFFER|0||4|i32
sas_flat_stg=2|STAGE|1|BUFFER|4|i32
sas_flat_ret=4|AFTER|2|ALLOC,STORE|4|i32
sas_flat_ret_topo=ALLOC,BUFFER,STORE,AFTER
sas_moved_x=5|RESHAPE|2|BUFFER,STACK|2x4|i32
sas_moved_stg=2|STAGE|1|BUFFER|4|i32
sas_moved_ret=RAISE:ValueError:self.ndim=2 != len(arg)=1
mcd_same_dest=1|BUFFER|0||4|i32
mcd_same_src=1|BUFFER|0||4|i32
mcd_same_srcev=CPU
mcd_same_desteq=1
mcd_same_ret=None
mcd_cross_dest=1|BUFFER|0||4|i32
mcd_cross_src=1|BUFFER|0||4|i32
mcd_cross_srcev=GPU
mcd_cross_desteq=0
mcd_cross_ret=None
mcd_srcnone_dest=1|BUFFER|0||4|i32
mcd_srcnone_src=2|CAST|1|CONST||i32
mcd_srcnone_srcev=None
mcd_srcnone_desteq=0
mcd_srcnone_ret=None
mcd_crossm_dest=1|BUFFER|0||4|i32
mcd_crossm_src=5|RESHAPE|2|BUFFER,STACK|2x4|i32
mcd_crossm_srcev=GPU
mcd_crossm_desteq=0
mcd_crossm_ret=None
mcd_alu_cross_dest=1|BUFFER|0||4|i32
mcd_alu_cross_src=4|INDEX|2|PARAM,RANGE||i32
mcd_alu_cross_srcev=None
mcd_alu_cross_desteq=0
mcd_alu_cross_ret=None
mcd_alu_same_dest=1|BUFFER|0||4|i32
mcd_alu_same_src=4|INDEX|2|BUFFER,RANGE||i32
mcd_alu_same_srcev=CPU
mcd_alu_same_desteq=1
mcd_alu_same_ret=None
mcd_moved_cross_dest=1|BUFFER|0||4|i32
mcd_moved_cross_src=7|INDEX|2|RESHAPE,RANGE|4|i32
mcd_moved_cross_srcev=GPU
mcd_moved_cross_desteq=0
mcd_moved_cross_ret=10|STORE|2|BUFFER,STAGE|4|void
== K: forward_call_outputs ==
fco_empty_in=1|SINK|0||ERR|void
fco_empty_nin=0
fco_empty_ret=1|SINK|0||ERR|void
fco_empty_topo=SINK
fco_empty_nout=0
fco_empty_ids=
fco_empty_after=0
fco_empty_store=0
fco_const_in=3|SINK|1|CAST|ERR|void
fco_const_nin=1
fco_const_ret=3|SINK|1|CAST|ERR|void
fco_const_topo=CONST,CAST,SINK
fco_const_nout=1
fco_const_o0=CAST
fco_const_ids=0
fco_const_after=0
fco_const_store=0
fco_after_in=7|SINK|1|AFTER|ERR|void
fco_after_nin=1
fco_after_ret=7|SINK|1|AFTER|ERR|void
fco_after_topo=BUFFER,CONST,CAST,STORE,END,AFTER,SINK
fco_after_nout=1
fco_after_o0=AFTER
fco_after_ids=0
fco_after_after=1
fco_after_store=0
fco_after_k_in=4|SINK|1|AFTER|ERR|void
fco_after_k_nin=1
fco_after_k_ret=4|SINK|1|AFTER|ERR|void
fco_after_k_topo=BUFFER,END,AFTER,SINK
fco_after_k_nout=1
fco_after_k_o0=AFTER
fco_after_k_ids=0
fco_after_k_after=1
fco_after_k_store=0
fco_plain_store_in=4|SINK|1|STORE|ERR|void
fco_plain_store_nin=1
fco_plain_store_ret=2|SINK|1|BUFFER|ERR|void
fco_plain_store_topo=BUFFER,SINK
fco_plain_store_nout=1
fco_plain_store_o0=BUFFER
fco_plain_store_ids=0
fco_plain_store_after=0
fco_plain_store_store=0
fco_two_after_in=11|SINK|2|AFTER,AFTER|ERR|void
fco_two_after_nin=2
fco_two_after_ret=11|SINK|2|AFTER,AFTER|ERR|void
fco_two_after_topo=BUFFER,CONST,CAST,STORE,END,AFTER,BUFFER,STORE,END,AFTER,SINK
fco_two_after_nout=2
fco_two_after_o0=AFTER
fco_two_after_o1=AFTER
fco_two_after_ids=0,0
fco_two_after_after=2
fco_two_after_store=0
fco_after_store2_in=6|SINK|1|AFTER|ERR|void
fco_after_store2_nin=1
fco_after_store2_ret=6|SINK|1|AFTER|ERR|void
fco_after_store2_topo=BUFFER,CONST,CAST,STORE,AFTER,SINK
fco_after_store2_nout=1
fco_after_store2_o0=AFTER
fco_after_store2_ids=0
fco_after_store2_after=1
fco_after_store2_store=0
fco_stage_src_in=7|SINK|1|AFTER|ERR|void
fco_stage_src_nin=1
fco_stage_src_ret=7|SINK|1|AFTER|ERR|void
fco_stage_src_topo=BUFFER,BUFFER,STAGE,STORE,END,AFTER,SINK
fco_stage_src_nout=1
fco_stage_src_o0=AFTER
fco_stage_src_ids=0
fco_stage_src_after=1
fco_stage_src_store=0
fco_stage_and_buf_in=12|SINK|2|AFTER,AFTER|ERR|void
fco_stage_and_buf_nin=2
fco_stage_and_buf_ret=12|SINK|2|AFTER,AFTER|ERR|void
fco_stage_and_buf_topo=BUFFER,BUFFER,STAGE,STORE,END,AFTER,CONST,CAST,STORE,END,AFTER,SINK
fco_stage_and_buf_nout=2
fco_stage_and_buf_o0=AFTER
fco_stage_and_buf_o1=AFTER
fco_stage_and_buf_ids=0,0
fco_stage_and_buf_after=2
fco_stage_and_buf_store=0
fco_copy_src_in=7|SINK|1|AFTER|ERR|void
fco_copy_src_nin=1
fco_copy_src_ret=7|SINK|1|AFTER|ERR|void
fco_copy_src_topo=BUFFER,BUFFER,COPY,STORE,END,AFTER,SINK
fco_copy_src_nout=1
fco_copy_src_o0=AFTER
fco_copy_src_ids=0
fco_copy_src_after=1
fco_copy_src_store=0
fco_dup_base_in=11|SINK|2|AFTER,AFTER|ERR|void
fco_dup_base_nin=2
fco_dup_base_ret=11|SINK|2|AFTER,AFTER|ERR|void
fco_dup_base_topo=BUFFER,CONST,CAST,STORE,END,AFTER,BUFFER,STORE,END,AFTER,SINK
fco_dup_base_nout=2
fco_dup_base_o0=AFTER
fco_dup_base_o1=AFTER
fco_dup_base_ids=0,0
fco_dup_base_after=2
fco_dup_base_store=0
fco_mismatch_target_in=8|SINK|1|AFTER|ERR|void
fco_mismatch_target_nin=1
fco_mismatch_target_ret=8|SINK|1|AFTER|ERR|void
fco_mismatch_target_topo=BUFFER,BUFFER,CONST,CAST,STORE,END,AFTER,SINK
fco_mismatch_target_nout=1
fco_mismatch_target_o0=AFTER
fco_mismatch_target_ids=0
fco_mismatch_target_after=1
fco_mismatch_target_store=0
== L: prepare_rangeify ==
pr_store_in=5|SINK|1|STORE|ERR|void
pr_store_s0=6|SINK|1|AFTER|ERR|void
pr_store_s0_topo=BUFFER,BUFFER,ADD,STORE,AFTER,SINK
pr_store_s1=6|SINK|1|AFTER|ERR|void
pr_store_s1_topo=BUFFER,BUFFER,ADD,STORE,AFTER,SINK
pr_store_s2=6|SINK|1|AFTER|ERR|void
pr_store_s2_topo=BUFFER,BUFFER,ADD,STORE,AFTER,SINK
pr_store_s3=6|SINK|1|AFTER|ERR|void
pr_store_s3_topo=BUFFER,BUFFER,ADD,STORE,AFTER,SINK
pr_store_ret=6|SINK|1|AFTER|ERR|void
pr_store_ret_topo=BUFFER,BUFFER,ADD,STORE,AFTER,SINK
pr_after_in=7|SINK|1|AFTER|ERR|void
pr_after_s0=7|SINK|1|AFTER|ERR|void
pr_after_s0_topo=BUFFER,BUFFER,ADD,STORE,END,AFTER,SINK
pr_after_s1=7|SINK|1|AFTER|ERR|void
pr_after_s1_topo=BUFFER,BUFFER,ADD,STORE,END,AFTER,SINK
pr_after_s2=7|SINK|1|AFTER|ERR|void
pr_after_s2_topo=BUFFER,BUFFER,ADD,STORE,END,AFTER,SINK
pr_after_s3=7|SINK|1|AFTER|ERR|void
pr_after_s3_topo=BUFFER,BUFFER,ADD,STORE,END,AFTER,SINK
pr_after_ret=7|SINK|1|AFTER|ERR|void
pr_after_ret_topo=BUFFER,BUFFER,ADD,STORE,END,AFTER,SINK
pr_const_in=3|SINK|1|CAST|ERR|void
pr_const_s0=3|SINK|1|CAST|ERR|void
pr_const_s0_topo=CONST,CAST,SINK
pr_const_s1=3|SINK|1|CAST|ERR|void
pr_const_s1_topo=CONST,CAST,SINK
pr_const_s2=3|SINK|1|CAST|ERR|void
pr_const_s2_topo=CONST,CAST,SINK
pr_const_s3=3|SINK|1|CAST|ERR|void
pr_const_s3_topo=CONST,CAST,SINK
pr_const_ret=3|SINK|1|CAST|ERR|void
pr_const_ret_topo=CONST,CAST,SINK
pr_after2_in=10|SINK|2|AFTER,AFTER|ERR|void
pr_after2_s0=10|SINK|2|AFTER,AFTER|ERR|void
pr_after2_s0_topo=BUFFER,BUFFER,ADD,STORE,END,AFTER,STORE,END,AFTER,SINK
pr_after2_s1=10|SINK|2|AFTER,AFTER|ERR|void
pr_after2_s1_topo=BUFFER,BUFFER,ADD,STORE,END,AFTER,STORE,END,AFTER,SINK
pr_after2_s2=10|SINK|2|AFTER,AFTER|ERR|void
pr_after2_s2_topo=BUFFER,BUFFER,ADD,STORE,END,AFTER,STORE,END,AFTER,SINK
pr_after2_s3=10|SINK|2|AFTER,AFTER|ERR|void
pr_after2_s3_topo=BUFFER,BUFFER,ADD,STORE,END,AFTER,STORE,END,AFTER,SINK
pr_after2_ret=10|SINK|2|AFTER,AFTER|ERR|void
pr_after2_ret_topo=BUFFER,BUFFER,ADD,STORE,END,AFTER,STORE,END,AFTER,SINK
pr_copy_in=4|SINK|1|STORE|ERR|void
pr_copy_s0=2|SINK|1|BUFFER|ERR|void
pr_copy_s0_topo=BUFFER,SINK
pr_copy_s1=2|SINK|1|BUFFER|ERR|void
pr_copy_s1_topo=BUFFER,SINK
pr_copy_s2=2|SINK|1|BUFFER|ERR|void
pr_copy_s2_topo=BUFFER,SINK
pr_copy_s3=2|SINK|1|BUFFER|ERR|void
pr_copy_s3_topo=BUFFER,SINK
pr_copy_ret=2|SINK|1|BUFFER|ERR|void
pr_copy_ret_topo=BUFFER,SINK
pr_mov_in=7|SINK|1|STORE|ERR|void
pr_mov_s0=8|SINK|1|AFTER|ERR|void
pr_mov_s0_topo=BUFFER,BUFFER,CONST,STACK,RESHAPE,STORE,AFTER,SINK
pr_mov_s1=8|SINK|1|AFTER|ERR|void
pr_mov_s1_topo=BUFFER,BUFFER,CONST,STACK,RESHAPE,STORE,AFTER,SINK
pr_mov_s2=8|SINK|1|AFTER|ERR|void
pr_mov_s2_topo=BUFFER,BUFFER,CONST,STACK,RESHAPE,STORE,AFTER,SINK
pr_mov_s3=8|SINK|1|AFTER|ERR|void
pr_mov_s3_topo=BUFFER,BUFFER,CONST,STACK,RESHAPE,STORE,AFTER,SINK
pr_mov_ret=8|SINK|1|AFTER|ERR|void
pr_mov_ret_topo=BUFFER,BUFFER,CONST,STACK,RESHAPE,STORE,AFTER,SINK
pr_index_in=7|SINK|1|STORE|ERR|void
pr_index_s0=8|SINK|1|AFTER|ERR|void
pr_index_s0_topo=BUFFER,BUFFER,CONST,RANGE,INDEX,STORE,AFTER,SINK
pr_index_s1=8|SINK|1|AFTER|ERR|void
pr_index_s1_topo=BUFFER,BUFFER,CONST,RANGE,INDEX,STORE,AFTER,SINK
pr_index_s2=8|SINK|1|AFTER|ERR|void
pr_index_s2_topo=BUFFER,BUFFER,CONST,RANGE,INDEX,STORE,AFTER,SINK
pr_index_s3=8|SINK|1|AFTER|ERR|void
pr_index_s3_topo=BUFFER,BUFFER,CONST,RANGE,INDEX,STORE,AFTER,SINK
pr_index_ret=8|SINK|1|AFTER|ERR|void
pr_index_ret_topo=BUFFER,BUFFER,CONST,RANGE,INDEX,STORE,AFTER,SINK
pr_empty_in=1|SINK|0||ERR|void
pr_empty_s0=1|SINK|0||ERR|void
pr_empty_s0_topo=SINK
pr_empty_s1=1|SINK|0||ERR|void
pr_empty_s1_topo=SINK
pr_empty_s2=1|SINK|0||ERR|void
pr_empty_s2_topo=SINK
pr_empty_s3=1|SINK|0||ERR|void
pr_empty_s3_topo=SINK
pr_empty_ret=1|SINK|0||ERR|void
pr_empty_ret_topo=SINK
== M: per-rule firing ==
cl_fma_after=-
cl_fma_after_n=0
cl_fma_after_rw=None
cl_fma_after_mov=-
cl_fma_after_mov_n=0
cl_fma_after_mov_rw=None
cl_fma_after_sink=-
cl_fma_after_sink_n=0
cl_fma_after_sink_rw=None
cl_fma_allred=-
cl_fma_allred_n=0
cl_fma_allred_rw=None
cl_fma_alu=2
cl_fma_alu_n=1
cl_fma_alu_rw=None
cl_fma_bitcast=-
cl_fma_bitcast_n=0
cl_fma_bitcast_rw=None
cl_fma_bitstore=-
cl_fma_bitstore_n=0
cl_fma_bitstore_rw=None
cl_fma_buffer=-
cl_fma_buffer_n=0
cl_fma_buffer_rw=None
cl_fma_call=-
cl_fma_call_n=0
cl_fma_call_rw=None
cl_fma_const=-
cl_fma_const_n=0
cl_fma_const_rw=None
cl_fma_contigbwd=-
cl_fma_contigbwd_n=0
cl_fma_contigbwd_rw=None
cl_fma_copy=-
cl_fma_copy_n=0
cl_fma_copy_rw=None
cl_fma_copystore=-
cl_fma_copystore_n=0
cl_fma_copystore_rw=None
cl_fma_dedup=-
cl_fma_dedup_n=0
cl_fma_dedup_rw=None
cl_fma_detach=-
cl_fma_detach_n=0
cl_fma_detach_rw=None
cl_fma_hazard=-
cl_fma_hazard_n=0
cl_fma_hazard_rw=None
cl_fma_index=-
cl_fma_index_n=0
cl_fma_index_rw=None
cl_fma_index_after=-
cl_fma_index_after_n=0
cl_fma_index_after_rw=None
cl_fma_index_mov=-
cl_fma_index_mov_n=0
cl_fma_index_mov_rw=None
cl_fma_mop_after=-
cl_fma_mop_after_n=0
cl_fma_mop_after_rw=None
cl_fma_red0=-
cl_fma_red0_n=0
cl_fma_red0_rw=None
cl_fma_reduce=-
cl_fma_reduce_n=0
cl_fma_reduce_rw=None
cl_fma_rsstore=-
cl_fma_rsstore_n=0
cl_fma_rsstore_rw=None
cl_fma_sink=-
cl_fma_sink_n=0
cl_fma_sink_rw=None
cl_fma_sink_mov=-
cl_fma_sink_mov_n=0
cl_fma_sink_mov_rw=None
cl_fma_stage=-
cl_fma_stage_n=0
cl_fma_stage_rw=None
cl_fma_stage_buf=-
cl_fma_stage_buf_n=0
cl_fma_stage_buf_rw=None
cl_fma_stage_disk_x=-
cl_fma_stage_disk_x_n=0
cl_fma_stage_disk_x_rw=None
cl_fma_store=-
cl_fma_store_n=0
cl_fma_store_rw=None
cl_fma_store_after=-
cl_fma_store_after_n=0
cl_fma_store_after_rw=None
cl_fma_store_copy_src=-
cl_fma_store_copy_src_n=0
cl_fma_store_copy_src_rw=None
cl_fma_xstore=-
cl_fma_xstore_n=0
cl_fma_xstore_rw=None
cl_fma_zero=-
cl_fma_zero_n=0
cl_fma_zero_rw=None
cl_mop_after=-
cl_mop_after_n=0
cl_mop_after_rw=None
cl_mop_after_mov=1
cl_mop_after_mov_n=1
cl_mop_after_mov_rw=6|RESHAPE|2|AFTER,STACK|2x2|i32
cl_mop_after_sink=-
cl_mop_after_sink_n=0
cl_mop_after_sink_rw=None
cl_mop_allred=-
cl_mop_allred_n=0
cl_mop_allred_rw=None
cl_mop_alu=-
cl_mop_alu_n=0
cl_mop_alu_rw=None
cl_mop_bitcast=-
cl_mop_bitcast_n=0
cl_mop_bitcast_rw=None
cl_mop_bitstore=-
cl_mop_bitstore_n=0
cl_mop_bitstore_rw=None
cl_mop_buffer=-
cl_mop_buffer_n=0
cl_mop_buffer_rw=None
cl_mop_call=-
cl_mop_call_n=0
cl_mop_call_rw=None
cl_mop_const=-
cl_mop_const_n=0
cl_mop_const_rw=None
cl_mop_contigbwd=-
cl_mop_contigbwd_n=0
cl_mop_contigbwd_rw=None
cl_mop_copy=-
cl_mop_copy_n=0
cl_mop_copy_rw=None
cl_mop_copystore=-
cl_mop_copystore_n=0
cl_mop_copystore_rw=None
cl_mop_dedup=-
cl_mop_dedup_n=0
cl_mop_dedup_rw=None
cl_mop_detach=-
cl_mop_detach_n=0
cl_mop_detach_rw=None
cl_mop_hazard=-
cl_mop_hazard_n=0
cl_mop_hazard_rw=None
cl_mop_index=-
cl_mop_index_n=0
cl_mop_index_rw=None
cl_mop_index_after=-
cl_mop_index_after_n=0
cl_mop_index_after_rw=None
cl_mop_index_mov=0
cl_mop_index_mov_n=1
cl_mop_index_mov_rw=7|INDEX|2|BUFFER,ADD||i32
cl_mop_mop_after=-
cl_mop_mop_after_n=0
cl_mop_mop_after_rw=None
cl_mop_red0=-
cl_mop_red0_n=0
cl_mop_red0_rw=None
cl_mop_reduce=-
cl_mop_reduce_n=0
cl_mop_reduce_rw=None
cl_mop_rsstore=-
cl_mop_rsstore_n=0
cl_mop_rsstore_rw=None
cl_mop_sink=-
cl_mop_sink_n=0
cl_mop_sink_rw=None
cl_mop_sink_mov=-
cl_mop_sink_mov_n=0
cl_mop_sink_mov_rw=None
cl_mop_stage=-
cl_mop_stage_n=0
cl_mop_stage_rw=None
cl_mop_stage_buf=-
cl_mop_stage_buf_n=0
cl_mop_stage_buf_rw=None
cl_mop_stage_disk_x=-
cl_mop_stage_disk_x_n=0
cl_mop_stage_disk_x_rw=None
cl_mop_store=-
cl_mop_store_n=0
cl_mop_store_rw=None
cl_mop_store_after=-
cl_mop_store_after_n=0
cl_mop_store_after_rw=None
cl_mop_store_copy_src=-
cl_mop_store_copy_src_n=0
cl_mop_store_copy_src_rw=None
cl_mop_xstore=-
cl_mop_xstore_n=0
cl_mop_xstore_rw=None
cl_mop_zero=-
cl_mop_zero_n=0
cl_mop_zero_rw=None
cl_inl_after=-
cl_inl_after_n=0
cl_inl_after_rw=None
cl_inl_after_mov=-
cl_inl_after_mov_n=0
cl_inl_after_mov_rw=None
cl_inl_after_sink=1
cl_inl_after_sink_n=1
cl_inl_after_sink_rw=3|ADD|2|BUFFER,BUFFER|4|i32
cl_inl_allred=-
cl_inl_allred_n=0
cl_inl_allred_rw=None
cl_inl_alu=-
cl_inl_alu_n=0
cl_inl_alu_rw=None
cl_inl_bitcast=-
cl_inl_bitcast_n=0
cl_inl_bitcast_rw=None
cl_inl_bitstore=-
cl_inl_bitstore_n=0
cl_inl_bitstore_rw=None
cl_inl_buffer=-
cl_inl_buffer_n=0
cl_inl_buffer_rw=None
cl_inl_call=0
cl_inl_call_n=1
cl_inl_call_rw=5|SINK|1|STORE|ERR|void
cl_inl_const=-
cl_inl_const_n=0
cl_inl_const_rw=None
cl_inl_contigbwd=-
cl_inl_contigbwd_n=0
cl_inl_contigbwd_rw=None
cl_inl_copy=-
cl_inl_copy_n=0
cl_inl_copy_rw=None
cl_inl_copystore=-
cl_inl_copystore_n=0
cl_inl_copystore_rw=None
cl_inl_dedup=-
cl_inl_dedup_n=0
cl_inl_dedup_rw=None
cl_inl_detach=-
cl_inl_detach_n=0
cl_inl_detach_rw=None
cl_inl_hazard=-
cl_inl_hazard_n=0
cl_inl_hazard_rw=None
cl_inl_index=-
cl_inl_index_n=0
cl_inl_index_rw=None
cl_inl_index_after=-
cl_inl_index_after_n=0
cl_inl_index_after_rw=None
cl_inl_index_mov=-
cl_inl_index_mov_n=0
cl_inl_index_mov_rw=None
cl_inl_mop_after=-
cl_inl_mop_after_n=0
cl_inl_mop_after_rw=None
cl_inl_red0=-
cl_inl_red0_n=0
cl_inl_red0_rw=None
cl_inl_reduce=-
cl_inl_reduce_n=0
cl_inl_reduce_rw=None
cl_inl_rsstore=-
cl_inl_rsstore_n=0
cl_inl_rsstore_rw=None
cl_inl_sink=-
cl_inl_sink_n=0
cl_inl_sink_rw=None
cl_inl_sink_mov=-
cl_inl_sink_mov_n=0
cl_inl_sink_mov_rw=None
cl_inl_stage=-
cl_inl_stage_n=0
cl_inl_stage_rw=None
cl_inl_stage_buf=-
cl_inl_stage_buf_n=0
cl_inl_stage_buf_rw=None
cl_inl_stage_disk_x=-
cl_inl_stage_disk_x_n=0
cl_inl_stage_disk_x_rw=None
cl_inl_store=-
cl_inl_store_n=0
cl_inl_store_rw=None
cl_inl_store_after=-
cl_inl_store_after_n=0
cl_inl_store_after_rw=None
cl_inl_store_copy_src=-
cl_inl_store_copy_src_n=0
cl_inl_store_copy_src_rw=None
cl_inl_xstore=-
cl_inl_xstore_n=0
cl_inl_xstore_rw=None
cl_inl_zero=-
cl_inl_zero_n=0
cl_inl_zero_rw=None
cl_dsk_after=-
cl_dsk_after_n=0
cl_dsk_after_rw=None
cl_dsk_after_mov=-
cl_dsk_after_mov_n=0
cl_dsk_after_mov_rw=None
cl_dsk_after_sink=-
cl_dsk_after_sink_n=0
cl_dsk_after_sink_rw=None
cl_dsk_allred=-
cl_dsk_allred_n=0
cl_dsk_allred_rw=None
cl_dsk_alu=-
cl_dsk_alu_n=0
cl_dsk_alu_rw=None
cl_dsk_bitcast=-
cl_dsk_bitcast_n=0
cl_dsk_bitcast_rw=None
cl_dsk_bitstore=-
cl_dsk_bitstore_n=0
cl_dsk_bitstore_rw=None
cl_dsk_buffer=-
cl_dsk_buffer_n=0
cl_dsk_buffer_rw=None
cl_dsk_call=-
cl_dsk_call_n=0
cl_dsk_call_rw=None
cl_dsk_const=-
cl_dsk_const_n=0
cl_dsk_const_rw=None
cl_dsk_contigbwd=-
cl_dsk_contigbwd_n=0
cl_dsk_contigbwd_rw=None
cl_dsk_copy=-
cl_dsk_copy_n=0
cl_dsk_copy_rw=None
cl_dsk_copystore=-
cl_dsk_copystore_n=0
cl_dsk_copystore_rw=None
cl_dsk_dedup=-
cl_dsk_dedup_n=0
cl_dsk_dedup_rw=None
cl_dsk_detach=-
cl_dsk_detach_n=0
cl_dsk_detach_rw=None
cl_dsk_hazard=-
cl_dsk_hazard_n=0
cl_dsk_hazard_rw=None
cl_dsk_index=-
cl_dsk_index_n=0
cl_dsk_index_rw=None
cl_dsk_index_after=-
cl_dsk_index_after_n=0
cl_dsk_index_after_rw=None
cl_dsk_index_mov=-
cl_dsk_index_mov_n=0
cl_dsk_index_mov_rw=None
cl_dsk_mop_after=-
cl_dsk_mop_after_n=0
cl_dsk_mop_after_rw=None
cl_dsk_red0=-
cl_dsk_red0_n=0
cl_dsk_red0_rw=None
cl_dsk_reduce=-
cl_dsk_reduce_n=0
cl_dsk_reduce_rw=None
cl_dsk_rsstore=-
cl_dsk_rsstore_n=0
cl_dsk_rsstore_rw=None
cl_dsk_sink=-
cl_dsk_sink_n=0
cl_dsk_sink_rw=None
cl_dsk_sink_mov=-
cl_dsk_sink_mov_n=0
cl_dsk_sink_mov_rw=None
cl_dsk_stage=-
cl_dsk_stage_n=0
cl_dsk_stage_rw=None
cl_dsk_stage_buf=-
cl_dsk_stage_buf_n=0
cl_dsk_stage_buf_rw=None
cl_dsk_stage_disk_x=-
cl_dsk_stage_disk_x_n=0
cl_dsk_stage_disk_x_rw=None
cl_dsk_store=-
cl_dsk_store_n=0
cl_dsk_store_rw=None
cl_dsk_store_after=-
cl_dsk_store_after_n=0
cl_dsk_store_after_rw=None
cl_dsk_store_copy_src=-
cl_dsk_store_copy_src_n=0
cl_dsk_store_copy_src_rw=None
cl_dsk_xstore=-
cl_dsk_xstore_n=0
cl_dsk_xstore_rw=None
cl_dsk_zero=-
cl_dsk_zero_n=0
cl_dsk_zero_rw=None
cl_ear_after=26,28
cl_ear_after_n=2
cl_ear_after_rw=None
cl_ear_after_mov=26,28
cl_ear_after_mov_n=2
cl_ear_after_mov_rw=None
cl_ear_after_sink=26,28
cl_ear_after_sink_n=2
cl_ear_after_sink_rw=None
cl_ear_allred=9,26
cl_ear_allred_n=2
cl_ear_allred_rw=RAISE:AssertionError:allreduce must be on tuple CPU isn't
cl_ear_alu=26
cl_ear_alu_n=1
cl_ear_alu_rw=None
cl_ear_bitcast=24,26
cl_ear_bitcast_n=2
cl_ear_bitcast_rw=12|BITCAST|1|CAST|32|f16
cl_ear_bitstore=19,20,23,26
cl_ear_bitstore_n=4
cl_ear_bitstore_rw=3|STORE|2|BUFFER,BUFFER|4|void
cl_ear_buffer=26
cl_ear_buffer_n=1
cl_ear_buffer_rw=None
cl_ear_call=26
cl_ear_call_n=1
cl_ear_call_rw=None
cl_ear_const=26
cl_ear_const_n=1
cl_ear_const_rw=None
cl_ear_contigbwd=11,26
cl_ear_contigbwd_n=2
cl_ear_contigbwd_rw=1|BUFFER|0||4|i32
cl_ear_copy=13,15,26
cl_ear_copy_n=3
cl_ear_copy_rw=4|AFTER|2|ALLOC,STORE|4|i32
cl_ear_copystore=14,19,20,26
cl_ear_copystore_n=4
cl_ear_copystore_rw=5|STORE|2|BUFFER,STAGE|4|void
cl_ear_dedup=12,27
cl_ear_dedup_n=2
cl_ear_dedup_rw=None
cl_ear_detach=11,26
cl_ear_detach_n=2
cl_ear_detach_rw=1|BUFFER|0||4|i32
cl_ear_hazard=19,20,26
cl_ear_hazard_n=3
cl_ear_hazard_rw=4|STORE|2|BUFFER,STAGE|4|void
cl_ear_index=26
cl_ear_index_n=1
cl_ear_index_rw=None
cl_ear_index_after=26
cl_ear_index_after_n=1
cl_ear_index_after_rw=None
cl_ear_index_mov=26
cl_ear_index_mov_n=1
cl_ear_index_mov_rw=None
cl_ear_mop_after=2,26
cl_ear_mop_after_n=2
cl_ear_mop_after_rw=None
cl_ear_red0=10,25,26
cl_ear_red0_n=3
cl_ear_red0_rw=2|CAST|1|CONST||i32
cl_ear_reduce=10,25,26
cl_ear_reduce_n=3
cl_ear_reduce_rw=None
cl_ear_rsstore=18,19,20,26
cl_ear_rsstore_n=4
cl_ear_rsstore_rw=3|STORE|2|BUFFER,BUFFER|4|void
cl_ear_sink=12,27
cl_ear_sink_n=2
cl_ear_sink_rw=None
cl_ear_sink_mov=12,27
cl_ear_sink_mov_n=2
cl_ear_sink_mov_rw=3|SINK|2|BUFFER,BUFFER|ERR|void
cl_ear_stage=16,17,26
cl_ear_stage_n=3
cl_ear_stage_rw=1|BUFFER|0||4|i32
cl_ear_stage_buf=16,17,26
cl_ear_stage_buf_n=3
cl_ear_stage_buf_rw=1|BUFFER|0||4|i32
cl_ear_stage_disk_x=12,27
cl_ear_stage_disk_x_n=2
cl_ear_stage_disk_x_rw=None
cl_ear_store=19,20,26
cl_ear_store_n=3
cl_ear_store_rw=None
cl_ear_store_after=19,20,26
cl_ear_store_after_n=3
cl_ear_store_after_rw=None
cl_ear_store_copy_src=14,19,20,26
cl_ear_store_copy_src_n=4
cl_ear_store_copy_src_rw=5|STORE|2|BUFFER,STAGE|4|void
cl_ear_xstore=19,20,26
cl_ear_xstore_n=3
cl_ear_xstore_rw=None
cl_ear_zero=12,27
cl_ear_zero_n=2
cl_ear_zero_rw=None
cl_mcl_after=-
cl_mcl_after_n=0
cl_mcl_after_rw=None
cl_mcl_after_mov=-
cl_mcl_after_mov_n=0
cl_mcl_after_mov_rw=None
cl_mcl_after_sink=-
cl_mcl_after_sink_n=0
cl_mcl_after_sink_rw=None
cl_mcl_allred=-
cl_mcl_allred_n=0
cl_mcl_allred_rw=None
cl_mcl_alu=-
cl_mcl_alu_n=0
cl_mcl_alu_rw=None
cl_mcl_bitcast=-
cl_mcl_bitcast_n=0
cl_mcl_bitcast_rw=None
cl_mcl_bitstore=-
cl_mcl_bitstore_n=0
cl_mcl_bitstore_rw=None
cl_mcl_buffer=-
cl_mcl_buffer_n=0
cl_mcl_buffer_rw=None
cl_mcl_call=-
cl_mcl_call_n=0
cl_mcl_call_rw=None
cl_mcl_const=-
cl_mcl_const_n=0
cl_mcl_const_rw=None
cl_mcl_contigbwd=-
cl_mcl_contigbwd_n=0
cl_mcl_contigbwd_rw=None
cl_mcl_copy=-
cl_mcl_copy_n=0
cl_mcl_copy_rw=None
cl_mcl_copystore=-
cl_mcl_copystore_n=0
cl_mcl_copystore_rw=None
cl_mcl_dedup=-
cl_mcl_dedup_n=0
cl_mcl_dedup_rw=None
cl_mcl_detach=-
cl_mcl_detach_n=0
cl_mcl_detach_rw=None
cl_mcl_hazard=-
cl_mcl_hazard_n=0
cl_mcl_hazard_rw=None
cl_mcl_index=-
cl_mcl_index_n=0
cl_mcl_index_rw=None
cl_mcl_index_after=-
cl_mcl_index_after_n=0
cl_mcl_index_after_rw=None
cl_mcl_index_mov=-
cl_mcl_index_mov_n=0
cl_mcl_index_mov_rw=None
cl_mcl_mop_after=2
cl_mcl_mop_after_n=1
cl_mcl_mop_after_rw=None
cl_mcl_red0=-
cl_mcl_red0_n=0
cl_mcl_red0_rw=None
cl_mcl_reduce=-
cl_mcl_reduce_n=0
cl_mcl_reduce_rw=None
cl_mcl_rsstore=-
cl_mcl_rsstore_n=0
cl_mcl_rsstore_rw=None
cl_mcl_sink=-
cl_mcl_sink_n=0
cl_mcl_sink_rw=None
cl_mcl_sink_mov=-
cl_mcl_sink_mov_n=0
cl_mcl_sink_mov_rw=None
cl_mcl_stage=-
cl_mcl_stage_n=0
cl_mcl_stage_rw=None
cl_mcl_stage_buf=-
cl_mcl_stage_buf_n=0
cl_mcl_stage_buf_rw=None
cl_mcl_stage_disk_x=-
cl_mcl_stage_disk_x_n=0
cl_mcl_stage_disk_x_rw=None
cl_mcl_store=-
cl_mcl_store_n=0
cl_mcl_store_rw=None
cl_mcl_store_after=-
cl_mcl_store_after_n=0
cl_mcl_store_after_rw=None
cl_mcl_store_copy_src=-
cl_mcl_store_copy_src_n=0
cl_mcl_store_copy_src_rw=None
cl_mcl_xstore=-
cl_mcl_xstore_n=0
cl_mcl_xstore_rw=None
cl_mcl_zero=-
cl_mcl_zero_n=0
cl_mcl_zero_rw=None
== N: the split search, pure ==
srp_t_1m_in=nax=1 prodred=1 xs=1048576 exp=1
srp_t_1m_cap=256
srp_t_1m_n=0
srp_t_1m_all=-
srp_t_1m_cand=-
srp_t_1m_split=-
srp_t_1m_perm=-
srp_t_1m_dim=-
srp_t_1m_div=-
srp_t_cap_in=nax=1 prodred=16 xs=1048576 exp=1
srp_t_cap_cap=256
srp_t_cap_n=0
srp_t_cap_all=-
srp_t_cap_cand=-
srp_t_cap_split=-
srp_t_cap_perm=-
srp_t_cap_dim=-
srp_t_cap_div=-
srp_t_ne_in=nax=1 prodred=1 xs=1048576 exp=0
srp_t_ne_cap=256
srp_t_ne_n=6
srp_t_ne_all=0:256,0:128,0:64,0:32,0:16,0:8
srp_t_ne_cand=0:256
srp_t_ne_split=256x4096
srp_t_ne_perm=1,0
srp_t_ne_dim=0
srp_t_ne_div=256
srp_t_64_in=nax=2 prodred=1 xs=64x32 exp=0,0
srp_t_64_cap=256
srp_t_64_n=7
srp_t_64_all=0:64,0:32,0:16,0:8,1:32,1:16,1:8
srp_t_64_cand=0:64
srp_t_64_split=64x1x32
srp_t_64_perm=1,2,0
srp_t_64_dim=0
srp_t_64_div=64
srp_t_64e_in=nax=2 prodred=1 xs=64x32 exp=1,0
srp_t_64e_cap=256
srp_t_64e_n=3
srp_t_64e_all=1:32,1:16,1:8
srp_t_64e_cand=1:32
srp_t_64e_split=64x32x1
srp_t_64e_perm=0,2,1
srp_t_64e_dim=1
srp_t_64e_div=32
srp_t_64b_in=nax=2 prodred=1 xs=64x32 exp=0,1
srp_t_64b_cap=256
srp_t_64b_n=4
srp_t_64b_all=0:64,0:32,0:16,0:8
srp_t_64b_cand=0:64
srp_t_64b_split=64x1x32
srp_t_64b_perm=1,2,0
srp_t_64b_dim=0
srp_t_64b_div=64
srp_t_zero_in=nax=1 prodred=0 xs=1024 exp=1
srp_t_zero_cap=0
srp_t_zero_n=0
srp_t_zero_cand=-
srp_t_7_in=nax=1 prodred=1 xs=7 exp=1
srp_t_7_cap=256
srp_t_7_n=0
srp_t_7_all=-
srp_t_7_cand=-
srp_t_7_split=-
srp_t_7_perm=-
srp_t_7_dim=-
srp_t_7_div=-
srp_t_8_in=nax=1 prodred=1 xs=8 exp=1
srp_t_8_cap=256
srp_t_8_n=0
srp_t_8_all=-
srp_t_8_cand=-
srp_t_8_split=-
srp_t_8_perm=-
srp_t_8_dim=-
srp_t_8_div=-
srp_t_9_in=nax=1 prodred=1 xs=9 exp=1
srp_t_9_cap=256
srp_t_9_n=0
srp_t_9_all=-
srp_t_9_cand=-
srp_t_9_split=-
srp_t_9_perm=-
srp_t_9_dim=-
srp_t_9_div=-
srp_t_256_in=nax=1 prodred=1 xs=256 exp=1
srp_t_256_cap=256
srp_t_256_n=0
srp_t_256_all=-
srp_t_256_cand=-
srp_t_256_split=-
srp_t_256_perm=-
srp_t_256_dim=-
srp_t_256_div=-
srp_t_12_in=nax=1 prodred=1 xs=12 exp=1
srp_t_12_cap=256
srp_t_12_n=0
srp_t_12_all=-
srp_t_12_cand=-
srp_t_12_split=-
srp_t_12_perm=-
srp_t_12_dim=-
srp_t_12_div=-
srp_t_3d_in=nax=3 prodred=1 xs=8x4x1048576 exp=1,1,1
srp_t_3d_cap=256
srp_t_3d_n=0
srp_t_3d_all=-
srp_t_3d_cand=-
srp_t_3d_split=-
srp_t_3d_perm=-
srp_t_3d_dim=-
srp_t_3d_div=-
srp_t_3dm_in=nax=3 prodred=1 xs=8x4x1048576 exp=0,0,0
srp_t_3dm_cap=256
srp_t_3dm_n=7
srp_t_3dm_all=0:8,2:256,2:128,2:64,2:32,2:16,2:8
srp_t_3dm_cand=0:8
srp_t_3dm_split=8x1x4x1048576
srp_t_3dm_perm=1,2,3,0
srp_t_3dm_dim=0
srp_t_3dm_div=8
srp_t_2d_in=nax=2 prodred=4096 xs=2048x2048 exp=1,1
srp_t_2d_cap=256
srp_t_2d_n=0
srp_t_2d_all=-
srp_t_2d_cand=-
srp_t_2d_split=-
srp_t_2d_perm=-
srp_t_2d_dim=-
srp_t_2d_div=-
srp_t_big_in=nax=1 prodred=1 xs=67108864 exp=1
srp_t_big_cap=256
srp_t_big_n=0
srp_t_big_all=-
srp_t_big_cand=-
srp_t_big_split=-
srp_t_big_perm=-
srp_t_big_dim=-
srp_t_big_div=-
srp_L_1m_in=nax=1 prodred=1 xs=1048576 exp=1
srp_L_1m_cap=256
srp_L_1m_n=0
srp_L_1m_all=-
srp_L_1m_cand=-
srp_L_1m_split=-
srp_L_1m_perm=-
srp_L_1m_dim=-
srp_L_1m_div=-
srp_L_2d_in=nax=1 prodred=2048 xs=2048x2048 exp=1,1
srp_L_2d_cap=256
srp_L_2d_n=0
srp_L_2d_all=-
srp_L_2d_cand=-
srp_L_2d_split=-
srp_L_2d_perm=-
srp_L_2d_dim=-
srp_L_2d_div=-
srp_L_3d_in=nax=2 prodred=1048576 xs=8x4x1048576 exp=1,1,1
srp_L_3d_cap=4
srp_L_3d_n=0
srp_L_3d_all=-
srp_L_3d_cand=-
srp_L_3d_split=-
srp_L_3d_perm=-
srp_L_3d_dim=-
srp_L_3d_div=-
== O: expand_bitcast arithmetic, pure ==
ebp_4_4_16_0_in=ns=4 os=4 last=16 disk=0
ebp_4_4_16_0_same=1
ebp_4_4_16_0_disk=0
ebp_4_4_16_0_tag=NONE
ebp_4_4_4_0_in=ns=4 os=4 last=4 disk=0
ebp_4_4_4_0_same=1
ebp_4_4_4_0_disk=0
ebp_4_4_4_0_tag=NONE
ebp_4_4_3_0_in=ns=4 os=4 last=3 disk=0
ebp_4_4_3_0_same=1
ebp_4_4_3_0_disk=0
ebp_4_4_3_0_tag=NONE
ebp_4_4_16_1_in=ns=4 os=4 last=16 disk=1
ebp_4_4_16_1_same=1
ebp_4_4_16_1_disk=1
ebp_4_4_16_1_tag=NONE
ebp_2_4_16_0_in=ns=2 os=4 last=16 disk=0
ebp_2_4_16_0_same=0
ebp_2_4_16_0_disk=0
ebp_2_4_16_0_tag=DOWN
ebp_2_4_16_0_rate=2
ebp_2_4_16_0_nparts=2
ebp_2_4_16_0_lastdiv=8
ebp_2_4_16_0_resh=8x2
ebp_2_4_16_0_shstep=16
ebp_2_4_16_0_sh0=0
ebp_2_4_16_0_shlast=16
ebp_2_4_4_0_in=ns=2 os=4 last=4 disk=0
ebp_2_4_4_0_same=0
ebp_2_4_4_0_disk=0
ebp_2_4_4_0_tag=DOWN
ebp_2_4_4_0_rate=2
ebp_2_4_4_0_nparts=2
ebp_2_4_4_0_lastdiv=2
ebp_2_4_4_0_resh=2x2
ebp_2_4_4_0_shstep=16
ebp_2_4_4_0_sh0=0
ebp_2_4_4_0_shlast=16
ebp_2_4_3_0_in=ns=2 os=4 last=3 disk=0
ebp_2_4_3_0_same=0
ebp_2_4_3_0_disk=0
ebp_2_4_3_0_tag=DOWN
ebp_2_4_3_0_rate=2
ebp_2_4_3_0_nparts=2
ebp_2_4_3_0_lastdiv=1
ebp_2_4_3_0_resh=1x2
ebp_2_4_3_0_shstep=16
ebp_2_4_3_0_sh0=0
ebp_2_4_3_0_shlast=16
ebp_2_4_16_1_in=ns=2 os=4 last=16 disk=1
ebp_2_4_16_1_same=0
ebp_2_4_16_1_disk=1
ebp_2_4_16_1_tag=NONE
ebp_4_2_16_0_in=ns=4 os=2 last=16 disk=0
ebp_4_2_16_0_same=0
ebp_4_2_16_0_disk=0
ebp_4_2_16_0_tag=UP
ebp_4_2_16_0_rate=2
ebp_4_2_16_0_nparts=2
ebp_4_2_16_0_lastdiv=8
ebp_4_2_16_0_resh=8x2
ebp_4_2_16_0_shstep=16
ebp_4_2_16_0_sh0=0
ebp_4_2_16_0_shlast=16
ebp_4_2_4_0_in=ns=4 os=2 last=4 disk=0
ebp_4_2_4_0_same=0
ebp_4_2_4_0_disk=0
ebp_4_2_4_0_tag=UP
ebp_4_2_4_0_rate=2
ebp_4_2_4_0_nparts=2
ebp_4_2_4_0_lastdiv=2
ebp_4_2_4_0_resh=2x2
ebp_4_2_4_0_shstep=16
ebp_4_2_4_0_sh0=0
ebp_4_2_4_0_shlast=16
ebp_4_2_3_0_in=ns=4 os=2 last=3 disk=0
ebp_4_2_3_0_same=0
ebp_4_2_3_0_disk=0
ebp_4_2_3_0_tag=UP
ebp_4_2_3_0_rate=2
ebp_4_2_3_0_nparts=2
ebp_4_2_3_0_lastdiv=1
ebp_4_2_3_0_resh=1x2
ebp_4_2_3_0_shstep=16
ebp_4_2_3_0_sh0=0
ebp_4_2_3_0_shlast=16
ebp_4_2_16_1_in=ns=4 os=2 last=16 disk=1
ebp_4_2_16_1_same=0
ebp_4_2_16_1_disk=1
ebp_4_2_16_1_tag=NONE
ebp_1_4_16_0_in=ns=1 os=4 last=16 disk=0
ebp_1_4_16_0_same=0
ebp_1_4_16_0_disk=0
ebp_1_4_16_0_tag=DOWN
ebp_1_4_16_0_rate=4
ebp_1_4_16_0_nparts=4
ebp_1_4_16_0_lastdiv=4
ebp_1_4_16_0_resh=4x4
ebp_1_4_16_0_shstep=8
ebp_1_4_16_0_sh0=0
ebp_1_4_16_0_shlast=24
ebp_1_4_4_0_in=ns=1 os=4 last=4 disk=0
ebp_1_4_4_0_same=0
ebp_1_4_4_0_disk=0
ebp_1_4_4_0_tag=DOWN
ebp_1_4_4_0_rate=4
ebp_1_4_4_0_nparts=4
ebp_1_4_4_0_lastdiv=1
ebp_1_4_4_0_resh=1x4
ebp_1_4_4_0_shstep=8
ebp_1_4_4_0_sh0=0
ebp_1_4_4_0_shlast=24
ebp_1_4_3_0_in=ns=1 os=4 last=3 disk=0
ebp_1_4_3_0_same=0
ebp_1_4_3_0_disk=0
ebp_1_4_3_0_tag=DOWN
ebp_1_4_3_0_rate=4
ebp_1_4_3_0_nparts=4
ebp_1_4_3_0_lastdiv=0
ebp_1_4_3_0_resh=0x4
ebp_1_4_3_0_shstep=8
ebp_1_4_3_0_sh0=0
ebp_1_4_3_0_shlast=24
ebp_1_4_16_1_in=ns=1 os=4 last=16 disk=1
ebp_1_4_16_1_same=0
ebp_1_4_16_1_disk=1
ebp_1_4_16_1_tag=NONE
ebp_4_1_16_0_in=ns=4 os=1 last=16 disk=0
ebp_4_1_16_0_same=0
ebp_4_1_16_0_disk=0
ebp_4_1_16_0_tag=UP
ebp_4_1_16_0_rate=4
ebp_4_1_16_0_nparts=4
ebp_4_1_16_0_lastdiv=4
ebp_4_1_16_0_resh=4x4
ebp_4_1_16_0_shstep=8
ebp_4_1_16_0_sh0=0
ebp_4_1_16_0_shlast=24
ebp_4_1_4_0_in=ns=4 os=1 last=4 disk=0
ebp_4_1_4_0_same=0
ebp_4_1_4_0_disk=0
ebp_4_1_4_0_tag=UP
ebp_4_1_4_0_rate=4
ebp_4_1_4_0_nparts=4
ebp_4_1_4_0_lastdiv=1
ebp_4_1_4_0_resh=1x4
ebp_4_1_4_0_shstep=8
ebp_4_1_4_0_sh0=0
ebp_4_1_4_0_shlast=24
ebp_4_1_3_0_in=ns=4 os=1 last=3 disk=0
ebp_4_1_3_0_same=0
ebp_4_1_3_0_disk=0
ebp_4_1_3_0_tag=UP
ebp_4_1_3_0_rate=4
ebp_4_1_3_0_nparts=4
ebp_4_1_3_0_lastdiv=0
ebp_4_1_3_0_resh=0x4
ebp_4_1_3_0_shstep=8
ebp_4_1_3_0_sh0=0
ebp_4_1_3_0_shlast=24
ebp_4_1_16_1_in=ns=4 os=1 last=16 disk=1
ebp_4_1_16_1_same=0
ebp_4_1_16_1_disk=1
ebp_4_1_16_1_tag=NONE
ebp_8_4_16_0_in=ns=8 os=4 last=16 disk=0
ebp_8_4_16_0_same=0
ebp_8_4_16_0_disk=0
ebp_8_4_16_0_tag=UP
ebp_8_4_16_0_rate=2
ebp_8_4_16_0_nparts=2
ebp_8_4_16_0_lastdiv=8
ebp_8_4_16_0_resh=8x2
ebp_8_4_16_0_shstep=32
ebp_8_4_16_0_sh0=0
ebp_8_4_16_0_shlast=32
ebp_8_4_4_0_in=ns=8 os=4 last=4 disk=0
ebp_8_4_4_0_same=0
ebp_8_4_4_0_disk=0
ebp_8_4_4_0_tag=UP
ebp_8_4_4_0_rate=2
ebp_8_4_4_0_nparts=2
ebp_8_4_4_0_lastdiv=2
ebp_8_4_4_0_resh=2x2
ebp_8_4_4_0_shstep=32
ebp_8_4_4_0_sh0=0
ebp_8_4_4_0_shlast=32
ebp_8_4_3_0_in=ns=8 os=4 last=3 disk=0
ebp_8_4_3_0_same=0
ebp_8_4_3_0_disk=0
ebp_8_4_3_0_tag=UP
ebp_8_4_3_0_rate=2
ebp_8_4_3_0_nparts=2
ebp_8_4_3_0_lastdiv=1
ebp_8_4_3_0_resh=1x2
ebp_8_4_3_0_shstep=32
ebp_8_4_3_0_sh0=0
ebp_8_4_3_0_shlast=32
ebp_8_4_16_1_in=ns=8 os=4 last=16 disk=1
ebp_8_4_16_1_same=0
ebp_8_4_16_1_disk=1
ebp_8_4_16_1_tag=NONE
ebp_4_8_16_0_in=ns=4 os=8 last=16 disk=0
ebp_4_8_16_0_same=0
ebp_4_8_16_0_disk=0
ebp_4_8_16_0_tag=DOWN
ebp_4_8_16_0_rate=2
ebp_4_8_16_0_nparts=2
ebp_4_8_16_0_lastdiv=8
ebp_4_8_16_0_resh=8x2
ebp_4_8_16_0_shstep=32
ebp_4_8_16_0_sh0=0
ebp_4_8_16_0_shlast=32
ebp_4_8_4_0_in=ns=4 os=8 last=4 disk=0
ebp_4_8_4_0_same=0
ebp_4_8_4_0_disk=0
ebp_4_8_4_0_tag=DOWN
ebp_4_8_4_0_rate=2
ebp_4_8_4_0_nparts=2
ebp_4_8_4_0_lastdiv=2
ebp_4_8_4_0_resh=2x2
ebp_4_8_4_0_shstep=32
ebp_4_8_4_0_sh0=0
ebp_4_8_4_0_shlast=32
ebp_4_8_3_0_in=ns=4 os=8 last=3 disk=0
ebp_4_8_3_0_same=0
ebp_4_8_3_0_disk=0
ebp_4_8_3_0_tag=DOWN
ebp_4_8_3_0_rate=2
ebp_4_8_3_0_nparts=2
ebp_4_8_3_0_lastdiv=1
ebp_4_8_3_0_resh=1x2
ebp_4_8_3_0_shstep=32
ebp_4_8_3_0_sh0=0
ebp_4_8_3_0_shlast=32
ebp_4_8_16_1_in=ns=4 os=8 last=16 disk=1
ebp_4_8_16_1_same=0
ebp_4_8_16_1_disk=1
ebp_4_8_16_1_tag=NONE
ebp_2_1_16_0_in=ns=2 os=1 last=16 disk=0
ebp_2_1_16_0_same=0
ebp_2_1_16_0_disk=0
ebp_2_1_16_0_tag=UP
ebp_2_1_16_0_rate=2
ebp_2_1_16_0_nparts=2
ebp_2_1_16_0_lastdiv=8
ebp_2_1_16_0_resh=8x2
ebp_2_1_16_0_shstep=8
ebp_2_1_16_0_sh0=0
ebp_2_1_16_0_shlast=8
ebp_2_1_4_0_in=ns=2 os=1 last=4 disk=0
ebp_2_1_4_0_same=0
ebp_2_1_4_0_disk=0
ebp_2_1_4_0_tag=UP
ebp_2_1_4_0_rate=2
ebp_2_1_4_0_nparts=2
ebp_2_1_4_0_lastdiv=2
ebp_2_1_4_0_resh=2x2
ebp_2_1_4_0_shstep=8
ebp_2_1_4_0_sh0=0
ebp_2_1_4_0_shlast=8
ebp_2_1_3_0_in=ns=2 os=1 last=3 disk=0
ebp_2_1_3_0_same=0
ebp_2_1_3_0_disk=0
ebp_2_1_3_0_tag=UP
ebp_2_1_3_0_rate=2
ebp_2_1_3_0_nparts=2
ebp_2_1_3_0_lastdiv=1
ebp_2_1_3_0_resh=1x2
ebp_2_1_3_0_shstep=8
ebp_2_1_3_0_sh0=0
ebp_2_1_3_0_shlast=8
ebp_2_1_16_1_in=ns=2 os=1 last=16 disk=1
ebp_2_1_16_1_same=0
ebp_2_1_16_1_disk=1
ebp_2_1_16_1_tag=NONE
ebp_1_2_16_0_in=ns=1 os=2 last=16 disk=0
ebp_1_2_16_0_same=0
ebp_1_2_16_0_disk=0
ebp_1_2_16_0_tag=DOWN
ebp_1_2_16_0_rate=2
ebp_1_2_16_0_nparts=2
ebp_1_2_16_0_lastdiv=8
ebp_1_2_16_0_resh=8x2
ebp_1_2_16_0_shstep=8
ebp_1_2_16_0_sh0=0
ebp_1_2_16_0_shlast=8
ebp_1_2_4_0_in=ns=1 os=2 last=4 disk=0
ebp_1_2_4_0_same=0
ebp_1_2_4_0_disk=0
ebp_1_2_4_0_tag=DOWN
ebp_1_2_4_0_rate=2
ebp_1_2_4_0_nparts=2
ebp_1_2_4_0_lastdiv=2
ebp_1_2_4_0_resh=2x2
ebp_1_2_4_0_shstep=8
ebp_1_2_4_0_sh0=0
ebp_1_2_4_0_shlast=8
ebp_1_2_3_0_in=ns=1 os=2 last=3 disk=0
ebp_1_2_3_0_same=0
ebp_1_2_3_0_disk=0
ebp_1_2_3_0_tag=DOWN
ebp_1_2_3_0_rate=2
ebp_1_2_3_0_nparts=2
ebp_1_2_3_0_lastdiv=1
ebp_1_2_3_0_resh=1x2
ebp_1_2_3_0_shstep=8
ebp_1_2_3_0_sh0=0
ebp_1_2_3_0_shlast=8
ebp_1_2_16_1_in=ns=1 os=2 last=16 disk=1
ebp_1_2_16_1_same=0
ebp_1_2_16_1_disk=1
ebp_1_2_16_1_tag=NONE
ebp_8_8_16_0_in=ns=8 os=8 last=16 disk=0
ebp_8_8_16_0_same=1
ebp_8_8_16_0_disk=0
ebp_8_8_16_0_tag=NONE
ebp_8_8_4_0_in=ns=8 os=8 last=4 disk=0
ebp_8_8_4_0_same=1
ebp_8_8_4_0_disk=0
ebp_8_8_4_0_tag=NONE
ebp_8_8_3_0_in=ns=8 os=8 last=3 disk=0
ebp_8_8_3_0_same=1
ebp_8_8_3_0_disk=0
ebp_8_8_3_0_tag=NONE
ebp_8_8_16_1_in=ns=8 os=8 last=16 disk=1
ebp_8_8_16_1_same=1
ebp_8_8_16_1_disk=1
ebp_8_8_16_1_tag=NONE
