ru_answer_c0=1
fr_len=1
ru_len=1
fr_off_reduce=1
fr_off_end=1
fr_off_call=1
fr_off_linear=0
fr_red=1
fr_grow_same=0
fr_grow_moves=1
fr_en2_shape=2
fr_dedup=1
fr_unclaimed=1
ru_rop_add=1
ru_rop_max=1
ru_rop_pow=0
ru_ranges=1
ru_wall=1
ru_range_yes=1
ru_part_p=0
ru_part_n=2
ru_answer_rd1=MUL
ru_bnd=4
sr_len=4
xr_len=2
rc_len=7
rc_composite=130
symbolic_len=123
lc_len=2
is_len=2
im_len=2
dv_len=2
dv_tops=RANGE;END
gd_pinname=pm_add_gpudims:3
gd_headname=pm_group_gpudims:ABSENT
gd_tops=SINK;RANGE;END
gd_ownlen=1
rs_len=pm_range_to_special:ABSENT
rs_tops=ABSENT
rs_ownlen=!ABSENT
se_len=-1
se_tops=ABSENT
rs_global=!ABSENT
rs_local=!ABSENT
rs_loop=!ABSENT
rs_warp=!ABSENT
rs_device=!ABSENT
rs_global_2id=!ABSENT
rs_claim_global=!ABSENT
rs_claim_local=!ABSENT
rs_claim_warp=!ABSENT
rs_claim_loop=!ABSENT
rs_claim_device=!ABSENT
rs_at_global=1
rs_at_local=1
rs_at_warp=1
rs_at_loop=1
rs_idlast_global=0
rs_name_global=gidx0
rs_name_warp=lidx2
