ru_answer_c0=1
fr_len=1
ru_len=1
fr_off_reduce=1
fr_off_end=1
fr_off_call=1
fr_off_linear=0
fr_red=1
fr_grow_same=0
fr_grow_moves=1
fr_en2_shape=2
fr_dedup=1
fr_unclaimed=1
ru_rop_add=1
ru_rop_max=1
ru_rop_pow=0
ru_ranges=1
ru_wall=1
ru_range_yes=1
ru_part_p=0
ru_part_n=2
ru_answer_rd1=MUL
ru_bnd=4
sr_len=4
xr_len=2
rc_len=7
rc_composite=130
lc_len=2
is_len=2
im_len=2
dv_len=2
gd_len=3
rs_len=!pm_range_to_special:ABSENT
se_len=0
rs_ownlen=!TypeError: unsupported operand type(s) for -: 'str' and 'int'
rs_claim_global=0
rs_claim_local=0
rs_claim_warp=0
rs_claim_loop=0
rs_rewrite_global=0
rs_rewrite_local=0
rs_rewrite_warp=0
rs_rewrite_loop=0
rs_op_global=NONE
rs_op_warp=NONE
rs_arg_global=NONE
rs_arg_local=NONE
rs_name_global=gidxAxisType.GLOBAL
rs_name_warp=lidxAxisType.WARP
rs_idlast_global=AxisType.GLOBAL
rs_idlast_two=0
rs_rewrite_const=0
rs_tag_kept=None
rs_tag_plain=None
