msg_names_pos=[0, 1]
msg_names_kw=['a', 'b']
msg_names_mismatch=args mismatch in JIT: self.captured.expected_names=[0, 1] != ['x', 'y']
order_names_first=args mismatch in JIT: self.captured.expected_names=[0, 1] != ['x', 'y']
msg_execs_n=none
execs9_oracle=none
msg_group1=JIT 1 call
msg_group2=JIT 2 calls
info_repr_view_oracle=[(UOp(Ops.RESHAPE, arg=None, src=(
  UOp(Ops.NOOP, arg=None, src=()),
  UOp(Ops.STACK, arg=None, src=(
    UOp(Ops.CONST, arg=2, src=()),
    UOp(Ops.CONST, arg=3, src=()),)),)), (), dtypes.f32, 'NULL')]
dt_repr_f32=dtypes.f32
dt_repr_i32=dtypes.i32
dt_repr_h=dtypes.f16
prep_dup_same=duplicate inputs to JIT
prep_pair_names=[]
prep_pair_tensors=1
trace_on=[(1, False), (2, True), (3, True), (4, True), (5, True)]
after_reset=(0, False)
trace_off=[(1, False), (2, False), (3, False), (4, False), (5, False)]
capture_zero=didn't JIT anything!
capture_nontensor=JIT return contains non-Tensor value of type int
ret_deep=JIT return contains non-Tensor value of type float
ret_first_wins=JIT return contains non-Tensor value of type int
msg_nested=having TinyJit inside another TinyJit is not supported len(capturing)=1 capturing=[
msg_nested_tail_is_an_address=<tinygrad.engi
ref_shape_4elem=(3,)
ref_shape_1elem=(3,)
ts_shape_msg=train_step was captured with 1568/2 and called with 1568/3
