#rebase_inner=ops-oracle.py  inner_rows=85 bend_only_families=41 filtered=23 kept=62
axc_DEVICE=green
axc_GLOBAL=blue
axc_LOCAL=cyan
axc_LOOP=WHITE
axc_PLACEHOLDER=!KeyError
axc_UPCAST=yellow
axc_WARP=CYAN
axc_WEAK=WHITE
axid_dev3=(0,)/len=1
axid_loop1=(0,)/len=1
axid_loopfn=(7,)/len=1
axid_twoid=(AxisType.LOOP,0)/len=2
axid_weak1=(0,)/len=1
axl_DEVICE=d
axl_GLOBAL=g
axl_LOCAL=l
axl_LOOP=L
axl_PLACEHOLDER=!KeyError
axl_UPCAST=u
axl_WARP=w
axl_WEAK=L
axlt_gt=!TypeError
axlt_lt=!TypeError
axlt_revsorted=!TypeError
axlt_sorted=!TypeError
axn_DEVICE=DEVICE
axn_GLOBAL=GLOBAL
axn_LOCAL=LOCAL
axn_LOOP=LOOP
axn_PLACEHOLDER=PLACEHOLDER
axn_UPCAST=UPCAST
axn_WARP=WARP
axn_WEAK=WEAK
axs_CALL=1
axs_END=1
axs_LINEAR=0
axs_NOOP=!KeyError
axs_REDUCE=1
axs_STAGE=1
axt_dev3=DEVICE
axt_loop1=LOOP
axt_loopfn=WEAK
axt_twoid=int:1
axt_weak1=WEAK
axv_DEVICE=1
axv_GLOBAL=2
axv_LOCAL=4
axv_LOOP=10
axv_PLACEHOLDER=9
axv_UPCAST=7
axv_WARP=3
axv_WEAK=5
eqax_collide=0
eqax_diag=10
mstack0=2 Ops.RANGE/1 Ops.CONST
mstack1=4 Ops.MSTACK/2 Ops.RANGE Ops.CONST
mstack2=5 Ops.MSTACK/3 Ops.RANGE Ops.CONST Ops.CONST
rng_dev3=2 Ops.RANGE/1 Ops.CONST
rng_loop1=2 Ops.RANGE/1 Ops.CONST
rng_loopfn=2 Ops.RANGE/1 Ops.NOOP
rng_twoid=2 Ops.RANGE/1 Ops.CONST
rng_weak1=2 Ops.RANGE/1 Ops.CONST
