tn_const5=1 CONST/0 
tn_constT=1 CONST/0 
tn_alu2=3 CONST/0 CONST/0 ADD/2 
tn_alu3=4 CONST/0 CONST/0 CONST/0 MUL/3 
tn_alu_ord=3 BUFFER/0 CONST/0 ADD/2 
tn_alu_det=2 CONST/0 DETACH/1 
tn_mop_resh=4 BUFFER/0 CONST/0 STACK/2 RESHAPE/2 
tn_mop_exp0=1 BUFFER/0 
tn_mop_exp=3 BUFFER/0 CONST/0 EXPAND/2 
tn_mop_pad=6 BUFFER/0 CONST/0 STACK/2 CONST/0 STACK/2 PAD/3 
tn_mop_shr=4 BUFFER/0 CONST/0 CONST/0 SHRINK/3 
tn_mop_flip=2 BUFFER/0 FLIP/1 
tn_mop_perm0=2 BUFFER/0 PERMUTE/1 
tn_rop0=2 BUFFER/0 REDUCE/1 
tn_ropmax=2 BUFFER/0 REDUCE/1 
tn_rop_none=1 BUFFER/0 
tn_rop_arg=ADD/1
tn_sink1=2 CONST/0 SINK/1 
tn_sink2=3 CONST/0 CONST/0 SINK/2 
tn_rop_gap=True
tn_assign=4 BUFFER/0 BUFFER/0 STORE/2 AFTER/2 
tn_repr5=<Tensor <UOp None () weakint> on None with grad None>
tn_reprT=<Tensor <UOp None () bool> on None with grad None>
tn_len0=True
tn_len3=True
tn_param=True
tn_hash=True
tn_replace=True
tn_replace_bad=False
tn_needgrad=2
